../Core/Src/main.c:164:5:main	8	static
../Core/Src/main.c:263:6:SystemClock_Config	88	static
../Core/Src/main.c:305:13:MX_I2C1_Init	8	static
../Core/Src/main.c:339:13:MX_TIM1_Init	96	static
../Core/Src/main.c:413:13:MX_TIM2_Init	56	static
../Core/Src/main.c:462:13:MX_TIM3_Init	56	static
../Core/Src/main.c:511:13:MX_TIM8_Init	96	static
../Core/Src/main.c:589:13:MX_USART3_UART_Init	8	static
../Core/Src/main.c:622:13:MX_GPIO_Init	48	static
../Core/Src/main.c:663:6:HAL_UART_RxCpltCallback	16	static
../Core/Src/main.c:685:6:reset_motorVal	4	static
../Core/Src/main.c:702:6:StartDefaultTask	16	static
../Core/Src/main.c:731:6:motor	112	static
../Core/Src/main.c:864:6:showoled	40	static
../Core/Src/main.c:886:6:encoder_task	56	static
../Core/Src/main.c:956:6:gyro_task	40	static
../Core/Src/main.c:996:6:Error_Handler	4	static,ignoring_inline_asm
../Core/Src/main.c:1013:6:enqueue	24	static
../Core/Src/main.c:1030:5:dequeue	24	static
../Core/Src/main.c:1047:6:getFront	24	static
../Core/Src/main.c:1055:5:isEmptyQueue	24	static
../Core/Src/main.c:1061:6:deleteQueue	16	static
