../Core/Src/main.c:118:5:main	8	static
../Core/Src/main.c:213:6:SystemClock_Config	88	static
../Core/Src/main.c:253:13:MX_TIM1_Init	96	static
../Core/Src/main.c:327:13:MX_TIM2_Init	56	static
../Core/Src/main.c:376:13:MX_TIM3_Init	56	static
../Core/Src/main.c:425:13:MX_TIM8_Init	96	static
../Core/Src/main.c:503:13:MX_USART3_UART_Init	8	static
../Core/Src/main.c:536:13:MX_GPIO_Init	48	static
../Core/Src/main.c:577:6:HAL_UART_RxCpltCallback	72	static
../Core/Src/main.c:598:6:reset_motorVal	4	static
../Core/Src/main.c:615:6:StartDefaultTask	16	static
../Core/Src/main.c:644:6:motor	56	static
../Core/Src/main.c:756:6:showoled	40	static
../Core/Src/main.c:778:6:encoder_task	64	static
../Core/Src/main.c:842:6:Error_Handler	4	static,ignoring_inline_asm
