../Core/Src/main.c:131:6:usDelay	16	static
../Core/Src/main.c:171:6:HAL_TIM_IC_CaptureCallback	16	static
../Core/Src/main.c:209:6:HCSR04_Read	8	static
../Core/Src/main.c:223:5:main	8	static
../Core/Src/main.c:321:6:SystemClock_Config	88	static
../Core/Src/main.c:363:13:MX_I2C1_Init	8	static
../Core/Src/main.c:397:13:MX_TIM1_Init	96	static
../Core/Src/main.c:471:13:MX_TIM2_Init	56	static
../Core/Src/main.c:520:13:MX_TIM3_Init	56	static
../Core/Src/main.c:569:13:MX_TIM5_Init	32	static
../Core/Src/main.c:617:13:MX_TIM8_Init	96	static
../Core/Src/main.c:695:13:MX_USART3_UART_Init	8	static
../Core/Src/main.c:728:13:MX_GPIO_Init	48	static
../Core/Src/main.c:790:6:HAL_UART_RxCpltCallback	16	static
../Core/Src/main.c:803:6:EXTI9_5_IRQHandler	8	static
../Core/Src/main.c:808:6:HAL_GPIO_EXTI_Callback	16	static
../Core/Src/main.c:822:6:reset_motorVal	4	static
../Core/Src/main.c:831:6:enqueue	24	static
../Core/Src/main.c:848:5:dequeue	24	static
../Core/Src/main.c:865:6:getFront	24	static
../Core/Src/main.c:873:5:isEmptyQueue	24	static
../Core/Src/main.c:879:6:deleteQueue	16	static
../Core/Src/main.c:894:6:StartDefaultTask	16	static
../Core/Src/main.c:926:6:motor	120	static
../Core/Src/main.c:1598:6:encoder_task	56	static
../Core/Src/main.c:1674:6:gyro_task	40	static
../Core/Src/main.c:1707:6:Error_Handler	4	static,ignoring_inline_asm
