main.c:109:5:main	8	static
main.c:204:6:SystemClock_Config	88	static
main.c:244:13:MX_TIM1_Init	96	static
main.c:318:13:MX_TIM2_Init	56	static
main.c:367:13:MX_TIM3_Init	56	static
main.c:416:13:MX_TIM8_Init	96	static
main.c:494:13:MX_USART3_UART_Init	8	static
main.c:527:13:MX_GPIO_Init	48	static
main.c:563:6:HAL_UART_RxCpltCallback	16	static
main.c:579:6:StartDefaultTask	24	static
main.c:604:6:motor	56	static
main.c:736:6:showoled	40	static
main.c:758:6:encoder_task	56	static
main.c:811:6:Error_Handler	4	static,ignoring_inline_asm
