../Core/Src/main.c:159:5:main	8	static
../Core/Src/main.c:255:6:SystemClock_Config	88	static
../Core/Src/main.c:297:13:MX_I2C1_Init	8	static
../Core/Src/main.c:331:13:MX_TIM1_Init	96	static
../Core/Src/main.c:405:13:MX_TIM2_Init	56	static
../Core/Src/main.c:454:13:MX_TIM3_Init	56	static
../Core/Src/main.c:503:13:MX_TIM8_Init	96	static
../Core/Src/main.c:581:13:MX_USART3_UART_Init	8	static
../Core/Src/main.c:614:13:MX_GPIO_Init	48	static
../Core/Src/main.c:655:6:HAL_UART_RxCpltCallback	16	static
../Core/Src/main.c:677:6:reset_motorVal	4	static
../Core/Src/main.c:686:6:enqueue	24	static
../Core/Src/main.c:703:5:dequeue	24	static
../Core/Src/main.c:720:6:getFront	24	static
../Core/Src/main.c:728:5:isEmptyQueue	24	static
../Core/Src/main.c:734:6:deleteQueue	16	static
../Core/Src/main.c:749:6:StartDefaultTask	16	static
../Core/Src/main.c:781:6:motor	96	static
../Core/Src/main.c:1127:6:encoder_task	56	static
../Core/Src/main.c:1202:6:gyro_task	32	static
../Core/Src/main.c:1235:6:Error_Handler	4	static,ignoring_inline_asm
