../Core/Src/main.c:135:5:main	8	static
../Core/Src/main.c:234:6:SystemClock_Config	88	static
../Core/Src/main.c:276:13:MX_I2C1_Init	8	static
../Core/Src/main.c:310:13:MX_TIM1_Init	96	static
../Core/Src/main.c:384:13:MX_TIM2_Init	56	static
../Core/Src/main.c:433:13:MX_TIM3_Init	56	static
../Core/Src/main.c:482:13:MX_TIM8_Init	96	static
../Core/Src/main.c:560:13:MX_USART3_UART_Init	8	static
../Core/Src/main.c:593:13:MX_GPIO_Init	48	static
../Core/Src/main.c:634:6:HAL_UART_RxCpltCallback	72	static
../Core/Src/main.c:655:6:reset_motorVal	4	static
../Core/Src/main.c:672:6:StartDefaultTask	16	static
../Core/Src/main.c:701:6:motor	48	static
../Core/Src/main.c:811:6:showoled	40	static
../Core/Src/main.c:833:6:encoder_task	64	static
../Core/Src/main.c:904:6:gyro_task	32	static
../Core/Src/main.c:940:6:Error_Handler	4	static,ignoring_inline_asm
