../Core/Src/main.c:159:5:main	8	static
../Core/Src/main.c:255:6:SystemClock_Config	88	static
../Core/Src/main.c:297:13:MX_I2C1_Init	8	static
../Core/Src/main.c:331:13:MX_TIM1_Init	96	static
../Core/Src/main.c:405:13:MX_TIM2_Init	56	static
../Core/Src/main.c:454:13:MX_TIM3_Init	56	static
../Core/Src/main.c:503:13:MX_TIM8_Init	96	static
../Core/Src/main.c:581:13:MX_USART3_UART_Init	8	static
../Core/Src/main.c:614:13:MX_GPIO_Init	48	static
../Core/Src/main.c:665:6:HAL_UART_RxCpltCallback	16	static
../Core/Src/main.c:678:6:EXTI9_5_IRQHandler	8	static
../Core/Src/main.c:683:6:HAL_GPIO_EXTI_Callback	16	static
../Core/Src/main.c:697:6:reset_motorVal	4	static
../Core/Src/main.c:706:6:enqueue	24	static
../Core/Src/main.c:723:5:dequeue	24	static
../Core/Src/main.c:740:6:getFront	24	static
../Core/Src/main.c:748:5:isEmptyQueue	24	static
../Core/Src/main.c:754:6:deleteQueue	16	static
../Core/Src/main.c:769:6:StartDefaultTask	16	static
../Core/Src/main.c:801:6:motor	120	static
../Core/Src/main.c:1449:6:encoder_task	56	static
../Core/Src/main.c:1525:6:gyro_task	40	static
../Core/Src/main.c:1558:6:Error_Handler	4	static,ignoring_inline_asm
