../Core/Src/main.c:157:5:main	8	static
../Core/Src/main.c:253:6:SystemClock_Config	88	static
../Core/Src/main.c:295:13:MX_I2C1_Init	8	static
../Core/Src/main.c:329:13:MX_TIM1_Init	96	static
../Core/Src/main.c:403:13:MX_TIM2_Init	56	static
../Core/Src/main.c:452:13:MX_TIM3_Init	56	static
../Core/Src/main.c:501:13:MX_TIM8_Init	96	static
../Core/Src/main.c:579:13:MX_USART3_UART_Init	8	static
../Core/Src/main.c:612:13:MX_GPIO_Init	48	static
../Core/Src/main.c:653:6:HAL_UART_RxCpltCallback	16	static
../Core/Src/main.c:675:6:reset_motorVal	4	static
../Core/Src/main.c:684:6:enqueue	24	static
../Core/Src/main.c:701:5:dequeue	24	static
../Core/Src/main.c:718:6:getFront	24	static
../Core/Src/main.c:726:5:isEmptyQueue	24	static
../Core/Src/main.c:732:6:deleteQueue	16	static
../Core/Src/main.c:747:6:StartDefaultTask	16	static
../Core/Src/main.c:779:6:motor	128	static
../Core/Src/main.c:975:6:encoder_task	56	static
../Core/Src/main.c:1045:6:gyro_task	48	static
../Core/Src/main.c:1143:6:Error_Handler	4	static,ignoring_inline_asm
