../Core/Src/main.c:137:5:main	8	static
../Core/Src/main.c:236:6:SystemClock_Config	88	static
../Core/Src/main.c:278:13:MX_I2C1_Init	8	static
../Core/Src/main.c:312:13:MX_TIM1_Init	96	static
../Core/Src/main.c:386:13:MX_TIM2_Init	56	static
../Core/Src/main.c:435:13:MX_TIM3_Init	56	static
../Core/Src/main.c:484:13:MX_TIM8_Init	96	static
../Core/Src/main.c:562:13:MX_USART3_UART_Init	8	static
../Core/Src/main.c:595:13:MX_GPIO_Init	48	static
../Core/Src/main.c:636:6:HAL_UART_RxCpltCallback	72	static
../Core/Src/main.c:657:6:reset_motorVal	4	static
../Core/Src/main.c:674:6:StartDefaultTask	16	static
../Core/Src/main.c:703:6:motor	56	static
../Core/Src/main.c:823:6:showoled	40	static
../Core/Src/main.c:845:6:encoder_task	56	static
../Core/Src/main.c:915:6:gyro_task	40	static
../Core/Src/main.c:955:6:Error_Handler	4	static,ignoring_inline_asm
