../Core/Src/main.c:131:6:usDelay	16	static
../Core/Src/main.c:171:6:HAL_TIM_IC_CaptureCallback	16	static
../Core/Src/main.c:209:6:HCSR04_Read	8	static
../Core/Src/main.c:223:5:main	8	static
../Core/Src/main.c:321:6:SystemClock_Config	88	static
../Core/Src/main.c:363:13:MX_I2C1_Init	8	static
../Core/Src/main.c:397:13:MX_TIM1_Init	96	static
../Core/Src/main.c:471:13:MX_TIM2_Init	56	static
../Core/Src/main.c:520:13:MX_TIM3_Init	56	static
../Core/Src/main.c:569:13:MX_TIM5_Init	32	static
../Core/Src/main.c:617:13:MX_TIM8_Init	96	static
../Core/Src/main.c:695:13:MX_USART3_UART_Init	8	static
../Core/Src/main.c:728:13:MX_GPIO_Init	48	static
../Core/Src/main.c:786:6:HAL_UART_RxCpltCallback	16	static
../Core/Src/main.c:799:6:EXTI9_5_IRQHandler	8	static
../Core/Src/main.c:804:6:HAL_GPIO_EXTI_Callback	16	static
../Core/Src/main.c:818:6:reset_motorVal	4	static
../Core/Src/main.c:827:6:enqueue	24	static
../Core/Src/main.c:844:5:dequeue	24	static
../Core/Src/main.c:861:6:getFront	24	static
../Core/Src/main.c:869:5:isEmptyQueue	24	static
../Core/Src/main.c:875:6:deleteQueue	16	static
../Core/Src/main.c:890:6:StartDefaultTask	16	static
../Core/Src/main.c:922:6:motor	120	static
../Core/Src/main.c:1580:6:encoder_task	56	static
../Core/Src/main.c:1656:6:gyro_task	40	static
../Core/Src/main.c:1689:6:Error_Handler	4	static,ignoring_inline_asm
