../Core/Src/main.c:158:5:main	8	static
../Core/Src/main.c:254:6:SystemClock_Config	88	static
../Core/Src/main.c:296:13:MX_I2C1_Init	8	static
../Core/Src/main.c:330:13:MX_TIM1_Init	96	static
../Core/Src/main.c:404:13:MX_TIM2_Init	56	static
../Core/Src/main.c:453:13:MX_TIM3_Init	56	static
../Core/Src/main.c:502:13:MX_TIM8_Init	96	static
../Core/Src/main.c:580:13:MX_USART3_UART_Init	8	static
../Core/Src/main.c:613:13:MX_GPIO_Init	48	static
../Core/Src/main.c:654:6:HAL_UART_RxCpltCallback	16	static
../Core/Src/main.c:676:6:reset_motorVal	4	static
../Core/Src/main.c:685:6:enqueue	24	static
../Core/Src/main.c:702:5:dequeue	24	static
../Core/Src/main.c:719:6:getFront	24	static
../Core/Src/main.c:727:5:isEmptyQueue	24	static
../Core/Src/main.c:733:6:deleteQueue	16	static
../Core/Src/main.c:748:6:StartDefaultTask	16	static
../Core/Src/main.c:780:6:motor	104	static
../Core/Src/main.c:1040:6:encoder_task	56	static
../Core/Src/main.c:1115:6:gyro_task	48	static
../Core/Src/main.c:1227:6:Error_Handler	4	static,ignoring_inline_asm
