main.c:118:5:main	8	static
main.c:213:6:SystemClock_Config	88	static
main.c:253:13:MX_TIM1_Init	96	static
main.c:327:13:MX_TIM2_Init	56	static
main.c:376:13:MX_TIM3_Init	56	static
main.c:425:13:MX_TIM8_Init	96	static
main.c:503:13:MX_USART3_UART_Init	8	static
main.c:536:13:MX_GPIO_Init	48	static
main.c:577:6:HAL_UART_RxCpltCallback	72	static
main.c:598:6:reset_motorVal	4	static
main.c:615:6:StartDefaultTask	16	static
main.c:644:6:motor	32	static
main.c:747:6:showoled	40	static
main.c:769:6:encoder_task	56	static
main.c:822:6:Error_Handler	4	static,ignoring_inline_asm
