main.c:112:5:main	8	static
main.c:207:6:SystemClock_Config	88	static
main.c:247:13:MX_TIM1_Init	96	static
main.c:321:13:MX_TIM2_Init	56	static
main.c:370:13:MX_TIM3_Init	56	static
main.c:419:13:MX_TIM8_Init	96	static
main.c:497:13:MX_USART3_UART_Init	8	static
main.c:530:13:MX_GPIO_Init	48	static
main.c:571:6:HAL_UART_RxCpltCallback	88	static
main.c:603:6:StartDefaultTask	16	static
main.c:632:6:motor	56	static
main.c:744:6:showoled	40	static
main.c:766:6:encoder_task	56	static
main.c:819:6:Error_Handler	4	static,ignoring_inline_asm
