Archive member included to satisfy reference by file (symbol)

c:/st/stm32cubeide_1.7.0/stm32cubeide/plugins/com.st.stm32cube.ide.mcu.externaltools.gnu-tools-for-stm32.9-2020-q2-update.win32_2.0.0.202105311346/tools/bin/../lib/gcc/arm-none-eabi/9.3.1/../../../../arm-none-eabi/lib/thumb/v7e-m+fp/hard\libc_nano.a(lib_a-errno.o)
                              ./Core/Src/syscalls.o (__errno)
c:/st/stm32cubeide_1.7.0/stm32cubeide/plugins/com.st.stm32cube.ide.mcu.externaltools.gnu-tools-for-stm32.9-2020-q2-update.win32_2.0.0.202105311346/tools/bin/../lib/gcc/arm-none-eabi/9.3.1/../../../../arm-none-eabi/lib/thumb/v7e-m+fp/hard\libc_nano.a(lib_a-exit.o)
                              c:/st/stm32cubeide_1.7.0/stm32cubeide/plugins/com.st.stm32cube.ide.mcu.externaltools.gnu-tools-for-stm32.9-2020-q2-update.win32_2.0.0.202105311346/tools/bin/../lib/gcc/arm-none-eabi/9.3.1/../../../../arm-none-eabi/lib/thumb/v7e-m+fp/hard/crt0.o (exit)
c:/st/stm32cubeide_1.7.0/stm32cubeide/plugins/com.st.stm32cube.ide.mcu.externaltools.gnu-tools-for-stm32.9-2020-q2-update.win32_2.0.0.202105311346/tools/bin/../lib/gcc/arm-none-eabi/9.3.1/../../../../arm-none-eabi/lib/thumb/v7e-m+fp/hard\libc_nano.a(lib_a-impure.o)
                              c:/st/stm32cubeide_1.7.0/stm32cubeide/plugins/com.st.stm32cube.ide.mcu.externaltools.gnu-tools-for-stm32.9-2020-q2-update.win32_2.0.0.202105311346/tools/bin/../lib/gcc/arm-none-eabi/9.3.1/../../../../arm-none-eabi/lib/thumb/v7e-m+fp/hard\libc_nano.a(lib_a-exit.o) (_global_impure_ptr)
c:/st/stm32cubeide_1.7.0/stm32cubeide/plugins/com.st.stm32cube.ide.mcu.externaltools.gnu-tools-for-stm32.9-2020-q2-update.win32_2.0.0.202105311346/tools/bin/../lib/gcc/arm-none-eabi/9.3.1/../../../../arm-none-eabi/lib/thumb/v7e-m+fp/hard\libc_nano.a(lib_a-init.o)
                              c:/st/stm32cubeide_1.7.0/stm32cubeide/plugins/com.st.stm32cube.ide.mcu.externaltools.gnu-tools-for-stm32.9-2020-q2-update.win32_2.0.0.202105311346/tools/bin/../lib/gcc/arm-none-eabi/9.3.1/../../../../arm-none-eabi/lib/thumb/v7e-m+fp/hard/crt0.o (__libc_init_array)
c:/st/stm32cubeide_1.7.0/stm32cubeide/plugins/com.st.stm32cube.ide.mcu.externaltools.gnu-tools-for-stm32.9-2020-q2-update.win32_2.0.0.202105311346/tools/bin/../lib/gcc/arm-none-eabi/9.3.1/../../../../arm-none-eabi/lib/thumb/v7e-m+fp/hard\libc_nano.a(lib_a-memcpy-stub.o)
                              ./Middlewares/FreeRTOS/cmsis_os2.o (memcpy)
c:/st/stm32cubeide_1.7.0/stm32cubeide/plugins/com.st.stm32cube.ide.mcu.externaltools.gnu-tools-for-stm32.9-2020-q2-update.win32_2.0.0.202105311346/tools/bin/../lib/gcc/arm-none-eabi/9.3.1/../../../../arm-none-eabi/lib/thumb/v7e-m+fp/hard\libc_nano.a(lib_a-memset.o)
                              c:/st/stm32cubeide_1.7.0/stm32cubeide/plugins/com.st.stm32cube.ide.mcu.externaltools.gnu-tools-for-stm32.9-2020-q2-update.win32_2.0.0.202105311346/tools/bin/../lib/gcc/arm-none-eabi/9.3.1/../../../../arm-none-eabi/lib/thumb/v7e-m+fp/hard/crt0.o (memset)
c:/st/stm32cubeide_1.7.0/stm32cubeide/plugins/com.st.stm32cube.ide.mcu.externaltools.gnu-tools-for-stm32.9-2020-q2-update.win32_2.0.0.202105311346/tools/bin/../lib/gcc/arm-none-eabi/9.3.1/../../../../arm-none-eabi/lib/thumb/v7e-m+fp/hard\libc_nano.a(lib_a-sprintf.o)
                              ./Core/Src/main.o (sprintf)
c:/st/stm32cubeide_1.7.0/stm32cubeide/plugins/com.st.stm32cube.ide.mcu.externaltools.gnu-tools-for-stm32.9-2020-q2-update.win32_2.0.0.202105311346/tools/bin/../lib/gcc/arm-none-eabi/9.3.1/../../../../arm-none-eabi/lib/thumb/v7e-m+fp/hard\libc_nano.a(lib_a-nano-svfprintf.o)
                              c:/st/stm32cubeide_1.7.0/stm32cubeide/plugins/com.st.stm32cube.ide.mcu.externaltools.gnu-tools-for-stm32.9-2020-q2-update.win32_2.0.0.202105311346/tools/bin/../lib/gcc/arm-none-eabi/9.3.1/../../../../arm-none-eabi/lib/thumb/v7e-m+fp/hard\libc_nano.a(lib_a-sprintf.o) (_svfprintf_r)
c:/st/stm32cubeide_1.7.0/stm32cubeide/plugins/com.st.stm32cube.ide.mcu.externaltools.gnu-tools-for-stm32.9-2020-q2-update.win32_2.0.0.202105311346/tools/bin/../lib/gcc/arm-none-eabi/9.3.1/../../../../arm-none-eabi/lib/thumb/v7e-m+fp/hard\libc_nano.a(lib_a-nano-vfprintf_i.o)
                              c:/st/stm32cubeide_1.7.0/stm32cubeide/plugins/com.st.stm32cube.ide.mcu.externaltools.gnu-tools-for-stm32.9-2020-q2-update.win32_2.0.0.202105311346/tools/bin/../lib/gcc/arm-none-eabi/9.3.1/../../../../arm-none-eabi/lib/thumb/v7e-m+fp/hard\libc_nano.a(lib_a-nano-svfprintf.o) (_printf_i)
c:/st/stm32cubeide_1.7.0/stm32cubeide/plugins/com.st.stm32cube.ide.mcu.externaltools.gnu-tools-for-stm32.9-2020-q2-update.win32_2.0.0.202105311346/tools/bin/../lib/gcc/arm-none-eabi/9.3.1/../../../../arm-none-eabi/lib/thumb/v7e-m+fp/hard\libc_nano.a(lib_a-memchr.o)
[...]
Memory Configuration

Name             Origin             Length             Attributes
CCMRAM           0x0000000010000000 0x0000000000010000 xrw
RAM              0x0000000020000000 0x0000000000020000 xrw
FLASH            0x0000000008000000 0x0000000000080000 xr
*default*        0x0000000000000000 0xffffffffffffffff

Linker script and memory map

LOAD c:/st/stm32cubeide_1.7.0/stm32cubeide/plugins/com.st.stm32cube.ide.mcu.externaltools.gnu-tools-for-stm32.9-2020-q2-update.win32_2.0.0.202105311346/tools/bin/../lib/gcc/arm-none-eabi/9.3.1/thumb/v7e-m+fp/hard/crti.o
LOAD c:/st/stm32cubeide_1.7.0/stm32cubeide/plugins/com.st.stm32cube.ide.mcu.externaltools.gnu-tools-for-stm32.9-2020-q2-update.win32_2.0.0.202105311346/tools/bin/../lib/gcc/arm-none-eabi/9.3.1/thumb/v7e-m+fp/hard/crtbegin.o
LOAD c:/st/stm32cubeide_1.7.0/stm32cubeide/plugins/com.st.stm32cube.ide.mcu.externaltools.gnu-tools-for-stm32.9-2020-q2-update.win32_2.0.0.202105311346/tools/bin/../lib/gcc/arm-none-eabi/9.3.1/../../../../arm-none-eabi/lib/thumb/v7e-m+fp/hard/crt0.o
LOAD ./Core/Src/freertos.o
LOAD ./Core/Src/main.o
LOAD ./Core/Src/stm32f4xx_hal_msp.o
LOAD ./Core/Src/stm32f4xx_it.o
LOAD ./Core/Src/syscalls.o
LOAD ./Core/Src/sysmem.o
LOAD ./Core/Src/system_stm32f4xx.o
LOAD ./Core/Startup/startup_stm32f407vetx.o
LOAD ./Drivers/STM32F4xx_HAL_Driver/stm32f4xx_hal.o
LOAD ./Drivers/STM32F4xx_HAL_Driver/stm32f4xx_hal_cortex.o
LOAD ./Drivers/STM32F4xx_HAL_Driver/stm32f4xx_hal_dma.o
LOAD ./Drivers/STM32F4xx_HAL_Driver/stm32f4xx_hal_dma_ex.o
LOAD ./Drivers/STM32F4xx_HAL_Driver/stm32f4xx_hal_exti.o
LOAD ./Drivers/STM32F4xx_HAL_Driver/stm32f4xx_hal_flash.o
LOAD ./Drivers/STM32F4xx_HAL_Driver/stm32f4xx_hal_flash_ex.o
LOAD ./Drivers/STM32F4xx_HAL_Driver/stm32f4xx_hal_flash_ramfunc.o
LOAD ./Drivers/STM32F4xx_HAL_Driver/stm32f4xx_hal_gpio.o
LOAD ./Drivers/STM32F4xx_HAL_Driver/stm32f4xx_hal_pwr.o
LOAD ./Drivers/STM32F4xx_HAL_Driver/stm32f4xx_hal_pwr_ex.o
LOAD ./Drivers/STM32F4xx_HAL_Driver/stm32f4xx_hal_rcc.o
LOAD ./Drivers/STM32F4xx_HAL_Driver/stm32f4xx_hal_rcc_ex.o
LOAD ./Drivers/STM32F4xx_HAL_Driver/stm32f4xx_hal_tim.o
LOAD ./Drivers/STM32F4xx_HAL_Driver/stm32f4xx_hal_tim_ex.o
LOAD ./Middlewares/FreeRTOS/cmsis_os2.o
LOAD ./Middlewares/FreeRTOS/croutine.o
LOAD ./Middlewares/FreeRTOS/event_groups.o
LOAD ./Middlewares/FreeRTOS/heap_4.o
LOAD ./Middlewares/FreeRTOS/list.o
LOAD ./Middlewares/FreeRTOS/port.o
LOAD ./Middlewares/FreeRTOS/queue.o
LOAD ./Middlewares/FreeRTOS/stream_buffer.o
LOAD ./Middlewares/FreeRTOS/tasks.o
LOAD ./Middlewares/FreeRTOS/timers.o
LOAD ./PeripheralDriver/Src/oled.o
START GROUP
LOAD c:/st/stm32cubeide_1.7.0/stm32cubeide/plugins/com.st.stm32cube.ide.mcu.externaltools.gnu-tools-for-stm32.9-2020-q2-update.win32_2.0.0.202105311346/tools/bin/../lib/gcc/arm-none-eabi/9.3.1/../../../../arm-none-eabi/lib/thumb/v7e-m+fp/hard\libc_nano.a
LOAD c:/st/stm32cubeide_1.7.0/stm32cubeide/plugins/com.st.stm32cube.ide.mcu.externaltools.gnu-tools-for-stm32.9-2020-q2-update.win32_2.0.0.202105311346/tools/bin/../lib/gcc/arm-none-eabi/9.3.1/../../../../arm-none-eabi/lib/thumb/v7e-m+fp/hard\libm.a
END GROUP
START GROUP
LOAD c:/st/stm32cubeide_1.7.0/stm32cubeide/plugins/com.st.stm32cube.ide.mcu.externaltools.gnu-tools-for-stm32.9-2020-q2-update.win32_2.0.0.202105311346/tools/bin/../lib/gcc/arm-none-eabi/9.3.1/thumb/v7e-m+fp/hard\libgcc.a
LOAD c:/st/stm32cubeide_1.7.0/stm32cubeide/plugins/com.st.stm32cube.ide.mcu.externaltools.gnu-tools-for-stm32.9-2020-q2-update.win32_2.0.0.202105311346/tools/bin/../lib/gcc/arm-none-eabi/9.3.1/../../../../arm-none-eabi/lib/thumb/v7e-m+fp/hard\libc_nano.a
END GROUP
START GROUP
LOAD c:/st/stm32cubeide_1.7.0/stm32cubeide/plugins/com.st.stm32cube.ide.mcu.externaltools.gnu-tools-for-stm32.9-2020-q2-update.win32_2.0.0.202105311346/tools/bin/../lib/gcc/arm-none-eabi/9.3.1/thumb/v7e-m+fp/hard\libgcc.a
LOAD c:/st/stm32cubeide_1.7.0/stm32cubeide/plugins/com.st.stm32cube.ide.mcu.externaltools.gnu-tools-for-stm32.9-2020-q2-update.win32_2.0.0.202105311346/tools/bin/../lib/gcc/arm-none-eabi/9.3.1/../../../../arm-none-eabi/lib/thumb/v7e-m+fp/hard\libc_nano.a
LOAD c:/st/stm32cubeide_1.7.0/stm32cubeide/plugins/com.st.stm32cube.ide.mcu.externaltools.gnu-tools-for-stm32.9-2020-q2-update.win32_2.0.0.202105311346/tools/bin/../lib/gcc/arm-none-eabi/9.3.1/../../../../arm-none-eabi/lib/thumb/v7e-m+fp/hard\libnosys.a
END GROUP
START GROUP
LOAD c:/st/stm32cubeide_1.7.0/stm32cubeide/plugins/com.st.stm32cube.ide.mcu.externaltools.gnu-tools-for-stm32.9-2020-q2-update.win32_2.0.0.202105311346/tools/bin/../lib/gcc/arm-none-eabi/9.3.1/thumb/v7e-m+fp/hard\libgcc.a
LOAD c:/st/stm32cubeide_1.7.0/stm32cubeide/plugins/com.st.stm32cube.ide.mcu.externaltools.gnu-tools-for-stm32.9-2020-q2-update.win32_2.0.0.202105311346/tools/bin/../lib/gcc/arm-none-eabi/9.3.1/../../../../arm-none-eabi/lib/thumb/v7e-m+fp/hard\libc_nano.a
LOAD c:/st/stm32cubeide_1.7.0/stm32cubeide/plugins/com.st.stm32cube.ide.mcu.externaltools.gnu-tools-for-stm32.9-2020-q2-update.win32_2.0.0.202105311346/tools/bin/../lib/gcc/arm-none-eabi/9.3.1/../../../../arm-none-eabi/lib/thumb/v7e-m+fp/hard\libnosys.a
END GROUP
LOAD c:/st/stm32cubeide_1.7.0/stm32cubeide/plugins/com.st.stm32cube.ide.mcu.externaltools.gnu-tools-for-stm32.9-2020-q2-update.win32_2.0.0.202105311346/tools/bin/../lib/gcc/arm-none-eabi/9.3.1/thumb/v7e-m+fp/hard/crtend.o
LOAD c:/st/stm32cubeide_1.7.0/stm32cubeide/plugins/com.st.stm32cube.ide.mcu.externaltools.gnu-tools-for-stm32.9-2020-q2-update.win32_2.0.0.202105311346/tools/bin/../lib/gcc/arm-none-eabi/9.3.1/thumb/v7e-m+fp/hard/crtn.o
                0x0000000020020000                _estack = (ORIGIN (RAM) + LENGTH (RAM))
                0x0000000000000200                _Min_Heap_Size = 0x200
                0x0000000000000400                _Min_Stack_Size = 0x400

.isr_vector     0x0000000008000000      0x188
                0x0000000008000000                . = ALIGN (0x4)
 *(.isr_vector)
 .isr_vector    0x0000000008000000      0x188 ./Core/Startup/startup_stm32f407vetx.o
                0x0000000008000000                g_pfnVectors
                0x0000000008000188                . = ALIGN (0x4)

.text           0x0000000008000190     0x66f4
                0x0000000008000190                . = ALIGN (0x4)
 *(.text)
 .text          0x0000000008000190       0x40 c:/st/stm32cubeide_1.7.0/stm32cubeide/plugins/com.st.stm32cube.ide.mcu.externaltools.gnu-tools-for-stm32.9-2020-q2-update.win32_2.0.0.202105311346/tools/bin/../lib/gcc/arm-none-eabi/9.3.1/thumb/v7e-m+fp/hard/crtbegin.o
 .text          0x00000000080001d0       0xa0 c:/st/stm32cubeide_1.7.0/stm32cubeide/plugins/com.st.stm32cube.ide.mcu.externaltools.gnu-tools-for-stm32.9-2020-q2-update.win32_2.0.0.202105311346/tools/bin/../lib/gcc/arm-none-eabi/9.3.1/../../../../arm-none-eabi/lib/thumb/v7e-m+fp/hard\libc_nano.a(lib_a-memchr.o)
                0x00000000080001d0                memchr
 .text          0x0000000008000270       0x30 c:/st/stm32cubeide_1.7.0/stm32cubeide/plugins/com.st.stm32cube.ide.mcu.externaltools.gnu-tools-for-stm32.9-2020-q2-update.win32_2.0.0.202105311346/tools/bin/../lib/gcc/arm-none-eabi/9.3.1/thumb/v7e-m+fp/hard\libgcc.a(_aeabi_uldivmod.o)
                0x0000000008000270                __aeabi_uldivmod
 .text          0x00000000080002a0      0x2c4 c:/st/stm32cubeide_1.7.0/stm32cubeide/plugins/com.st.stm32cube.ide.mcu.externaltools.gnu-tools-for-stm32.9-2020-q2-update.win32_2.0.0.202105311346/tools/bin/../lib/gcc/arm-none-eabi/9.3.1/thumb/v7e-m+fp/hard\libgcc.a(_udivmoddi4.o)
                0x00000000080002a0                __udivmoddi4
 .text          0x0000000008000564        0x4 c:/st/stm32cubeide_1.7.0/stm32cubeide/plugins/com.st.stm32cube.ide.mcu.externaltools.gnu-tools-for-stm32.9-2020-q2-update.win32_2.0.0.202105311346/tools/bin/../lib/gcc/arm-none-eabi/9.3.1/thumb/v7e-m+fp/hard\libgcc.a(_dvmd_tls.o)
                0x0000000008000564                __aeabi_idiv0
                0x0000000008000564                __aeabi_ldiv0
 *(.text*)
 .text.main     0x0000000008000568       0xa0 ./Core/Src/main.o
                0x0000000008000568                main
 .text.SystemClock_Config
                0x0000000008000608       0xbc ./Core/Src/main.o
                0x0000000008000608                SystemClock_Config
 .text.MX_TIM1_Init
                0x00000000080006c4      0x13c ./Core/Src/main.o
 .text.MX_TIM2_Init
                0x0000000008000800       0xa8 ./Core/Src/main.o
 .text.MX_TIM3_Init
                0x00000000080008a8       0xa8 ./Core/Src/main.o
 .text.MX_TIM8_Init
                0x0000000008000950      0x154 ./Core/Src/main.o
 .text.MX_GPIO_Init
                0x0000000008000aa4       0xec ./Core/Src/main.o
 .text.StartDefaultTask
                0x0000000008000b90       0x10 ./Core/Src/main.o
                0x0000000008000b90                StartDefaultTask
 .text.motor    0x0000000008000ba0      0x1e4 ./Core/Src/main.o
                0x0000000008000ba0                motor
 .text.showoled
                0x0000000008000d84       0x40 ./Core/Src/main.o
                0x0000000008000d84                showoled
 .text.encoder_task
                0x0000000008000dc4       0xb0 ./Core/Src/main.o
                0x0000000008000dc4                encoder_task
 .text.Error_Handler
                0x0000000008000e74        0xa ./Core/Src/main.o
                0x0000000008000e74                Error_Handler
 *fill*         0x0000000008000e7e        0x2 
 .text.HAL_MspInit
                0x0000000008000e80       0x58 ./Core/Src/stm32f4xx_hal_msp.o
                0x0000000008000e80                HAL_MspInit
 .text.HAL_TIM_Base_MspInit
                0x0000000008000ed8       0xbc ./Core/Src/stm32f4xx_hal_msp.o
                0x0000000008000ed8                HAL_TIM_Base_MspInit
 .text.HAL_TIM_Encoder_MspInit
                0x0000000008000f94      0x134 ./Core/Src/stm32f4xx_hal_msp.o
                0x0000000008000f94                HAL_TIM_Encoder_MspInit
 .text.HAL_TIM_MspPostInit
                0x00000000080010c8       0x74 ./Core/Src/stm32f4xx_hal_msp.o
                0x00000000080010c8                HAL_TIM_MspPostInit
 .text.NMI_Handler
                0x000000000800113c        0x6 ./Core/Src/stm32f4xx_it.o
                0x000000000800113c                NMI_Handler
 .text.HardFault_Handler
                0x0000000008001142        0x6 ./Core/Src/stm32f4xx_it.o
                0x0000000008001142                HardFault_Handler
 .text.MemManage_Handler
                0x0000000008001148        0x6 ./Core/Src/stm32f4xx_it.o
                0x0000000008001148                MemManage_Handler
 .text.BusFault_Handler
                0x000000000800114e        0x6 ./Core/Src/stm32f4xx_it.o
                0x000000000800114e                BusFault_Handler
 .text.UsageFault_Handler
                0x0000000008001154        0x6 ./Core/Src/stm32f4xx_it.o
                0x0000000008001154                UsageFault_Handler
 .text.DebugMon_Handler
                0x000000000800115a        0xe ./Core/Src/stm32f4xx_it.o
                0x000000000800115a                DebugMon_Handler
 .text.SysTick_Handler
                0x0000000008001168       0x1a ./Core/Src/stm32f4xx_it.o
                0x0000000008001168                SysTick_Handler
 *fill*         0x0000000008001182        0x2 
 .text._sbrk    0x0000000008001184       0x6c ./Core/Src/sysmem.o
                0x0000000008001184                _sbrk
 .text.SystemInit
                0x00000000080011f0       0x24 ./Core/Src/system_stm32f4xx.o
                0x00000000080011f0                SystemInit
 .text.Reset_Handler
                0x0000000008001214       0x50 ./Core/Startup/startup_stm32f407vetx.o
                0x0000000008001214                Reset_Handler
 .text.Default_Handler
                0x0000000008001264        0x2 ./Core/Startup/startup_stm32f407vetx.o
                0x0000000008001264                RTC_Alarm_IRQHandler
                0x0000000008001264                HASH_RNG_IRQHandler
                0x0000000008001264                EXTI2_IRQHandler
                0x0000000008001264                TIM8_CC_IRQHandler
                0x0000000008001264                TIM1_CC_IRQHandler
                0x0000000008001264                DMA2_Stream5_IRQHandler
                0x0000000008001264                DMA1_Stream5_IRQHandler
                0x0000000008001264                PVD_IRQHandler
                0x0000000008001264                SDIO_IRQHandler
                0x0000000008001264                TAMP_STAMP_IRQHandler
                0x0000000008001264                CAN2_RX1_IRQHandler
                0x0000000008001264                EXTI3_IRQHandler
                0x0000000008001264                TIM8_TRG_COM_TIM14_IRQHandler
                0x0000000008001264                TIM1_UP_TIM10_IRQHandler
                0x0000000008001264                TIM8_UP_TIM13_IRQHandler
                0x0000000008001264                I2C3_ER_IRQHandler
                0x0000000008001264                EXTI0_IRQHandler
                0x0000000008001264                I2C2_EV_IRQHandler
                0x0000000008001264                DMA1_Stream2_IRQHandler
                0x0000000008001264                CAN1_RX0_IRQHandler
                0x0000000008001264                FPU_IRQHandler
                0x0000000008001264                OTG_HS_WKUP_IRQHandler
                0x0000000008001264                CAN2_SCE_IRQHandler
                0x0000000008001264                DMA2_Stream2_IRQHandler
                0x0000000008001264                SPI1_IRQHandler
                0x0000000008001264                TIM6_DAC_IRQHandler
                0x0000000008001264                TIM1_BRK_TIM9_IRQHandler
                0x0000000008001264                DCMI_IRQHandler
                0x0000000008001264                CAN2_RX0_IRQHandler
                0x0000000008001264                DMA2_Stream3_IRQHandler
                0x0000000008001264                USART6_IRQHandler
                0x0000000008001264                USART3_IRQHandler
                0x0000000008001264                CAN1_RX1_IRQHandler
                0x0000000008001264                UART5_IRQHandler
                0x0000000008001264                DMA2_Stream0_IRQHandler
                0x0000000008001264                TIM4_IRQHandler
                0x0000000008001264                I2C1_EV_IRQHandler
                0x0000000008001264                DMA1_Stream6_IRQHandler
                0x0000000008001264                DMA1_Stream1_IRQHandler
                0x0000000008001264                UART4_IRQHandler
                0x0000000008001264                TIM3_IRQHandler
                0x0000000008001264                RCC_IRQHandler
                0x0000000008001264                TIM8_BRK_TIM12_IRQHandler
                0x0000000008001264                Default_Handler
                0x0000000008001264                EXTI15_10_IRQHandler
                0x0000000008001264                ADC_IRQHandler
                0x0000000008001264                DMA1_Stream7_IRQHandler
                0x0000000008001264                TIM7_IRQHandler
                0x0000000008001264                CAN2_TX_IRQHandler
                0x0000000008001264                TIM5_IRQHandler
                0x0000000008001264                DMA2_Stream7_IRQHandler
                0x0000000008001264                I2C3_EV_IRQHandler
                0x0000000008001264                EXTI9_5_IRQHandler
                0x0000000008001264                RTC_WKUP_IRQHandler
                0x0000000008001264                ETH_WKUP_IRQHandler
                0x0000000008001264                SPI2_IRQHandler
                0x0000000008001264                OTG_HS_EP1_IN_IRQHandler
                0x0000000008001264                DMA1_Stream0_IRQHandler
                0x0000000008001264                CAN1_TX_IRQHandler
                0x0000000008001264                EXTI4_IRQHandler
                0x0000000008001264                FSMC_IRQHandler
                0x0000000008001264                ETH_IRQHandler
                0x0000000008001264                OTG_HS_EP1_OUT_IRQHandler
                0x0000000008001264                WWDG_IRQHandler
                0x0000000008001264                TIM2_IRQHandler
                0x0000000008001264                OTG_FS_WKUP_IRQHandler
                0x0000000008001264                TIM1_TRG_COM_TIM11_IRQHandler
                0x0000000008001264                OTG_HS_IRQHandler
                0x0000000008001264                EXTI1_IRQHandler
                0x0000000008001264                USART2_IRQHandler
                0x0000000008001264                I2C2_ER_IRQHandler
                0x0000000008001264                DMA2_Stream1_IRQHandler
                0x0000000008001264                CAN1_SCE_IRQHandler
                0x0000000008001264                FLASH_IRQHandler
                0x0000000008001264                DMA2_Stream4_IRQHandler
                0x0000000008001264                USART1_IRQHandler
                0x0000000008001264                OTG_FS_IRQHandler
                0x0000000008001264                SPI3_IRQHandler
                0x0000000008001264                DMA1_Stream4_IRQHandler
                0x0000000008001264                I2C1_ER_IRQHandler
                0x0000000008001264                DMA2_Stream6_IRQHandler
                0x0000000008001264                DMA1_Stream3_IRQHandler
 *fill*         0x0000000008001266        0x2 
 .text.HAL_Init
                0x0000000008001268       0x44 ./Drivers/STM32F4xx_HAL_Driver/stm32f4xx_hal.o
                0x0000000008001268                HAL_Init
 .text.HAL_InitTick
                0x00000000080012ac       0x60 ./Drivers/STM32F4xx_HAL_Driver/stm32f4xx_hal.o
                0x00000000080012ac                HAL_InitTick
 .text.HAL_IncTick
                0x000000000800130c       0x28 ./Drivers/STM32F4xx_HAL_Driver/stm32f4xx_hal.o
                0x000000000800130c                HAL_IncTick
 .text.HAL_GetTick
                0x0000000008001334       0x18 ./Drivers/STM32F4xx_HAL_Driver/stm32f4xx_hal.o
                0x0000000008001334                HAL_GetTick
 .text.HAL_Delay
                0x000000000800134c       0x48 ./Drivers/STM32F4xx_HAL_Driver/stm32f4xx_hal.o
                0x000000000800134c                HAL_Delay
 .text.__NVIC_SetPriorityGrouping
                0x0000000008001394       0x48 ./Drivers/STM32F4xx_HAL_Driver/stm32f4xx_hal_cortex.o
 .text.__NVIC_GetPriorityGrouping
                0x00000000080013dc       0x1c ./Drivers/STM32F4xx_HAL_Driver/stm32f4xx_hal_cortex.o
 .text.__NVIC_SetPriority
                0x00000000080013f8       0x54 ./Drivers/STM32F4xx_HAL_Driver/stm32f4xx_hal_cortex.o
 .text.NVIC_EncodePriority
                0x000000000800144c       0x66 ./Drivers/STM32F4xx_HAL_Driver/stm32f4xx_hal_cortex.o
 *fill*         0x00000000080014b2        0x2 
 .text.SysTick_Config
                0x00000000080014b4       0x44 ./Drivers/STM32F4xx_HAL_Driver/stm32f4xx_hal_cortex.o
 .text.HAL_NVIC_SetPriorityGrouping
                0x00000000080014f8       0x16 ./Drivers/STM32F4xx_HAL_Driver/stm32f4xx_hal_cortex.o
                0x00000000080014f8                HAL_NVIC_SetPriorityGrouping
 .text.HAL_NVIC_SetPriority
                0x000000000800150e       0x38 ./Drivers/STM32F4xx_HAL_Driver/stm32f4xx_hal_cortex.o
                0x000000000800150e                HAL_NVIC_SetPriority
 .text.HAL_SYSTICK_Config
                0x0000000008001546       0x18 ./Drivers/STM32F4xx_HAL_Driver/stm32f4xx_hal_cortex.o
                0x0000000008001546                HAL_SYSTICK_Config
 *fill*         0x000000000800155e        0x2 
 .text.HAL_GPIO_Init
                0x0000000008001560      0x338 ./Drivers/STM32F4xx_HAL_Driver/stm32f4xx_hal_gpio.o
                0x0000000008001560                HAL_GPIO_Init
 .text.HAL_GPIO_WritePin
                0x0000000008001898       0x32 ./Drivers/STM32F4xx_HAL_Driver/stm32f4xx_hal_gpio.o
                0x0000000008001898                HAL_GPIO_WritePin
 *fill*         0x00000000080018ca        0x2 
 .text.HAL_PWR_EnableBkUpAccess
                0x00000000080018cc       0x28 ./Drivers/STM32F4xx_HAL_Driver/stm32f4xx_hal_pwr.o
                0x00000000080018cc                HAL_PWR_EnableBkUpAccess
 .text.HAL_PWR_DisableBkUpAccess
                0x00000000080018f4       0x28 ./Drivers/STM32F4xx_HAL_Driver/stm32f4xx_hal_pwr.o
                0x00000000080018f4                HAL_PWR_DisableBkUpAccess
 .text.HAL_RCC_OscConfig
                0x000000000800191c      0x4f0 ./Drivers/STM32F4xx_HAL_Driver/stm32f4xx_hal_rcc.o
                0x000000000800191c                HAL_RCC_OscConfig
 .text.HAL_RCC_ClockConfig
                0x0000000008001e0c      0x1cc ./Drivers/STM32F4xx_HAL_Driver/stm32f4xx_hal_rcc.o
                0x0000000008001e0c                HAL_RCC_ClockConfig
 .text.HAL_RCC_GetSysClockFreq
                0x0000000008001fd8      0x16c ./Drivers/STM32F4xx_HAL_Driver/stm32f4xx_hal_rcc.o
                0x0000000008001fd8                HAL_RCC_GetSysClockFreq
 .text.HAL_TIM_Base_Init
                0x0000000008002144       0x9e ./Drivers/STM32F4xx_HAL_Driver/stm32f4xx_hal_tim.o
                0x0000000008002144                HAL_TIM_Base_Init
 .text.HAL_TIM_PWM_Init
                0x00000000080021e2       0x9e ./Drivers/STM32F4xx_HAL_Driver/stm32f4xx_hal_tim.o
                0x00000000080021e2                HAL_TIM_PWM_Init
 .text.HAL_TIM_PWM_MspInit
                0x0000000008002280       0x14 ./Drivers/STM32F4xx_HAL_Driver/stm32f4xx_hal_tim.o
                0x0000000008002280                HAL_TIM_PWM_MspInit
 .text.HAL_TIM_PWM_Start
                0x0000000008002294      0x190 ./Drivers/STM32F4xx_HAL_Driver/stm32f4xx_hal_tim.o
                0x0000000008002294                HAL_TIM_PWM_Start
 .text.HAL_TIM_Encoder_Init
                0x0000000008002424      0x14c ./Drivers/STM32F4xx_HAL_Driver/stm32f4xx_hal_tim.o
                0x0000000008002424                HAL_TIM_Encoder_Init
 .text.HAL_TIM_PWM_ConfigChannel
                0x0000000008002570      0x184 ./Drivers/STM32F4xx_HAL_Driver/stm32f4xx_hal_tim.o
                0x0000000008002570                HAL_TIM_PWM_ConfigChannel
 .text.HAL_TIM_ConfigClockSource
                0x00000000080026f4      0x18e ./Drivers/STM32F4xx_HAL_Driver/stm32f4xx_hal_tim.o
                0x00000000080026f4                HAL_TIM_ConfigClockSource
 *fill*         0x0000000008002882        0x2 
 .text.TIM_Base_SetConfig
                0x0000000008002884      0x140 ./Drivers/STM32F4xx_HAL_Driver/stm32f4xx_hal_tim.o
                0x0000000008002884                TIM_Base_SetConfig
 .text.TIM_OC1_SetConfig
                0x00000000080029c4       0xe0 ./Drivers/STM32F4xx_HAL_Driver/stm32f4xx_hal_tim.o
 .text.TIM_OC2_SetConfig
                0x0000000008002aa4       0xec ./Drivers/STM32F4xx_HAL_Driver/stm32f4xx_hal_tim.o
                0x0000000008002aa4                TIM_OC2_SetConfig
 .text.TIM_OC3_SetConfig
                0x0000000008002b90       0xe8 ./Drivers/STM32F4xx_HAL_Driver/stm32f4xx_hal_tim.o
 .text.TIM_OC4_SetConfig
                0x0000000008002c78       0xac ./Drivers/STM32F4xx_HAL_Driver/stm32f4xx_hal_tim.o
 .text.TIM_TI1_ConfigInputStage
                0x0000000008002d24       0x5e ./Drivers/STM32F4xx_HAL_Driver/stm32f4xx_hal_tim.o
 .text.TIM_TI2_ConfigInputStage
                0x0000000008002d82       0x60 ./Drivers/STM32F4xx_HAL_Driver/stm32f4xx_hal_tim.o
 .text.TIM_ITRx_SetConfig
                0x0000000008002de2       0x36 ./Drivers/STM32F4xx_HAL_Driver/stm32f4xx_hal_tim.o
 .text.TIM_ETR_SetConfig
                0x0000000008002e18       0x40 ./Drivers/STM32F4xx_HAL_Driver/stm32f4xx_hal_tim.o
                0x0000000008002e18                TIM_ETR_SetConfig
 .text.TIM_CCxChannelCmd
                0x0000000008002e58       0x4a ./Drivers/STM32F4xx_HAL_Driver/stm32f4xx_hal_tim.o
                0x0000000008002e58                TIM_CCxChannelCmd
 *fill*         0x0000000008002ea2        0x2 
 .text.HAL_TIMEx_MasterConfigSynchronization
                0x0000000008002ea4       0xf8 ./Drivers/STM32F4xx_HAL_Driver/stm32f4xx_hal_tim_ex.o
                0x0000000008002ea4                HAL_TIMEx_MasterConfigSynchronization
 .text.HAL_TIMEx_ConfigBreakDeadTime
                0x0000000008002f9c       0xa4 ./Drivers/STM32F4xx_HAL_Driver/stm32f4xx_hal_tim_ex.o
                0x0000000008002f9c                HAL_TIMEx_ConfigBreakDeadTime
 .text.__NVIC_SetPriority
                0x0000000008003040       0x54 ./Middlewares/FreeRTOS/cmsis_os2.o
 .text.SVC_Setup
                0x0000000008003094       0x12 ./Middlewares/FreeRTOS/cmsis_os2.o
 *fill*         0x00000000080030a6        0x2 
 .text.osKernelInitialize
                0x00000000080030a8       0x48 ./Middlewares/FreeRTOS/cmsis_os2.o
                0x00000000080030a8                osKernelInitialize
 .text.osKernelStart
                0x00000000080030f0       0x4c ./Middlewares/FreeRTOS/cmsis_os2.o
                0x00000000080030f0                osKernelStart
 .text.osThreadNew
                0x000000000800313c      0x124 ./Middlewares/FreeRTOS/cmsis_os2.o
                0x000000000800313c                osThreadNew
 .text.osDelay  0x0000000008003260       0x36 ./Middlewares/FreeRTOS/cmsis_os2.o
                0x0000000008003260                osDelay
 *fill*         0x0000000008003296        0x2 
 .text.vApplicationGetIdleTaskMemory
                0x0000000008003298       0x34 ./Middlewares/FreeRTOS/cmsis_os2.o
                0x0000000008003298                vApplicationGetIdleTaskMemory
 .text.vApplicationGetTimerTaskMemory
                0x00000000080032cc       0x34 ./Middlewares/FreeRTOS/cmsis_os2.o
                0x00000000080032cc                vApplicationGetTimerTaskMemory
 .text.pvPortMalloc
                0x0000000008003300      0x198 ./Middlewares/FreeRTOS/heap_4.o
                0x0000000008003300                pvPortMalloc
 .text.vPortFree
                0x0000000008003498       0xc4 ./Middlewares/FreeRTOS/heap_4.o
                0x0000000008003498                vPortFree
 .text.prvHeapInit
                0x000000000800355c       0xc4 ./Middlewares/FreeRTOS/heap_4.o
 .text.prvInsertBlockIntoFreeList
                0x0000000008003620       0xb4 ./Middlewares/FreeRTOS/heap_4.o
 .text.vListInitialise
                0x00000000080036d4       0x40 ./Middlewares/FreeRTOS/list.o
                0x00000000080036d4                vListInitialise
 .text.vListInitialiseItem
                0x0000000008003714       0x1a ./Middlewares/FreeRTOS/list.o
                0x0000000008003714                vListInitialiseItem
 .text.vListInsertEnd
                0x000000000800372e       0x48 ./Middlewares/FreeRTOS/list.o
                0x000000000800372e                vListInsertEnd
 .text.vListInsert
                0x0000000008003776       0x72 ./Middlewares/FreeRTOS/list.o
                0x0000000008003776                vListInsert
 .text.uxListRemove
                0x00000000080037e8       0x54 ./Middlewares/FreeRTOS/list.o
                0x00000000080037e8                uxListRemove
 .text.pxPortInitialiseStack
                0x000000000800383c       0x68 ./Middlewares/FreeRTOS/port.o
                0x000000000800383c                pxPortInitialiseStack
 .text.prvTaskExitError
                0x00000000080038a4       0x58 ./Middlewares/FreeRTOS/port.o
 *fill*         0x00000000080038fc        0x4 
 .text.SVC_Handler
                0x0000000008003900       0x28 ./Middlewares/FreeRTOS/port.o
                0x0000000008003900                SVC_Handler
 .text.prvPortStartFirstTask
                0x0000000008003928       0x28 ./Middlewares/FreeRTOS/port.o
 .text.xPortStartScheduler
                0x0000000008003950      0x144 ./Middlewares/FreeRTOS/port.o
                0x0000000008003950                xPortStartScheduler
 .text.vPortEnterCritical
                0x0000000008003a94       0x60 ./Middlewares/FreeRTOS/port.o
                0x0000000008003a94                vPortEnterCritical
 .text.vPortExitCritical
                0x0000000008003af4       0x54 ./Middlewares/FreeRTOS/port.o
                0x0000000008003af4                vPortExitCritical
 *fill*         0x0000000008003b48        0x8 
 .text.PendSV_Handler
                0x0000000008003b50       0x68 ./Middlewares/FreeRTOS/port.o
                0x0000000008003b50                PendSV_Handler
 .text.xPortSysTickHandler
                0x0000000008003bb8       0x44 ./Middlewares/FreeRTOS/port.o
                0x0000000008003bb8                xPortSysTickHandler
 .text.vPortSetupTimerInterrupt
                0x0000000008003bfc       0x48 ./Middlewares/FreeRTOS/port.o
                0x0000000008003bfc                vPortSetupTimerInterrupt
 .text.vPortEnableVFP
                0x0000000008003c44       0x14 ./Middlewares/FreeRTOS/port.o
 .text.vPortValidateInterruptPriority
                0x0000000008003c58       0x80 ./Middlewares/FreeRTOS/port.o
                0x0000000008003c58                vPortValidateInterruptPriority
 .text.xQueueGenericReset
                0x0000000008003cd8       0xd0 ./Middlewares/FreeRTOS/queue.o
                0x0000000008003cd8                xQueueGenericReset
 .text.xQueueGenericCreateStatic
                0x0000000008003da8       0xf0 ./Middlewares/FreeRTOS/queue.o
                0x0000000008003da8                xQueueGenericCreateStatic
 .text.prvInitialiseNewQueue
                0x0000000008003e98       0x46 ./Middlewares/FreeRTOS/queue.o
 *fill*         0x0000000008003ede        0x2 
 .text.xQueueGenericSend
                0x0000000008003ee0      0x1fc ./Middlewares/FreeRTOS/queue.o
                0x0000000008003ee0                xQueueGenericSend
 .text.xQueueGenericSendFromISR
                0x00000000080040dc      0x136 ./Middlewares/FreeRTOS/queue.o
                0x00000000080040dc                xQueueGenericSendFromISR
 *fill*         0x0000000008004212        0x2 
 .text.xQueueReceive
                0x0000000008004214      0x1c0 ./Middlewares/FreeRTOS/queue.o
                0x0000000008004214                xQueueReceive
 .text.prvCopyDataToQueue
                0x00000000080043d4       0xd4 ./Middlewares/FreeRTOS/queue.o
 .text.prvCopyDataFromQueue
                0x00000000080044a8       0x4c ./Middlewares/FreeRTOS/queue.o
 .text.prvUnlockQueue
                0x00000000080044f4       0xa4 ./Middlewares/FreeRTOS/queue.o
 .text.prvIsQueueEmpty
                0x0000000008004598       0x2c ./Middlewares/FreeRTOS/queue.o
 .text.prvIsQueueFull
                0x00000000080045c4       0x30 ./Middlewares/FreeRTOS/queue.o
 .text.vQueueAddToRegistry
                0x00000000080045f4       0x54 ./Middlewares/FreeRTOS/queue.o
                0x00000000080045f4                vQueueAddToRegistry
 .text.vQueueWaitForMessageRestricted
                0x0000000008004648       0x68 ./Middlewares/FreeRTOS/queue.o
                0x0000000008004648                vQueueWaitForMessageRestricted
 .text.xTaskCreateStatic
                0x00000000080046b0       0xba ./Middlewares/FreeRTOS/tasks.o
                0x00000000080046b0                xTaskCreateStatic
 .text.xTaskCreate
                0x000000000800476a       0x8a ./Middlewares/FreeRTOS/tasks.o
                0x000000000800476a                xTaskCreate
 .text.prvInitialiseNewTask
                0x00000000080047f4      0x11e ./Middlewares/FreeRTOS/tasks.o
 *fill*         0x0000000008004912        0x2 
 .text.prvAddNewTaskToReadyList
                0x0000000008004914       0xe0 ./Middlewares/FreeRTOS/tasks.o
 .text.vTaskDelay
                0x00000000080049f4       0x68 ./Middlewares/FreeRTOS/tasks.o
                0x00000000080049f4                vTaskDelay
 .text.vTaskStartScheduler
                0x0000000008004a5c       0xcc ./Middlewares/FreeRTOS/tasks.o
                0x0000000008004a5c                vTaskStartScheduler
 .text.vTaskSuspendAll
                0x0000000008004b28       0x1c ./Middlewares/FreeRTOS/tasks.o
                0x0000000008004b28                vTaskSuspendAll
 .text.xTaskResumeAll
                0x0000000008004b44      0x13c ./Middlewares/FreeRTOS/tasks.o
                0x0000000008004b44                xTaskResumeAll
 .text.xTaskGetTickCount
                0x0000000008004c80       0x20 ./Middlewares/FreeRTOS/tasks.o
                0x0000000008004c80                xTaskGetTickCount
 .text.xTaskIncrementTick
                0x0000000008004ca0      0x174 ./Middlewares/FreeRTOS/tasks.o
                0x0000000008004ca0                xTaskIncrementTick
 .text.vTaskSwitchContext
                0x0000000008004e14       0xbc ./Middlewares/FreeRTOS/tasks.o
                0x0000000008004e14                vTaskSwitchContext
 .text.vTaskPlaceOnEventList
                0x0000000008004ed0       0x48 ./Middlewares/FreeRTOS/tasks.o
                0x0000000008004ed0                vTaskPlaceOnEventList
 .text.vTaskPlaceOnEventListRestricted
                0x0000000008004f18       0x58 ./Middlewares/FreeRTOS/tasks.o
                0x0000000008004f18                vTaskPlaceOnEventListRestricted
 .text.xTaskRemoveFromEventList
                0x0000000008004f70       0xc8 ./Middlewares/FreeRTOS/tasks.o
                0x0000000008004f70                xTaskRemoveFromEventList
 .text.vTaskInternalSetTimeOutState
                0x0000000008005038       0x2c ./Middlewares/FreeRTOS/tasks.o
                0x0000000008005038                vTaskInternalSetTimeOutState
 .text.xTaskCheckForTimeOut
                0x0000000008005064       0xc4 ./Middlewares/FreeRTOS/tasks.o
                0x0000000008005064                xTaskCheckForTimeOut
 .text.vTaskMissedYield
                0x0000000008005128       0x18 ./Middlewares/FreeRTOS/tasks.o
                0x0000000008005128                vTaskMissedYield
 .text.prvIdleTask
                0x0000000008005140       0x30 ./Middlewares/FreeRTOS/tasks.o
 .text.prvInitialiseTaskLists
                0x0000000008005170       0x80 ./Middlewares/FreeRTOS/tasks.o
 .text.prvCheckTasksWaitingTermination
                0x00000000080051f0       0x5c ./Middlewares/FreeRTOS/tasks.o
 .text.prvDeleteTCB
                0x000000000800524c       0x5e ./Middlewares/FreeRTOS/tasks.o
 *fill*         0x00000000080052aa        0x2 
 .text.prvResetNextTaskUnblockTime
                0x00000000080052ac       0x40 ./Middlewares/FreeRTOS/tasks.o
 .text.xTaskGetSchedulerState
                0x00000000080052ec       0x3c ./Middlewares/FreeRTOS/tasks.o
                0x00000000080052ec                xTaskGetSchedulerState
 .text.xTaskPriorityDisinherit
                0x0000000008005328       0xdc ./Middlewares/FreeRTOS/tasks.o
                0x0000000008005328                xTaskPriorityDisinherit
 .text.prvAddCurrentTaskToDelayedList
                0x0000000008005404       0xa8 ./Middlewares/FreeRTOS/tasks.o
 .text.xTimerCreateTimerTask
                0x00000000080054ac       0x90 ./Middlewares/FreeRTOS/timers.o
                0x00000000080054ac                xTimerCreateTimerTask
 .text.xTimerGenericCommand
                0x000000000800553c       0x9c ./Middlewares/FreeRTOS/timers.o
                0x000000000800553c                xTimerGenericCommand
 .text.prvProcessExpiredTimer
                0x00000000080055d8       0x98 ./Middlewares/FreeRTOS/timers.o
 .text.prvTimerTask
                0x0000000008005670       0x24 ./Middlewares/FreeRTOS/timers.o
 .text.prvProcessTimerOrBlockTask
                0x0000000008005694       0x9c ./Middlewares/FreeRTOS/timers.o
 .text.prvGetNextExpireTime
                0x0000000008005730       0x48 ./Middlewares/FreeRTOS/timers.o
 .text.prvSampleTimeNow
                0x0000000008005778       0x40 ./Middlewares/FreeRTOS/timers.o
 .text.prvInsertTimerInActiveList
                0x00000000080057b8       0x84 ./Middlewares/FreeRTOS/timers.o
 .text.prvProcessReceivedCommands
                0x000000000800583c      0x1c4 ./Middlewares/FreeRTOS/timers.o
 .text.prvSwitchTimerLists
                0x0000000008005a00       0xc8 ./Middlewares/FreeRTOS/timers.o
 .text.prvCheckForValidListAndQueue
                0x0000000008005ac8       0x80 ./Middlewares/FreeRTOS/timers.o
 .text.OLED_Refresh_Gram
                0x0000000008005b48       0x70 ./PeripheralDriver/Src/oled.o
                0x0000000008005b48                OLED_Refresh_Gram
 .text.OLED_WR_Byte
                0x0000000008005bb8       0x94 ./PeripheralDriver/Src/oled.o
                0x0000000008005bb8                OLED_WR_Byte
 .text.OLED_Clear
                0x0000000008005c4c       0x4c ./PeripheralDriver/Src/oled.o
                0x0000000008005c4c                OLED_Clear
 .text.OLED_DrawPoint
                0x0000000008005c98       0xb4 ./PeripheralDriver/Src/oled.o
                0x0000000008005c98                OLED_DrawPoint
 .text.OLED_ShowChar
                0x0000000008005d4c       0xe4 ./PeripheralDriver/Src/oled.o
                0x0000000008005d4c                OLED_ShowChar
 .text.OLED_ShowString
                0x0000000008005e30       0x64 ./PeripheralDriver/Src/oled.o
                0x0000000008005e30                OLED_ShowString
 .text.OLED_Init
                0x0000000008005e94      0x118 ./PeripheralDriver/Src/oled.o
                0x0000000008005e94                OLED_Init
 .text.__errno  0x0000000008005fac        0xc c:/st/stm32cubeide_1.7.0/stm32cubeide/plugins/com.st.stm32cube.ide.mcu.externaltools.gnu-tools-for-stm32.9-2020-q2-update.win32_2.0.0.202105311346/tools/bin/../lib/gcc/arm-none-eabi/9.3.1/../../../../arm-none-eabi/lib/thumb/v7e-m+fp/hard\libc_nano.a(lib_a-errno.o)
                0x0000000008005fac                __errno
 .text.__libc_init_array
                0x0000000008005fb8       0x48 c:/st/stm32cubeide_1.7.0/stm32cubeide/plugins/com.st.stm32cube.ide.mcu.externaltools.gnu-tools-for-stm32.9-2020-q2-update.win32_2.0.0.202105311346/tools/bin/../lib/gcc/arm-none-eabi/9.3.1/../../../../arm-none-eabi/lib/thumb/v7e-m+fp/hard\libc_nano.a(lib_a-init.o)
                0x0000000008005fb8                __libc_init_array
 .text.memcpy   0x0000000008006000       0x1c c:/st/stm32cubeide_1.7.0/stm32cubeide/plugins/com.st.stm32cube.ide.mcu.externaltools.gnu-tools-for-stm32.9-2020-q2-update.win32_2.0.0.202105311346/tools/bin/../lib/gcc/arm-none-eabi/9.3.1/../../../../arm-none-eabi/lib/thumb/v7e-m+fp/hard\libc_nano.a(lib_a-memcpy-stub.o)
                0x0000000008006000                memcpy
 .text.memset   0x000000000800601c       0x10 c:/st/stm32cubeide_1.7.0/stm32cubeide/plugins/com.st.stm32cube.ide.mcu.externaltools.gnu-tools-for-stm32.9-2020-q2-update.win32_2.0.0.202105311346/tools/bin/../lib/gcc/arm-none-eabi/9.3.1/../../../../arm-none-eabi/lib/thumb/v7e-m+fp/hard\libc_nano.a(lib_a-memset.o)
                0x000000000800601c                memset
 .text.sprintf  0x000000000800602c       0x40 c:/st/stm32cubeide_1.7.0/stm32cubeide/plugins/com.st.stm32cube.ide.mcu.externaltools.gnu-tools-for-stm32.9-2020-q2-update.win32_2.0.0.202105311346/tools/bin/../lib/gcc/arm-none-eabi/9.3.1/../../../../arm-none-eabi/lib/thumb/v7e-m+fp/hard\libc_nano.a(lib_a-sprintf.o)
                0x000000000800602c                siprintf
                0x000000000800602c                sprintf
 .text.__ssputs_r
                0x000000000800606c       0xb6 c:/st/stm32cubeide_1.7.0/stm32cubeide/plugins/com.st.stm32cube.ide.mcu.externaltools.gnu-tools-for-stm32.9-2020-q2-update.win32_2.0.0.202105311346/tools/bin/../lib/gcc/arm-none-eabi/9.3.1/../../../../arm-none-eabi/lib/thumb/v7e-m+fp/hard\libc_nano.a(lib_a-nano-svfprintf.o)
                0x000000000800606c                __ssputs_r
 *fill*         0x0000000008006122        0x2 
 .text._svfprintf_r
                0x0000000008006124      0x200 c:/st/stm32cubeide_1.7.0/stm32cubeide/plugins/com.st.stm32cube.ide.mcu.externaltools.gnu-tools-for-stm32.9-2020-q2-update.win32_2.0.0.202105311346/tools/bin/../lib/gcc/arm-none-eabi/9.3.1/../../../../arm-none-eabi/lib/thumb/v7e-m+fp/hard\libc_nano.a(lib_a-nano-svfprintf.o)
                0x0000000008006124                _svfiprintf_r
                0x0000000008006124                _svfprintf_r
 .text._printf_common
                0x0000000008006324       0xda c:/st/stm32cubeide_1.7.0/stm32cubeide/plugins/com.st.stm32cube.ide.mcu.externaltools.gnu-tools-for-stm32.9-2020-q2-update.win32_2.0.0.202105311346/tools/bin/../lib/gcc/arm-none-eabi/9.3.1/../../../../arm-none-eabi/lib/thumb/v7e-m+fp/hard\libc_nano.a(lib_a-nano-vfprintf_i.o)
                0x0000000008006324                _printf_common
 *fill*         0x00000000080063fe        0x2 
 .text._printf_i
                0x0000000008006400      0x24c c:/st/stm32cubeide_1.7.0/stm32cubeide/plugins/com.st.stm32cube.ide.mcu.externaltools.gnu-tools-for-stm32.9-2020-q2-update.win32_2.0.0.202105311346/tools/bin/../lib/gcc/arm-none-eabi/9.3.1/../../../../arm-none-eabi/lib/thumb/v7e-m+fp/hard\libc_nano.a(lib_a-nano-vfprintf_i.o)
                0x0000000008006400                _printf_i
 .text.memmove  0x000000000800664c       0x34 c:/st/stm32cubeide_1.7.0/stm32cubeide/plugins/com.st.stm32cube.ide.mcu.externaltools.gnu-tools-for-stm32.9-2020-q2-update.win32_2.0.0.202105311346/tools/bin/../lib/gcc/arm-none-eabi/9.3.1/../../../../arm-none-eabi/lib/thumb/v7e-m+fp/hard\libc_nano.a(lib_a-memmove.o)
                0x000000000800664c                memmove
 .text._free_r  0x0000000008006680       0xa0 c:/st/stm32cubeide_1.7.0/stm32cubeide/plugins/com.st.stm32cube.ide.mcu.externaltools.gnu-tools-for-stm32.9-2020-q2-update.win32_2.0.0.202105311346/tools/bin/../lib/gcc/arm-none-eabi/9.3.1/../../../../arm-none-eabi/lib/thumb/v7e-m+fp/hard\libc_nano.a(lib_a-nano-freer.o)
                0x0000000008006680                _free_r
 .text._malloc_r
                0x0000000008006720       0xb4 c:/st/stm32cubeide_1.7.0/stm32cubeide/plugins/com.st.stm32cube.ide.mcu.externaltools.gnu-tools-for-stm32.9-2020-q2-update.win32_2.0.0.202105311346/tools/bin/../lib/gcc/arm-none-eabi/9.3.1/../../../../arm-none-eabi/lib/thumb/v7e-m+fp/hard\libc_nano.a(lib_a-nano-mallocr.o)
                0x0000000008006720                _malloc_r
 .text._realloc_r
                0x00000000080067d4       0x4c c:/st/stm32cubeide_1.7.0/stm32cubeide/plugins/com.st.stm32cube.ide.mcu.externaltools.gnu-tools-for-stm32.9-2020-q2-update.win32_2.0.0.202105311346/tools/bin/../lib/gcc/arm-none-eabi/9.3.1/../../../../arm-none-eabi/lib/thumb/v7e-m+fp/hard\libc_nano.a(lib_a-nano-reallocr.o)
                0x00000000080067d4                _realloc_r
 .text._sbrk_r  0x0000000008006820       0x20 c:/st/stm32cubeide_1.7.0/stm32cubeide/plugins/com.st.stm32cube.ide.mcu.externaltools.gnu-tools-for-stm32.9-2020-q2-update.win32_2.0.0.202105311346/tools/bin/../lib/gcc/arm-none-eabi/9.3.1/../../../../arm-none-eabi/lib/thumb/v7e-m+fp/hard\libc_nano.a(lib_a-sbrkr.o)
                0x0000000008006820                _sbrk_r
 .text.__malloc_lock
                0x0000000008006840        0xc c:/st/stm32cubeide_1.7.0/stm32cubeide/plugins/com.st.stm32cube.ide.mcu.externaltools.gnu-tools-for-stm32.9-2020-q2-update.win32_2.0.0.202105311346/tools/bin/../lib/gcc/arm-none-eabi/9.3.1/../../../../arm-none-eabi/lib/thumb/v7e-m+fp/hard\libc_nano.a(lib_a-mlock.o)
                0x0000000008006840                __malloc_lock
 .text.__malloc_unlock
                0x000000000800684c        0xc c:/st/stm32cubeide_1.7.0/stm32cubeide/plugins/com.st.stm32cube.ide.mcu.externaltools.gnu-tools-for-stm32.9-2020-q2-update.win32_2.0.0.202105311346/tools/bin/../lib/gcc/arm-none-eabi/9.3.1/../../../../arm-none-eabi/lib/thumb/v7e-m+fp/hard\libc_nano.a(lib_a-mlock.o)
                0x000000000800684c                __malloc_unlock
 .text._malloc_usable_size_r
                0x0000000008006858       0x10 c:/st/stm32cubeide_1.7.0/stm32cubeide/plugins/com.st.stm32cube.ide.mcu.externaltools.gnu-tools-for-stm32.9-2020-q2-update.win32_2.0.0.202105311346/tools/bin/../lib/gcc/arm-none-eabi/9.3.1/../../../../arm-none-eabi/lib/thumb/v7e-m+fp/hard\libc_nano.a(lib_a-nano-msizer.o)
                0x0000000008006858                _malloc_usable_size_r
 .text.__retarget_lock_acquire_recursive
                0x0000000008006868        0x2 c:/st/stm32cubeide_1.7.0/stm32cubeide/plugins/com.st.stm32cube.ide.mcu.externaltools.gnu-tools-for-stm32.9-2020-q2-update.win32_2.0.0.202105311346/tools/bin/../lib/gcc/arm-none-eabi/9.3.1/../../../../arm-none-eabi/lib/thumb/v7e-m+fp/hard\libc_nano.a(lib_a-lock.o)
                0x0000000008006868                __retarget_lock_acquire_recursive
 .text.__retarget_lock_release_recursive
                0x000000000800686a        0x2 c:/st/stm32cubeide_1.7.0/stm32cubeide/plugins/com.st.stm32cube.ide.mcu.externaltools.gnu-tools-for-stm32.9-2020-q2-update.win32_2.0.0.202105311346/tools/bin/../lib/gcc/arm-none-eabi/9.3.1/../../../../arm-none-eabi/lib/thumb/v7e-m+fp/hard\libc_nano.a(lib_a-lock.o)
                0x000000000800686a                __retarget_lock_release_recursive
 *(.glue_7)
 .glue_7        0x000000000800686c        0x0 linker stubs
 *(.glue_7t)
 .glue_7t       0x000000000800686c        0x0 linker stubs
 *(.eh_frame)
 .eh_frame      0x000000000800686c        0x0 c:/st/stm32cubeide_1.7.0/stm32cubeide/plugins/com.st.stm32cube.ide.mcu.externaltools.gnu-tools-for-stm32.9-2020-q2-update.win32_2.0.0.202105311346/tools/bin/../lib/gcc/arm-none-eabi/9.3.1/thumb/v7e-m+fp/hard/crtbegin.o
 *(.init)
 .init          0x000000000800686c        0x4 c:/st/stm32cubeide_1.7.0/stm32cubeide/plugins/com.st.stm32cube.ide.mcu.externaltools.gnu-tools-for-stm32.9-2020-q2-update.win32_2.0.0.202105311346/tools/bin/../lib/gcc/arm-none-eabi/9.3.1/thumb/v7e-m+fp/hard/crti.o
                0x000000000800686c                _init
 .init          0x0000000008006870        0x8 c:/st/stm32cubeide_1.7.0/stm32cubeide/plugins/com.st.stm32cube.ide.mcu.externaltools.gnu-tools-for-stm32.9-2020-q2-update.win32_2.0.0.202105311346/tools/bin/../lib/gcc/arm-none-eabi/9.3.1/thumb/v7e-m+fp/hard/crtn.o
 *(.fini)
 .fini          0x0000000008006878        0x4 c:/st/stm32cubeide_1.7.0/stm32cubeide/plugins/com.st.stm32cube.ide.mcu.externaltools.gnu-tools-for-stm32.9-2020-q2-update.win32_2.0.0.202105311346/tools/bin/../lib/gcc/arm-none-eabi/9.3.1/thumb/v7e-m+fp/hard/crti.o
                0x0000000008006878                _fini
 .fini          0x000000000800687c        0x8 c:/st/stm32cubeide_1.7.0/stm32cubeide/plugins/com.st.stm32cube.ide.mcu.externaltools.gnu-tools-for-stm32.9-2020-q2-update.win32_2.0.0.202105311346/tools/bin/../lib/gcc/arm-none-eabi/9.3.1/thumb/v7e-m+fp/hard/crtn.o
                0x0000000008006884                . = ALIGN (0x4)
                0x0000000008006884                _etext = .

.vfp11_veneer   0x0000000008006884        0x0
 .vfp11_veneer  0x0000000008006884        0x0 linker stubs

.v4_bx          0x0000000008006884        0x0
 .v4_bx         0x0000000008006884        0x0 linker stubs

.iplt           0x0000000008006884        0x0
 .iplt          0x0000000008006884        0x0 c:/st/stm32cubeide_1.7.0/stm32cubeide/plugins/com.st.stm32cube.ide.mcu.externaltools.gnu-tools-for-stm32.9-2020-q2-update.win32_2.0.0.202105311346/tools/bin/../lib/gcc/arm-none-eabi/9.3.1/thumb/v7e-m+fp/hard/crtbegin.o

.rodata         0x0000000008006884      0xbc0
                0x0000000008006884                . = ALIGN (0x4)
 *(.rodata)
 .rodata        0x0000000008006884       0x70 ./Core/Src/main.o
 .rodata        0x00000000080068f4        0x5 ./Middlewares/FreeRTOS/tasks.o
 *fill*         0x00000000080068f9        0x3 
 .rodata        0x00000000080068fc        0xd ./Middlewares/FreeRTOS/timers.o
 *(.rodata*)
 *fill*         0x0000000008006909        0x3 
 .rodata.defaultTask_attributes
                0x000000000800690c       0x24 ./Core/Src/main.o
                0x000000000800690c                defaultTask_attributes
 .rodata.MotorTask_attributes
                0x0000000008006930       0x24 ./Core/Src/main.o
                0x0000000008006930                MotorTask_attributes
 .rodata.showOLED_attributes
                0x0000000008006954       0x24 ./Core/Src/main.o
                0x0000000008006954                showOLED_attributes
 .rodata.EncoderTask_attributes
                0x0000000008006978       0x24 ./Core/Src/main.o
                0x0000000008006978                EncoderTask_attributes
 .rodata.AHBPrescTable
                0x000000000800699c       0x10 ./Core/Src/system_stm32f4xx.o
                0x000000000800699c                AHBPrescTable
 .rodata.oled_asc2_1206
                0x00000000080069ac      0x474 ./PeripheralDriver/Src/oled.o
                0x00000000080069ac                oled_asc2_1206
 .rodata.oled_asc2_1608
                0x0000000008006e20      0x5f0 ./PeripheralDriver/Src/oled.o
                0x0000000008006e20                oled_asc2_1608
 .rodata._svfprintf_r.str1.1
                0x0000000008007410       0x11 c:/st/stm32cubeide_1.7.0/stm32cubeide/plugins/com.st.stm32cube.ide.mcu.externaltools.gnu-tools-for-stm32.9-2020-q2-update.win32_2.0.0.202105311346/tools/bin/../lib/gcc/arm-none-eabi/9.3.1/../../../../arm-none-eabi/lib/thumb/v7e-m+fp/hard\libc_nano.a(lib_a-nano-svfprintf.o)
 .rodata._printf_i.str1.1
                0x0000000008007421       0x22 c:/st/stm32cubeide_1.7.0/stm32cubeide/plugins/com.st.stm32cube.ide.mcu.externaltools.gnu-tools-for-stm32.9-2020-q2-update.win32_2.0.0.202105311346/tools/bin/../lib/gcc/arm-none-eabi/9.3.1/../../../../arm-none-eabi/lib/thumb/v7e-m+fp/hard\libc_nano.a(lib_a-nano-vfprintf_i.o)
                0x0000000008007444                . = ALIGN (0x4)
 *fill*         0x0000000008007443        0x1 

.ARM.extab      0x0000000008007444        0x0
                0x0000000008007444                . = ALIGN (0x4)
 *(.ARM.extab* .gnu.linkonce.armextab.*)
                0x0000000008007444                . = ALIGN (0x4)

.ARM            0x0000000008007444        0x8
                0x0000000008007444                . = ALIGN (0x4)
                0x0000000008007444                __exidx_start = .
 *(.ARM.exidx*)
 .ARM.exidx     0x0000000008007444        0x8 c:/st/stm32cubeide_1.7.0/stm32cubeide/plugins/com.st.stm32cube.ide.mcu.externaltools.gnu-tools-for-stm32.9-2020-q2-update.win32_2.0.0.202105311346/tools/bin/../lib/gcc/arm-none-eabi/9.3.1/thumb/v7e-m+fp/hard\libgcc.a(_udivmoddi4.o)
                0x000000000800744c                __exidx_end = .
                0x000000000800744c                . = ALIGN (0x4)

.rel.dyn        0x000000000800744c        0x0
 .rel.iplt      0x000000000800744c        0x0 c:/st/stm32cubeide_1.7.0/stm32cubeide/plugins/com.st.stm32cube.ide.mcu.externaltools.gnu-tools-for-stm32.9-2020-q2-update.win32_2.0.0.202105311346/tools/bin/../lib/gcc/arm-none-eabi/9.3.1/thumb/v7e-m+fp/hard/crtbegin.o

.preinit_array  0x000000000800744c        0x0
                0x000000000800744c                . = ALIGN (0x4)
                0x000000000800744c                PROVIDE (__preinit_array_start = .)
 *(.preinit_array*)
                0x000000000800744c                PROVIDE (__preinit_array_end = .)
                0x000000000800744c                . = ALIGN (0x4)

.init_array     0x000000000800744c        0x4
                0x000000000800744c                . = ALIGN (0x4)
                0x000000000800744c                PROVIDE (__init_array_start = .)
 *(SORT_BY_NAME(.init_array.*))
 *(.init_array*)
 .init_array    0x000000000800744c        0x4 c:/st/stm32cubeide_1.7.0/stm32cubeide/plugins/com.st.stm32cube.ide.mcu.externaltools.gnu-tools-for-stm32.9-2020-q2-update.win32_2.0.0.202105311346/tools/bin/../lib/gcc/arm-none-eabi/9.3.1/thumb/v7e-m+fp/hard/crtbegin.o
                0x0000000008007450                PROVIDE (__init_array_end = .)
                0x0000000008007450                . = ALIGN (0x4)

.fini_array     0x0000000008007450        0x4
                0x0000000008007450                . = ALIGN (0x4)
                [!provide]                        PROVIDE (__fini_array_start = .)
 *(SORT_BY_NAME(.fini_array.*))
 *(.fini_array*)
 .fini_array    0x0000000008007450        0x4 c:/st/stm32cubeide_1.7.0/stm32cubeide/plugins/com.st.stm32cube.ide.mcu.externaltools.gnu-tools-for-stm32.9-2020-q2-update.win32_2.0.0.202105311346/tools/bin/../lib/gcc/arm-none-eabi/9.3.1/thumb/v7e-m+fp/hard/crtbegin.o
                [!provide]                        PROVIDE (__fini_array_end = .)
                0x0000000008007454                . = ALIGN (0x4)
                0x0000000008007454                _sidata = LOADADDR (.data)

.data           0x0000000020000000       0x74 load address 0x0000000008007454
                0x0000000020000000                . = ALIGN (0x4)
                0x0000000020000000                _sdata = .
 *(.data)
 *(.data*)
 .data.SystemCoreClock
                0x0000000020000000        0x4 ./Core/Src/system_stm32f4xx.o
                0x0000000020000000                SystemCoreClock
 .data.uwTickPrio
                0x0000000020000004        0x4 ./Drivers/STM32F4xx_HAL_Driver/stm32f4xx_hal.o
                0x0000000020000004                uwTickPrio
 .data.uwTickFreq
                0x0000000020000008        0x1 ./Drivers/STM32F4xx_HAL_Driver/stm32f4xx_hal.o
                0x0000000020000008                uwTickFreq
 *fill*         0x0000000020000009        0x3 
 .data.uxCriticalNesting
                0x000000002000000c        0x4 ./Middlewares/FreeRTOS/port.o
 .data._impure_ptr
                0x0000000020000010        0x4 c:/st/stm32cubeide_1.7.0/stm32cubeide/plugins/com.st.stm32cube.ide.mcu.externaltools.gnu-tools-for-stm32.9-2020-q2-update.win32_2.0.0.202105311346/tools/bin/../lib/gcc/arm-none-eabi/9.3.1/../../../../arm-none-eabi/lib/thumb/v7e-m+fp/hard\libc_nano.a(lib_a-impure.o)
                0x0000000020000010                _impure_ptr
 .data.impure_data
                0x0000000020000014       0x60 c:/st/stm32cubeide_1.7.0/stm32cubeide/plugins/com.st.stm32cube.ide.mcu.externaltools.gnu-tools-for-stm32.9-2020-q2-update.win32_2.0.0.202105311346/tools/bin/../lib/gcc/arm-none-eabi/9.3.1/../../../../arm-none-eabi/lib/thumb/v7e-m+fp/hard\libc_nano.a(lib_a-impure.o)
 *(.RamFunc)
 *(.RamFunc*)
                0x0000000020000074                . = ALIGN (0x4)
                0x0000000020000074                _edata = .
                0x00000000080074c8                _siccmram = LOADADDR (.ccmram)

.igot.plt       0x0000000020000074        0x0 load address 0x00000000080074c8
 .igot.plt      0x0000000020000074        0x0 c:/st/stm32cubeide_1.7.0/stm32cubeide/plugins/com.st.stm32cube.ide.mcu.externaltools.gnu-tools-for-stm32.9-2020-q2-update.win32_2.0.0.202105311346/tools/bin/../lib/gcc/arm-none-eabi/9.3.1/thumb/v7e-m+fp/hard/crtbegin.o

.ccmram         0x0000000010000000        0x0 load address 0x00000000080074c8
                0x0000000010000000                . = ALIGN (0x4)
                0x0000000010000000                _sccmram = .
 *(.ccmram)
 *(.ccmram*)
                0x0000000010000000                . = ALIGN (0x4)
                0x0000000010000000                _eccmram = .
                0x0000000010000000                . = ALIGN (0x4)

.bss            0x0000000020000074     0x4ebc
                0x0000000020000074                _sbss = .
                0x0000000020000074                __bss_start__ = _sbss
 *(.bss)
 .bss           0x0000000020000074       0x1c c:/st/stm32cubeide_1.7.0/stm32cubeide/plugins/com.st.stm32cube.ide.mcu.externaltools.gnu-tools-for-stm32.9-2020-q2-update.win32_2.0.0.202105311346/tools/bin/../lib/gcc/arm-none-eabi/9.3.1/thumb/v7e-m+fp/hard/crtbegin.o
 *(.bss*)
 .bss.__sbrk_heap_end
                0x0000000020000090        0x4 ./Core/Src/sysmem.o
 .bss.KernelState
                0x0000000020000094        0x4 ./Middlewares/FreeRTOS/cmsis_os2.o
 .bss.Idle_TCB.9953
                0x0000000020000098       0x5c ./Middlewares/FreeRTOS/cmsis_os2.o
 .bss.Idle_Stack.9954
                0x00000000200000f4      0x200 ./Middlewares/FreeRTOS/cmsis_os2.o
 .bss.Timer_TCB.9960
                0x00000000200002f4       0x5c ./Middlewares/FreeRTOS/cmsis_os2.o
 .bss.Timer_Stack.9961
                0x0000000020000350      0x400 ./Middlewares/FreeRTOS/cmsis_os2.o
 .bss.ucHeap    0x0000000020000750     0x3c00 ./Middlewares/FreeRTOS/heap_4.o
 .bss.xStart    0x0000000020004350        0x8 ./Middlewares/FreeRTOS/heap_4.o
 .bss.pxEnd     0x0000000020004358        0x4 ./Middlewares/FreeRTOS/heap_4.o
 .bss.xFreeBytesRemaining
                0x000000002000435c        0x4 ./Middlewares/FreeRTOS/heap_4.o
 .bss.xMinimumEverFreeBytesRemaining
                0x0000000020004360        0x4 ./Middlewares/FreeRTOS/heap_4.o
 .bss.xNumberOfSuccessfulAllocations
                0x0000000020004364        0x4 ./Middlewares/FreeRTOS/heap_4.o
 .bss.xNumberOfSuccessfulFrees
                0x0000000020004368        0x4 ./Middlewares/FreeRTOS/heap_4.o
 .bss.xBlockAllocatedBit
                0x000000002000436c        0x4 ./Middlewares/FreeRTOS/heap_4.o
 .bss.ucMaxSysCallPriority
                0x0000000020004370        0x1 ./Middlewares/FreeRTOS/port.o
 *fill*         0x0000000020004371        0x3 
 .bss.ulMaxPRIGROUPValue
                0x0000000020004374        0x4 ./Middlewares/FreeRTOS/port.o
 .bss.pxCurrentTCB
                0x0000000020004378        0x4 ./Middlewares/FreeRTOS/tasks.o
                0x0000000020004378                pxCurrentTCB
 .bss.pxReadyTasksLists
                0x000000002000437c      0x460 ./Middlewares/FreeRTOS/tasks.o
 .bss.xDelayedTaskList1
                0x00000000200047dc       0x14 ./Middlewares/FreeRTOS/tasks.o
 .bss.xDelayedTaskList2
                0x00000000200047f0       0x14 ./Middlewares/FreeRTOS/tasks.o
 .bss.pxDelayedTaskList
                0x0000000020004804        0x4 ./Middlewares/FreeRTOS/tasks.o
 .bss.pxOverflowDelayedTaskList
                0x0000000020004808        0x4 ./Middlewares/FreeRTOS/tasks.o
 .bss.xPendingReadyList
                0x000000002000480c       0x14 ./Middlewares/FreeRTOS/tasks.o
 .bss.xTasksWaitingTermination
                0x0000000020004820       0x14 ./Middlewares/FreeRTOS/tasks.o
 .bss.uxDeletedTasksWaitingCleanUp
                0x0000000020004834        0x4 ./Middlewares/FreeRTOS/tasks.o
 .bss.xSuspendedTaskList
                0x0000000020004838       0x14 ./Middlewares/FreeRTOS/tasks.o
 .bss.uxCurrentNumberOfTasks
                0x000000002000484c        0x4 ./Middlewares/FreeRTOS/tasks.o
 .bss.xTickCount
                0x0000000020004850        0x4 ./Middlewares/FreeRTOS/tasks.o
 .bss.uxTopReadyPriority
                0x0000000020004854        0x4 ./Middlewares/FreeRTOS/tasks.o
 .bss.xSchedulerRunning
                0x0000000020004858        0x4 ./Middlewares/FreeRTOS/tasks.o
 .bss.xPendedTicks
                0x000000002000485c        0x4 ./Middlewares/FreeRTOS/tasks.o
 .bss.xYieldPending
                0x0000000020004860        0x4 ./Middlewares/FreeRTOS/tasks.o
 .bss.xNumOfOverflows
                0x0000000020004864        0x4 ./Middlewares/FreeRTOS/tasks.o
 .bss.uxTaskNumber
                0x0000000020004868        0x4 ./Middlewares/FreeRTOS/tasks.o
 .bss.xNextTaskUnblockTime
                0x000000002000486c        0x4 ./Middlewares/FreeRTOS/tasks.o
 .bss.xIdleTaskHandle
                0x0000000020004870        0x4 ./Middlewares/FreeRTOS/tasks.o
 .bss.uxSchedulerSuspended
                0x0000000020004874        0x4 ./Middlewares/FreeRTOS/tasks.o
 .bss.xActiveTimerList1
                0x0000000020004878       0x14 ./Middlewares/FreeRTOS/timers.o
 .bss.xActiveTimerList2
                0x000000002000488c       0x14 ./Middlewares/FreeRTOS/timers.o
 .bss.pxCurrentTimerList
                0x00000000200048a0        0x4 ./Middlewares/FreeRTOS/timers.o
 .bss.pxOverflowTimerList
                0x00000000200048a4        0x4 ./Middlewares/FreeRTOS/timers.o
 .bss.xTimerQueue
                0x00000000200048a8        0x4 ./Middlewares/FreeRTOS/timers.o
 .bss.xTimerTaskHandle
                0x00000000200048ac        0x4 ./Middlewares/FreeRTOS/timers.o
 .bss.xLastTime.6927
                0x00000000200048b0        0x4 ./Middlewares/FreeRTOS/timers.o
 .bss.ucStaticTimerQueueStorage.6978
                0x00000000200048b4       0xa0 ./Middlewares/FreeRTOS/timers.o
 .bss.xStaticTimerQueue.6977
                0x0000000020004954       0x50 ./Middlewares/FreeRTOS/timers.o
 .bss.__malloc_free_list
                0x00000000200049a4        0x4 c:/st/stm32cubeide_1.7.0/stm32cubeide/plugins/com.st.stm32cube.ide.mcu.externaltools.gnu-tools-for-stm32.9-2020-q2-update.win32_2.0.0.202105311346/tools/bin/../lib/gcc/arm-none-eabi/9.3.1/../../../../arm-none-eabi/lib/thumb/v7e-m+fp/hard\libc_nano.a(lib_a-nano-mallocr.o)
                0x00000000200049a4                __malloc_free_list
 .bss.__malloc_sbrk_start
                0x00000000200049a8        0x4 c:/st/stm32cubeide_1.7.0/stm32cubeide/plugins/com.st.stm32cube.ide.mcu.externaltools.gnu-tools-for-stm32.9-2020-q2-update.win32_2.0.0.202105311346/tools/bin/../lib/gcc/arm-none-eabi/9.3.1/../../../../arm-none-eabi/lib/thumb/v7e-m+fp/hard\libc_nano.a(lib_a-nano-mallocr.o)
                0x00000000200049a8                __malloc_sbrk_start
 *(COMMON)
 COMMON         0x00000000200049ac      0x130 ./Core/Src/main.o
                0x00000000200049ac                defaultTaskHandle
                0x00000000200049b0                htim8
                0x00000000200049f8                MotorTaskHandle
                0x00000000200049fc                EncoderTaskHandle
                0x0000000020004a00                htim3
                0x0000000020004a48                htim1
                0x0000000020004a90                htim2
                0x0000000020004ad8                showOLEDHandle
 COMMON         0x0000000020004adc        0x4 ./Drivers/STM32F4xx_HAL_Driver/stm32f4xx_hal.o
                0x0000000020004adc                uwTick
 COMMON         0x0000000020004ae0       0x40 ./Middlewares/FreeRTOS/queue.o
                0x0000000020004ae0                xQueueRegistry
 COMMON         0x0000000020004b20      0x400 ./PeripheralDriver/Src/oled.o
                0x0000000020004b20                OLED_GRAM
 COMMON         0x0000000020004f20        0x4 c:/st/stm32cubeide_1.7.0/stm32cubeide/plugins/com.st.stm32cube.ide.mcu.externaltools.gnu-tools-for-stm32.9-2020-q2-update.win32_2.0.0.202105311346/tools/bin/../lib/gcc/arm-none-eabi/9.3.1/../../../../arm-none-eabi/lib/thumb/v7e-m+fp/hard\libc_nano.a(lib_a-reent.o)
                0x0000000020004f20                errno
 COMMON         0x0000000020004f24        0x9 c:/st/stm32cubeide_1.7.0/stm32cubeide/plugins/com.st.stm32cube.ide.mcu.externaltools.gnu-tools-for-stm32.9-2020-q2-update.win32_2.0.0.202105311346/tools/bin/../lib/gcc/arm-none-eabi/9.3.1/../../../../arm-none-eabi/lib/thumb/v7e-m+fp/hard\libc_nano.a(lib_a-lock.o)
                0x0000000020004f24                __lock___atexit_recursive_mutex
                0x0000000020004f25                __lock___arc4random_mutex
                0x0000000020004f26                __lock___env_recursive_mutex
                0x0000000020004f27                __lock___sinit_recursive_mutex
                0x0000000020004f28                __lock___malloc_recursive_mutex
                0x0000000020004f29                __lock___at_quick_exit_mutex
                0x0000000020004f2a                __lock___dd_hash_mutex
                0x0000000020004f2b                __lock___tz_mutex
                0x0000000020004f2c                __lock___sfp_recursive_mutex
                0x0000000020004f30                . = ALIGN (0x4)
 *fill*         0x0000000020004f2d        0x3 
                0x0000000020004f30                _ebss = .
                0x0000000020004f30                __bss_end__ = _ebss

._user_heap_stack
                0x0000000020004f30      0x600
                0x0000000020004f30                . = ALIGN (0x8)
                [!provide]                        PROVIDE (end = .)
                0x0000000020004f30                PROVIDE (_end = .)
                0x0000000020005130                . = (. + _Min_Heap_Size)
 *fill*         0x0000000020004f30      0x200 
                0x0000000020005530                . = (. + _Min_Stack_Size)
 *fill*         0x0000000020005130      0x400 
                0x0000000020005530                . = ALIGN (0x8)

/DISCARD/
 libc.a(*)
 libm.a(*)
 libgcc.a(*)

.ARM.attributes
                0x0000000000000000       0x30
 *(.ARM.attributes)
 .ARM.attributes
                0x0000000000000000       0x1e c:/st/stm32cubeide_1.7.0/stm32cubeide/plugins/com.st.stm32cube.ide.mcu.externaltools.gnu-tools-for-stm32.9-2020-q2-update.win32_2.0.0.202105311346/tools/bin/../lib/gcc/arm-none-eabi/9.3.1/thumb/v7e-m+fp/hard/crti.o
 .ARM.attributes
                0x000000000000001e       0x34 c:/st/stm32cubeide_1.7.0/stm32cubeide/plugins/com.st.stm32cube.ide.mcu.externaltools.gnu-tools-for-stm32.9-2020-q2-update.win32_2.0.0.202105311346/tools/bin/../lib/gcc/arm-none-eabi/9.3.1/thumb/v7e-m+fp/hard/crtbegin.o
 .ARM.attributes
                0x0000000000000052       0x34 ./Core/Src/main.o
 .ARM.attributes
                0x0000000000000086       0x34 ./Core/Src/stm32f4xx_hal_msp.o
 .ARM.attributes
                0x00000000000000ba       0x34 ./Core/Src/stm32f4xx_it.o
 .ARM.attributes
                0x00000000000000ee       0x34 ./Core/Src/sysmem.o
 .ARM.attributes
                0x0000000000000122       0x34 ./Core/Src/system_stm32f4xx.o
 .ARM.attributes
                0x0000000000000156       0x21 ./Core/Startup/startup_stm32f407vetx.o
 .ARM.attributes
                0x0000000000000177       0x34 ./Drivers/STM32F4xx_HAL_Driver/stm32f4xx_hal.o
 .ARM.attributes
                0x00000000000001ab       0x34 ./Drivers/STM32F4xx_HAL_Driver/stm32f4xx_hal_cortex.o
 .ARM.attributes
                0x00000000000001df       0x34 ./Drivers/STM32F4xx_HAL_Driver/stm32f4xx_hal_gpio.o
 .ARM.attributes
                0x0000000000000213       0x34 ./Drivers/STM32F4xx_HAL_Driver/stm32f4xx_hal_pwr.o
 .ARM.attributes
                0x0000000000000247       0x34 ./Drivers/STM32F4xx_HAL_Driver/stm32f4xx_hal_rcc.o
 .ARM.attributes
                0x000000000000027b       0x34 ./Drivers/STM32F4xx_HAL_Driver/stm32f4xx_hal_tim.o
 .ARM.attributes
                0x00000000000002af       0x34 ./Drivers/STM32F4xx_HAL_Driver/stm32f4xx_hal_tim_ex.o
 .ARM.attributes
                0x00000000000002e3       0x34 ./Middlewares/FreeRTOS/cmsis_os2.o
 .ARM.attributes
                0x0000000000000317       0x34 ./Middlewares/FreeRTOS/heap_4.o
 .ARM.attributes
                0x000000000000034b       0x34 ./Middlewares/FreeRTOS/list.o
 .ARM.attributes
                0x000000000000037f       0x34 ./Middlewares/FreeRTOS/port.o
 .ARM.attributes
                0x00000000000003b3       0x34 ./Middlewares/FreeRTOS/queue.o
 .ARM.attributes
                0x00000000000003e7       0x34 ./Middlewares/FreeRTOS/tasks.o
 .ARM.attributes
                0x000000000000041b       0x34 ./Middlewares/FreeRTOS/timers.o
 .ARM.attributes
                0x000000000000044f       0x34 ./PeripheralDriver/Src/oled.o
 .ARM.attributes
                0x0000000000000483       0x34 c:/st/stm32cubeide_1.7.0/stm32cubeide/plugins/com.st.stm32cube.ide.mcu.externaltools.gnu-tools-for-stm32.9-2020-q2-update.win32_2.0.0.202105311346/tools/bin/../lib/gcc/arm-none-eabi/9.3.1/../../../../arm-none-eabi/lib/thumb/v7e-m+fp/hard\libc_nano.a(lib_a-errno.o)
 .ARM.attributes
                0x00000000000004b7       0x32 c:/st/stm32cubeide_1.7.0/stm32cubeide/plugins/com.st.stm32cube.ide.mcu.externaltools.gnu-tools-for-stm32.9-2020-q2-update.win32_2.0.0.202105311346/tools/bin/../lib/gcc/arm-none-eabi/9.3.1/../../../../arm-none-eabi/lib/thumb/v7e-m+fp/hard\libc_nano.a(lib_a-impure.o)
 .ARM.attributes
                0x00000000000004e9       0x34 c:/st/stm32cubeide_1.7.0/stm32cubeide/plugins/com.st.stm32cube.ide.mcu.externaltools.gnu-tools-for-stm32.9-2020-q2-update.win32_2.0.0.202105311346/tools/bin/../lib/gcc/arm-none-eabi/9.3.1/../../../../arm-none-eabi/lib/thumb/v7e-m+fp/hard\libc_nano.a(lib_a-init.o)
 .ARM.attributes
                0x000000000000051d       0x34 c:/st/stm32cubeide_1.7.0/stm32cubeide/plugins/com.st.stm32cube.ide.mcu.externaltools.gnu-tools-for-stm32.9-2020-q2-update.win32_2.0.0.202105311346/tools/bin/../lib/gcc/arm-none-eabi/9.3.1/../../../../arm-none-eabi/lib/thumb/v7e-m+fp/hard\libc_nano.a(lib_a-memcpy-stub.o)
 .ARM.attributes
                0x0000000000000551       0x34 c:/st/stm32cubeide_1.7.0/stm32cubeide/plugins/com.st.stm32cube.ide.mcu.externaltools.gnu-tools-for-stm32.9-2020-q2-update.win32_2.0.0.202105311346/tools/bin/../lib/gcc/arm-none-eabi/9.3.1/../../../../arm-none-eabi/lib/thumb/v7e-m+fp/hard\libc_nano.a(lib_a-memset.o)
 .ARM.attributes
                0x0000000000000585       0x34 c:/st/stm32cubeide_1.7.0/stm32cubeide/plugins/com.st.stm32cube.ide.mcu.externaltools.gnu-tools-for-stm32.9-2020-q2-update.win32_2.0.0.202105311346/tools/bin/../lib/gcc/arm-none-eabi/9.3.1/../../../../arm-none-eabi/lib/thumb/v7e-m+fp/hard\libc_nano.a(lib_a-sprintf.o)
 .ARM.attributes
                0x00000000000005b9       0x34 c:/st/stm32cubeide_1.7.0/stm32cubeide/plugins/com.st.stm32cube.ide.mcu.externaltools.gnu-tools-for-stm32.9-2020-q2-update.win32_2.0.0.202105311346/tools/bin/../lib/gcc/arm-none-eabi/9.3.1/../../../../arm-none-eabi/lib/thumb/v7e-m+fp/hard\libc_nano.a(lib_a-nano-svfprintf.o)
 .ARM.attributes
                0x00000000000005ed       0x34 c:/st/stm32cubeide_1.7.0/stm32cubeide/plugins/com.st.stm32cube.ide.mcu.externaltools.gnu-tools-for-stm32.9-2020-q2-update.win32_2.0.0.202105311346/tools/bin/../lib/gcc/arm-none-eabi/9.3.1/../../../../arm-none-eabi/lib/thumb/v7e-m+fp/hard\libc_nano.a(lib_a-nano-vfprintf_i.o)
 .ARM.attributes
                0x0000000000000621       0x1c c:/st/stm32cubeide_1.7.0/stm32cubeide/plugins/com.st.stm32cube.ide.mcu.externaltools.gnu-tools-for-stm32.9-2020-q2-update.win32_2.0.0.202105311346/tools/bin/../lib/gcc/arm-none-eabi/9.3.1/../../../../arm-none-eabi/lib/thumb/v7e-m+fp/hard\libc_nano.a(lib_a-memchr.o)
 .ARM.attributes
                0x000000000000063d       0x34 c:/st/stm32cubeide_1.7.0/stm32cubeide/plugins/com.st.stm32cube.ide.mcu.externaltools.gnu-tools-for-stm32.9-2020-q2-update.win32_2.0.0.202105311346/tools/bin/../lib/gcc/arm-none-eabi/9.3.1/../../../../arm-none-eabi/lib/thumb/v7e-m+fp/hard\libc_nano.a(lib_a-memmove.o)
 .ARM.attributes
                0x0000000000000671       0x34 c:/st/stm32cubeide_1.7.0/stm32cubeide/plugins/com.st.stm32cube.ide.mcu.externaltools.gnu-tools-for-stm32.9-2020-q2-update.win32_2.0.0.202105311346/tools/bin/../lib/gcc/arm-none-eabi/9.3.1/../../../../arm-none-eabi/lib/thumb/v7e-m+fp/hard\libc_nano.a(lib_a-nano-freer.o)
 .ARM.attributes
                0x00000000000006a5       0x34 c:/st/stm32cubeide_1.7.0/stm32cubeide/plugins/com.st.stm32cube.ide.mcu.externaltools.gnu-tools-for-stm32.9-2020-q2-update.win32_2.0.0.202105311346/tools/bin/../lib/gcc/arm-none-eabi/9.3.1/../../../../arm-none-eabi/lib/thumb/v7e-m+fp/hard\libc_nano.a(lib_a-nano-mallocr.o)
 .ARM.attributes
                0x00000000000006d9       0x34 c:/st/stm32cubeide_1.7.0/stm32cubeide/plugins/com.st.stm32cube.ide.mcu.externaltools.gnu-tools-for-stm32.9-2020-q2-update.win32_2.0.0.202105311346/tools/bin/../lib/gcc/arm-none-eabi/9.3.1/../../../../arm-none-eabi/lib/thumb/v7e-m+fp/hard\libc_nano.a(lib_a-nano-reallocr.o)
 .ARM.attributes
                0x000000000000070d       0x34 c:/st/stm32cubeide_1.7.0/stm32cubeide/plugins/com.st.stm32cube.ide.mcu.externaltools.gnu-tools-for-stm32.9-2020-q2-update.win32_2.0.0.202105311346/tools/bin/../lib/gcc/arm-none-eabi/9.3.1/../../../../arm-none-eabi/lib/thumb/v7e-m+fp/hard\libc_nano.a(lib_a-sbrkr.o)
 .ARM.attributes
                0x0000000000000741       0x34 c:/st/stm32cubeide_1.7.0/stm32cubeide/plugins/com.st.stm32cube.ide.mcu.externaltools.gnu-tools-for-stm32.9-2020-q2-update.win32_2.0.0.202105311346/tools/bin/../lib/gcc/arm-none-eabi/9.3.1/../../../../arm-none-eabi/lib/thumb/v7e-m+fp/hard\libc_nano.a(lib_a-mlock.o)
 .ARM.attributes
                0x0000000000000775       0x34 c:/st/stm32cubeide_1.7.0/stm32cubeide/plugins/com.st.stm32cube.ide.mcu.externaltools.gnu-tools-for-stm32.9-2020-q2-update.win32_2.0.0.202105311346/tools/bin/../lib/gcc/arm-none-eabi/9.3.1/../../../../arm-none-eabi/lib/thumb/v7e-m+fp/hard\libc_nano.a(lib_a-nano-msizer.o)
 .ARM.attributes
                0x00000000000007a9       0x34 c:/st/stm32cubeide_1.7.0/stm32cubeide/plugins/com.st.stm32cube.ide.mcu.externaltools.gnu-tools-for-stm32.9-2020-q2-update.win32_2.0.0.202105311346/tools/bin/../lib/gcc/arm-none-eabi/9.3.1/../../../../arm-none-eabi/lib/thumb/v7e-m+fp/hard\libc_nano.a(lib_a-reent.o)
 .ARM.attributes
                0x00000000000007dd       0x34 c:/st/stm32cubeide_1.7.0/stm32cubeide/plugins/com.st.stm32cube.ide.mcu.externaltools.gnu-tools-for-stm32.9-2020-q2-update.win32_2.0.0.202105311346/tools/bin/../lib/gcc/arm-none-eabi/9.3.1/../../../../arm-none-eabi/lib/thumb/v7e-m+fp/hard\libc_nano.a(lib_a-lock.o)
 .ARM.attributes
                0x0000000000000811       0x1e c:/st/stm32cubeide_1.7.0/stm32cubeide/plugins/com.st.stm32cube.ide.mcu.externaltools.gnu-tools-for-stm32.9-2020-q2-update.win32_2.0.0.202105311346/tools/bin/../lib/gcc/arm-none-eabi/9.3.1/thumb/v7e-m+fp/hard\libgcc.a(_aeabi_uldivmod.o)
 .ARM.attributes
                0x000000000000082f       0x34 c:/st/stm32cubeide_1.7.0/stm32cubeide/plugins/com.st.stm32cube.ide.mcu.externaltools.gnu-tools-for-stm32.9-2020-q2-update.win32_2.0.0.202105311346/tools/bin/../lib/gcc/arm-none-eabi/9.3.1/thumb/v7e-m+fp/hard\libgcc.a(_udivmoddi4.o)
 .ARM.attributes
                0x0000000000000863       0x1e c:/st/stm32cubeide_1.7.0/stm32cubeide/plugins/com.st.stm32cube.ide.mcu.externaltools.gnu-tools-for-stm32.9-2020-q2-update.win32_2.0.0.202105311346/tools/bin/../lib/gcc/arm-none-eabi/9.3.1/thumb/v7e-m+fp/hard\libgcc.a(_dvmd_tls.o)
 .ARM.attributes
                0x0000000000000881       0x1e c:/st/stm32cubeide_1.7.0/stm32cubeide/plugins/com.st.stm32cube.ide.mcu.externaltools.gnu-tools-for-stm32.9-2020-q2-update.win32_2.0.0.202105311346/tools/bin/../lib/gcc/arm-none-eabi/9.3.1/thumb/v7e-m+fp/hard/crtn.o
OUTPUT(mdp_hardware.elf elf32-littlearm)
LOAD linker stubs
LOAD c:/st/stm32cubeide_1.7.0/stm32cubeide/plugins/com.st.stm32cube.ide.mcu.externaltools.gnu-tools-for-stm32.9-2020-q2-update.win32_2.0.0.202105311346/tools/bin/../lib/gcc/arm-none-eabi/9.3.1/../../../../arm-none-eabi/lib/thumb/v7e-m+fp/hard\libc.a
LOAD c:/st/stm32cubeide_1.7.0/stm32cubeide/plugins/com.st.stm32cube.ide.mcu.externaltools.gnu-tools-for-stm32.9-2020-q2-update.win32_2.0.0.202105311346/tools/bin/../lib/gcc/arm-none-eabi/9.3.1/../../../../arm-none-eabi/lib/thumb/v7e-m+fp/hard\libm.a
LOAD c:/st/stm32cubeide_1.7.0/stm32cubeide/plugins/com.st.stm32cube.ide.mcu.externaltools.gnu-tools-for-stm32.9-2020-q2-update.win32_2.0.0.202105311346/tools/bin/../lib/gcc/arm-none-eabi/9.3.1/thumb/v7e-m+fp/hard\libgcc.a

.debug_info     0x0000000000000000    0x17fc9
 .debug_info    0x0000000000000000     0x14e9 ./Core/Src/main.o
 .debug_info    0x00000000000014e9      0xe80 ./Core/Src/stm32f4xx_hal_msp.o
 .debug_info    0x0000000000002369      0x211 ./Core/Src/stm32f4xx_it.o
 .debug_info    0x000000000000257a      0xa25 ./Core/Src/sysmem.o
 .debug_info    0x0000000000002f9f      0x5a4 ./Core/Src/system_stm32f4xx.o
 .debug_info    0x0000000000003543       0x22 ./Core/Startup/startup_stm32f407vetx.o
 .debug_info    0x0000000000003565      0x9b2 ./Drivers/STM32F4xx_HAL_Driver/stm32f4xx_hal.o
 .debug_info    0x0000000000003f17      0xed7 ./Drivers/STM32F4xx_HAL_Driver/stm32f4xx_hal_cortex.o
 .debug_info    0x0000000000004dee      0x83e ./Drivers/STM32F4xx_HAL_Driver/stm32f4xx_hal_gpio.o
 .debug_info    0x000000000000562c      0x801 ./Drivers/STM32F4xx_HAL_Driver/stm32f4xx_hal_pwr.o
 .debug_info    0x0000000000005e2d      0x996 ./Drivers/STM32F4xx_HAL_Driver/stm32f4xx_hal_rcc.o
 .debug_info    0x00000000000067c3     0x2c22 ./Drivers/STM32F4xx_HAL_Driver/stm32f4xx_hal_tim.o
 .debug_info    0x00000000000093e5     0x15a2 ./Drivers/STM32F4xx_HAL_Driver/stm32f4xx_hal_tim_ex.o
 .debug_info    0x000000000000a987     0x3d95 ./Middlewares/FreeRTOS/cmsis_os2.o
 .debug_info    0x000000000000e71c      0xd8a ./Middlewares/FreeRTOS/heap_4.o
 .debug_info    0x000000000000f4a6      0xb82 ./Middlewares/FreeRTOS/list.o
 .debug_info    0x0000000000010028      0x4f1 ./Middlewares/FreeRTOS/port.o
 .debug_info    0x0000000000010519     0x23b0 ./Middlewares/FreeRTOS/queue.o
 .debug_info    0x00000000000128c9     0x2ac6 ./Middlewares/FreeRTOS/tasks.o
 .debug_info    0x000000000001538f     0x1bf5 ./Middlewares/FreeRTOS/timers.o
 .debug_info    0x0000000000016f84     0x1045 ./PeripheralDriver/Src/oled.o

.debug_abbrev   0x0000000000000000     0x30f2
 .debug_abbrev  0x0000000000000000      0x2ae ./Core/Src/main.o
 .debug_abbrev  0x00000000000002ae      0x1f5 ./Core/Src/stm32f4xx_hal_msp.o
 .debug_abbrev  0x00000000000004a3       0xd2 ./Core/Src/stm32f4xx_it.o
 .debug_abbrev  0x0000000000000575      0x1bf ./Core/Src/sysmem.o
 .debug_abbrev  0x0000000000000734      0x145 ./Core/Src/system_stm32f4xx.o
 .debug_abbrev  0x0000000000000879       0x12 ./Core/Startup/startup_stm32f407vetx.o
 .debug_abbrev  0x000000000000088b      0x1ed ./Drivers/STM32F4xx_HAL_Driver/stm32f4xx_hal.o
 .debug_abbrev  0x0000000000000a78      0x33c ./Drivers/STM32F4xx_HAL_Driver/stm32f4xx_hal_cortex.o
 .debug_abbrev  0x0000000000000db4      0x1f1 ./Drivers/STM32F4xx_HAL_Driver/stm32f4xx_hal_gpio.o
 .debug_abbrev  0x0000000000000fa5      0x1b8 ./Drivers/STM32F4xx_HAL_Driver/stm32f4xx_hal_pwr.o
 .debug_abbrev  0x000000000000115d      0x275 ./Drivers/STM32F4xx_HAL_Driver/stm32f4xx_hal_rcc.o
 .debug_abbrev  0x00000000000013d2      0x25e ./Drivers/STM32F4xx_HAL_Driver/stm32f4xx_hal_tim.o
 .debug_abbrev  0x0000000000001630      0x266 ./Drivers/STM32F4xx_HAL_Driver/stm32f4xx_hal_tim_ex.o
 .debug_abbrev  0x0000000000001896      0x4a3 ./Middlewares/FreeRTOS/cmsis_os2.o
 .debug_abbrev  0x0000000000001d39      0x2d3 ./Middlewares/FreeRTOS/heap_4.o
 .debug_abbrev  0x000000000000200c      0x1f7 ./Middlewares/FreeRTOS/list.o
 .debug_abbrev  0x0000000000002203      0x231 ./Middlewares/FreeRTOS/port.o
 .debug_abbrev  0x0000000000002434      0x380 ./Middlewares/FreeRTOS/queue.o
 .debug_abbrev  0x00000000000027b4      0x39a ./Middlewares/FreeRTOS/tasks.o
 .debug_abbrev  0x0000000000002b4e      0x317 ./Middlewares/FreeRTOS/timers.o
 .debug_abbrev  0x0000000000002e65      0x28d ./PeripheralDriver/Src/oled.o

.debug_aranges  0x0000000000000000     0x12c0
 .debug_aranges
                0x0000000000000000       0x78 ./Core/Src/main.o
 .debug_aranges
                0x0000000000000078       0x48 ./Core/Src/stm32f4xx_hal_msp.o
 .debug_aranges
                0x00000000000000c0       0x50 ./Core/Src/stm32f4xx_it.o
 .debug_aranges
                0x0000000000000110       0x20 ./Core/Src/sysmem.o
 .debug_aranges
                0x0000000000000130       0x28 ./Core/Src/system_stm32f4xx.o
 .debug_aranges
                0x0000000000000158       0x28 ./Core/Startup/startup_stm32f407vetx.o
 .debug_aranges
                0x0000000000000180       0xf0 ./Drivers/STM32F4xx_HAL_Driver/stm32f4xx_hal.o
 .debug_aranges
                0x0000000000000270      0x118 ./Drivers/STM32F4xx_HAL_Driver/stm32f4xx_hal_cortex.o
 .debug_aranges
                0x0000000000000388       0x58 ./Drivers/STM32F4xx_HAL_Driver/stm32f4xx_hal_gpio.o
 .debug_aranges
                0x00000000000003e0       0xa0 ./Drivers/STM32F4xx_HAL_Driver/stm32f4xx_hal_pwr.o
 .debug_aranges
                0x0000000000000480       0x88 ./Drivers/STM32F4xx_HAL_Driver/stm32f4xx_hal_rcc.o
 .debug_aranges
                0x0000000000000508      0x3d0 ./Drivers/STM32F4xx_HAL_Driver/stm32f4xx_hal_tim.o
 .debug_aranges
                0x00000000000008d8      0x168 ./Drivers/STM32F4xx_HAL_Driver/stm32f4xx_hal_tim_ex.o
 .debug_aranges
                0x0000000000000a40      0x2a8 ./Middlewares/FreeRTOS/cmsis_os2.o
 .debug_aranges
                0x0000000000000ce8       0x58 ./Middlewares/FreeRTOS/heap_4.o
 .debug_aranges
                0x0000000000000d40       0x40 ./Middlewares/FreeRTOS/list.o
 .debug_aranges
                0x0000000000000d80       0x80 ./Middlewares/FreeRTOS/port.o
 .debug_aranges
                0x0000000000000e00      0x158 ./Middlewares/FreeRTOS/queue.o
 .debug_aranges
                0x0000000000000f58      0x208 ./Middlewares/FreeRTOS/tasks.o
 .debug_aranges
                0x0000000000001160       0xf0 ./Middlewares/FreeRTOS/timers.o
 .debug_aranges
                0x0000000000001250       0x70 ./PeripheralDriver/Src/oled.o

.debug_ranges   0x0000000000000000     0x1178
 .debug_ranges  0x0000000000000000       0x68 ./Core/Src/main.o
 .debug_ranges  0x0000000000000068       0x38 ./Core/Src/stm32f4xx_hal_msp.o
 .debug_ranges  0x00000000000000a0       0x40 ./Core/Src/stm32f4xx_it.o
 .debug_ranges  0x00000000000000e0       0x10 ./Core/Src/sysmem.o
 .debug_ranges  0x00000000000000f0       0x18 ./Core/Src/system_stm32f4xx.o
 .debug_ranges  0x0000000000000108       0x20 ./Core/Startup/startup_stm32f407vetx.o
 .debug_ranges  0x0000000000000128       0xe0 ./Drivers/STM32F4xx_HAL_Driver/stm32f4xx_hal.o
 .debug_ranges  0x0000000000000208      0x108 ./Drivers/STM32F4xx_HAL_Driver/stm32f4xx_hal_cortex.o
 .debug_ranges  0x0000000000000310       0x48 ./Drivers/STM32F4xx_HAL_Driver/stm32f4xx_hal_gpio.o
 .debug_ranges  0x0000000000000358       0x90 ./Drivers/STM32F4xx_HAL_Driver/stm32f4xx_hal_pwr.o
 .debug_ranges  0x00000000000003e8       0x78 ./Drivers/STM32F4xx_HAL_Driver/stm32f4xx_hal_rcc.o
 .debug_ranges  0x0000000000000460      0x3c0 ./Drivers/STM32F4xx_HAL_Driver/stm32f4xx_hal_tim.o
 .debug_ranges  0x0000000000000820      0x158 ./Drivers/STM32F4xx_HAL_Driver/stm32f4xx_hal_tim_ex.o
 .debug_ranges  0x0000000000000978      0x298 ./Middlewares/FreeRTOS/cmsis_os2.o
 .debug_ranges  0x0000000000000c10       0x48 ./Middlewares/FreeRTOS/heap_4.o
 .debug_ranges  0x0000000000000c58       0x30 ./Middlewares/FreeRTOS/list.o
 .debug_ranges  0x0000000000000c88       0x70 ./Middlewares/FreeRTOS/port.o
 .debug_ranges  0x0000000000000cf8      0x148 ./Middlewares/FreeRTOS/queue.o
 .debug_ranges  0x0000000000000e40      0x1f8 ./Middlewares/FreeRTOS/tasks.o
 .debug_ranges  0x0000000000001038       0xe0 ./Middlewares/FreeRTOS/timers.o
 .debug_ranges  0x0000000000001118       0x60 ./PeripheralDriver/Src/oled.o

.debug_macro    0x0000000000000000     0x35ef
 .debug_macro   0x0000000000000000      0x26c ./Core/Src/main.o
 .debug_macro   0x000000000000026c      0x169 ./Core/Src/main.o
 .debug_macro   0x00000000000003d5       0x66 ./Core/Src/main.o
 .debug_macro   0x000000000000043b       0x74 ./Core/Src/main.o
 .debug_macro   0x00000000000004af       0xdd ./Core/Src/main.o
 .debug_macro   0x000000000000058c       0x76 ./Core/Src/main.o
 .debug_macro   0x0000000000000602      0x1d3 ./Core/Src/stm32f4xx_hal_msp.o
 .debug_macro   0x00000000000007d5      0x245 ./Core/Src/stm32f4xx_it.o
 .debug_macro   0x0000000000000a1a       0xff ./Core/Src/sysmem.o
 .debug_macro   0x0000000000000b19      0x23b ./Core/Src/sysmem.o
 .debug_macro   0x0000000000000d54      0x1c4 ./Core/Src/system_stm32f4xx.o
 .debug_macro   0x0000000000000f18      0x224 ./Drivers/STM32F4xx_HAL_Driver/stm32f4xx_hal.o
 .debug_macro   0x000000000000113c      0x1c4 ./Drivers/STM32F4xx_HAL_Driver/stm32f4xx_hal_cortex.o
 .debug_macro   0x0000000000001300      0x1ca ./Drivers/STM32F4xx_HAL_Driver/stm32f4xx_hal_gpio.o
 .debug_macro   0x00000000000014ca      0x1dc ./Drivers/STM32F4xx_HAL_Driver/stm32f4xx_hal_pwr.o
 .debug_macro   0x00000000000016a6      0x1e8 ./Drivers/STM32F4xx_HAL_Driver/stm32f4xx_hal_rcc.o
 .debug_macro   0x000000000000188e      0x1c5 ./Drivers/STM32F4xx_HAL_Driver/stm32f4xx_hal_tim.o
 .debug_macro   0x0000000000001a53      0x1c4 ./Drivers/STM32F4xx_HAL_Driver/stm32f4xx_hal_tim_ex.o
 .debug_macro   0x0000000000001c17      0x3bb ./Middlewares/FreeRTOS/cmsis_os2.o
 .debug_macro   0x0000000000001fd2       0x10 ./Middlewares/FreeRTOS/cmsis_os2.o
 .debug_macro   0x0000000000001fe2       0x20 ./Middlewares/FreeRTOS/cmsis_os2.o
 .debug_macro   0x0000000000002002       0x10 ./Middlewares/FreeRTOS/cmsis_os2.o
 .debug_macro   0x0000000000002012       0xd3 ./Middlewares/FreeRTOS/cmsis_os2.o
 .debug_macro   0x00000000000020e5       0x91 ./Middlewares/FreeRTOS/cmsis_os2.o
 .debug_macro   0x0000000000002176       0x8d ./Middlewares/FreeRTOS/cmsis_os2.o
 .debug_macro   0x0000000000002203       0x9a ./Middlewares/FreeRTOS/cmsis_os2.o
 .debug_macro   0x000000000000229d       0x22 ./Middlewares/FreeRTOS/cmsis_os2.o
 .debug_macro   0x00000000000022bf       0x56 ./Middlewares/FreeRTOS/cmsis_os2.o
 .debug_macro   0x0000000000002315      0x1ae ./Middlewares/FreeRTOS/heap_4.o
 .debug_macro   0x00000000000024c3      0x187 ./Middlewares/FreeRTOS/list.o
 .debug_macro   0x000000000000264a      0x196 ./Middlewares/FreeRTOS/port.o
 .debug_macro   0x00000000000027e0      0x216 ./Middlewares/FreeRTOS/queue.o
 .debug_macro   0x00000000000029f6       0x16 ./Middlewares/FreeRTOS/queue.o
 .debug_macro   0x0000000000002a0c       0x87 ./Middlewares/FreeRTOS/queue.o
 .debug_macro   0x0000000000002a93      0x27f ./Middlewares/FreeRTOS/tasks.o
 .debug_macro   0x0000000000002d12       0x10 ./Middlewares/FreeRTOS/tasks.o
 .debug_macro   0x0000000000002d22      0x1dc ./Middlewares/FreeRTOS/timers.o
 .debug_macro   0x0000000000002efe       0x97 ./Middlewares/FreeRTOS/timers.o
 .debug_macro   0x0000000000002f95      0x2b7 ./PeripheralDriver/Src/oled.o
 .debug_macro   0x000000000000324c       0x70 ./PeripheralDriver/Src/oled.o
 .debug_macro   0x00000000000032bc      0x333 ./PeripheralDriver/Src/oled.o

.debug_line     0x0000000000000000    0x14b23
 .debug_line    0x0000000000000000      0xdef ./Core/Src/main.o
 .debug_line    0x0000000000000def      0x8c1 ./Core/Src/stm32f4xx_hal_msp.o
 .debug_line    0x00000000000016b0      0x9ad ./Core/Src/stm32f4xx_it.o
 .debug_line    0x000000000000205d      0x4f8 ./Core/Src/sysmem.o
 .debug_line    0x0000000000002555      0x814 ./Core/Src/system_stm32f4xx.o
 .debug_line    0x0000000000002d69       0x88 ./Core/Startup/startup_stm32f407vetx.o
 .debug_line    0x0000000000002df1      0xab3 ./Drivers/STM32F4xx_HAL_Driver/stm32f4xx_hal.o
 .debug_line    0x00000000000038a4      0xd62 ./Drivers/STM32F4xx_HAL_Driver/stm32f4xx_hal_cortex.o
 .debug_line    0x0000000000004606      0xc29 ./Drivers/STM32F4xx_HAL_Driver/stm32f4xx_hal_gpio.o
 .debug_line    0x000000000000522f      0x9bf ./Drivers/STM32F4xx_HAL_Driver/stm32f4xx_hal_pwr.o
 .debug_line    0x0000000000005bee      0xe2d ./Drivers/STM32F4xx_HAL_Driver/stm32f4xx_hal_rcc.o
 .debug_line    0x0000000000006a1b     0x37a7 ./Drivers/STM32F4xx_HAL_Driver/stm32f4xx_hal_tim.o
 .debug_line    0x000000000000a1c2     0x1ab0 ./Drivers/STM32F4xx_HAL_Driver/stm32f4xx_hal_tim_ex.o
 .debug_line    0x000000000000bc72     0x2515 ./Middlewares/FreeRTOS/cmsis_os2.o
 .debug_line    0x000000000000e187      0x9e0 ./Middlewares/FreeRTOS/heap_4.o
 .debug_line    0x000000000000eb67      0x7b6 ./Middlewares/FreeRTOS/list.o
 .debug_line    0x000000000000f31d      0x821 ./Middlewares/FreeRTOS/port.o
 .debug_line    0x000000000000fb3e     0x1780 ./Middlewares/FreeRTOS/queue.o
 .debug_line    0x00000000000112be     0x1e35 ./Middlewares/FreeRTOS/tasks.o
 .debug_line    0x00000000000130f3      0xe13 ./Middlewares/FreeRTOS/timers.o
 .debug_line    0x0000000000013f06      0xc1d ./PeripheralDriver/Src/oled.o

.debug_str      0x0000000000000000    0xd2e17
 .debug_str     0x0000000000000000    0xc7295 ./Core/Src/main.o
                                      0xc7615 (size before relaxing)
 .debug_str     0x00000000000c7295      0x58b ./Core/Src/stm32f4xx_hal_msp.o
                                      0xc265f (size before relaxing)
 .debug_str     0x00000000000c7820       0xa2 ./Core/Src/stm32f4xx_it.o
                                      0xc5882 (size before relaxing)
 .debug_str     0x00000000000c78c2     0x208d ./Core/Src/sysmem.o
                                       0x6298 (size before relaxing)
 .debug_str     0x00000000000c994f       0xaf ./Core/Src/system_stm32f4xx.o
                                      0xc19d6 (size before relaxing)
 .debug_str     0x00000000000c99fe       0x36 ./Core/Startup/startup_stm32f407vetx.o
                                         0x69 (size before relaxing)
 .debug_str     0x00000000000c9a34      0x5c6 ./Drivers/STM32F4xx_HAL_Driver/stm32f4xx_hal.o
                                      0xc24f1 (size before relaxing)
 .debug_str     0x00000000000c9ffa      0x3c2 ./Drivers/STM32F4xx_HAL_Driver/stm32f4xx_hal_cortex.o
                                      0xc22e0 (size before relaxing)
 .debug_str     0x00000000000ca3bc      0x198 ./Drivers/STM32F4xx_HAL_Driver/stm32f4xx_hal_gpio.o
                                      0xc1bb6 (size before relaxing)
 .debug_str     0x00000000000ca554      0x2a1 ./Drivers/STM32F4xx_HAL_Driver/stm32f4xx_hal_pwr.o
                                      0xc1c71 (size before relaxing)
 .debug_str     0x00000000000ca7f5      0x292 ./Drivers/STM32F4xx_HAL_Driver/stm32f4xx_hal_rcc.o
                                      0xc1e11 (size before relaxing)
 .debug_str     0x00000000000caa87      0xd0c ./Drivers/STM32F4xx_HAL_Driver/stm32f4xx_hal_tim.o
                                      0xc2d3e (size before relaxing)
 .debug_str     0x00000000000cb793      0x493 ./Drivers/STM32F4xx_HAL_Driver/stm32f4xx_hal_tim_ex.o
                                      0xc24ef (size before relaxing)
 .debug_str     0x00000000000cbc26     0x3ff8 ./Middlewares/FreeRTOS/cmsis_os2.o
                                      0xcc152 (size before relaxing)
 .debug_str     0x00000000000cfc1e      0x4cf ./Middlewares/FreeRTOS/heap_4.o
                                       0xb46f (size before relaxing)
 .debug_str     0x00000000000d00ed      0x15b ./Middlewares/FreeRTOS/list.o
                                       0xab7c (size before relaxing)
 .debug_str     0x00000000000d0248      0x86a ./Middlewares/FreeRTOS/port.o
                                       0x86bf (size before relaxing)
 .debug_str     0x00000000000d0ab2      0x926 ./Middlewares/FreeRTOS/queue.o
                                       0xc4f9 (size before relaxing)
 .debug_str     0x00000000000d13d8     0x12cd ./Middlewares/FreeRTOS/tasks.o
                                       0xd05b (size before relaxing)
 .debug_str     0x00000000000d26a5      0x650 ./Middlewares/FreeRTOS/timers.o
                                       0xca76 (size before relaxing)
 .debug_str     0x00000000000d2cf5      0x122 ./PeripheralDriver/Src/oled.o
                                      0xc5036 (size before relaxing)

.comment        0x0000000000000000       0x53
 .comment       0x0000000000000000       0x53 ./Core/Src/main.o
                                         0x54 (size before relaxing)
 .comment       0x0000000000000053       0x54 ./Core/Src/stm32f4xx_hal_msp.o
 .comment       0x0000000000000053       0x54 ./Core/Src/stm32f4xx_it.o
 .comment       0x0000000000000053       0x54 ./Core/Src/sysmem.o
 .comment       0x0000000000000053       0x54 ./Core/Src/system_stm32f4xx.o
 .comment       0x0000000000000053       0x54 ./Drivers/STM32F4xx_HAL_Driver/stm32f4xx_hal.o
 .comment       0x0000000000000053       0x54 ./Drivers/STM32F4xx_HAL_Driver/stm32f4xx_hal_cortex.o
 .comment       0x0000000000000053       0x54 ./Drivers/STM32F4xx_HAL_Driver/stm32f4xx_hal_gpio.o
 .comment       0x0000000000000053       0x54 ./Drivers/STM32F4xx_HAL_Driver/stm32f4xx_hal_pwr.o
 .comment       0x0000000000000053       0x54 ./Drivers/STM32F4xx_HAL_Driver/stm32f4xx_hal_rcc.o
 .comment       0x0000000000000053       0x54 ./Drivers/STM32F4xx_HAL_Driver/stm32f4xx_hal_tim.o
 .comment       0x0000000000000053       0x54 ./Drivers/STM32F4xx_HAL_Driver/stm32f4xx_hal_tim_ex.o
 .comment       0x0000000000000053       0x54 ./Middlewares/FreeRTOS/cmsis_os2.o
 .comment       0x0000000000000053       0x54 ./Middlewares/FreeRTOS/heap_4.o
 .comment       0x0000000000000053       0x54 ./Middlewares/FreeRTOS/list.o
 .comment       0x0000000000000053       0x54 ./Middlewares/FreeRTOS/port.o
 .comment       0x0000000000000053       0x54 ./Middlewares/FreeRTOS/queue.o
 .comment       0x0000000000000053       0x54 ./Middlewares/FreeRTOS/tasks.o
 .comment       0x0000000000000053       0x54 ./Middlewares/FreeRTOS/timers.o
 .comment       0x0000000000000053       0x54 ./PeripheralDriver/Src/oled.o

.debug_frame    0x0000000000000000     0x5200
 .debug_frame   0x0000000000000000      0x19c ./Core/Src/main.o
 .debug_frame   0x000000000000019c       0xe8 ./Core/Src/stm32f4xx_hal_msp.o
 .debug_frame   0x0000000000000284       0xc4 ./Core/Src/stm32f4xx_it.o
 .debug_frame   0x0000000000000348       0x34 ./Core/Src/sysmem.o
 .debug_frame   0x000000000000037c       0x58 ./Core/Src/system_stm32f4xx.o
 .debug_frame   0x00000000000003d4      0x374 ./Drivers/STM32F4xx_HAL_Driver/stm32f4xx_hal.o
 .debug_frame   0x0000000000000748      0x498 ./Drivers/STM32F4xx_HAL_Driver/stm32f4xx_hal_cortex.o
 .debug_frame   0x0000000000000be0      0x14c ./Drivers/STM32F4xx_HAL_Driver/stm32f4xx_hal_gpio.o
 .debug_frame   0x0000000000000d2c      0x264 ./Drivers/STM32F4xx_HAL_Driver/stm32f4xx_hal_pwr.o
 .debug_frame   0x0000000000000f90      0x1ec ./Drivers/STM32F4xx_HAL_Driver/stm32f4xx_hal_rcc.o
 .debug_frame   0x000000000000117c     0x11c4 ./Drivers/STM32F4xx_HAL_Driver/stm32f4xx_hal_tim.o
 .debug_frame   0x0000000000002340      0x638 ./Drivers/STM32F4xx_HAL_Driver/stm32f4xx_hal_tim_ex.o
 .debug_frame   0x0000000000002978      0xbc8 ./Middlewares/FreeRTOS/cmsis_os2.o
 .debug_frame   0x0000000000003540      0x12c ./Middlewares/FreeRTOS/heap_4.o
 .debug_frame   0x000000000000366c       0xd8 ./Middlewares/FreeRTOS/list.o
 .debug_frame   0x0000000000003744      0x1a8 ./Middlewares/FreeRTOS/port.o
 .debug_frame   0x00000000000038ec      0x5ec ./Middlewares/FreeRTOS/queue.o
 .debug_frame   0x0000000000003ed8      0x8f0 ./Middlewares/FreeRTOS/tasks.o
 .debug_frame   0x00000000000047c8      0x400 ./Middlewares/FreeRTOS/timers.o
 .debug_frame   0x0000000000004bc8      0x194 ./PeripheralDriver/Src/oled.o