Archive member included to satisfy reference by file (symbol)

c:/st/stm32cubeide_1.7.0/stm32cubeide/plugins/com.st.stm32cube.ide.mcu.externaltools.gnu-tools-for-stm32.10.3-2021.10.win32_1.0.100.202210260954/tools/bin/../lib/gcc/arm-none-eabi/10.3.1/../../../../arm-none-eabi/lib/thumb/v7e-m+fp/hard\libc_nano.a(lib_a-errno.o)
                              ./Core/Src/syscalls.o (__errno)
c:/st/stm32cubeide_1.7.0/stm32cubeide/plugins/com.st.stm32cube.ide.mcu.externaltools.gnu-tools-for-stm32.10.3-2021.10.win32_1.0.100.202210260954/tools/bin/../lib/gcc/arm-none-eabi/10.3.1/../../../../arm-none-eabi/lib/thumb/v7e-m+fp/hard\libc_nano.a(lib_a-exit.o)
                              c:/st/stm32cubeide_1.7.0/stm32cubeide/plugins/com.st.stm32cube.ide.mcu.externaltools.gnu-tools-for-stm32.10.3-2021.10.win32_1.0.100.202210260954/tools/bin/../lib/gcc/arm-none-eabi/10.3.1/../../../../arm-none-eabi/lib/thumb/v7e-m+fp/hard/crt0.o (exit)
c:/st/stm32cubeide_1.7.0/stm32cubeide/plugins/com.st.stm32cube.ide.mcu.externaltools.gnu-tools-for-stm32.10.3-2021.10.win32_1.0.100.202210260954/tools/bin/../lib/gcc/arm-none-eabi/10.3.1/../../../../arm-none-eabi/lib/thumb/v7e-m+fp/hard\libc_nano.a(lib_a-impure.o)
                              c:/st/stm32cubeide_1.7.0/stm32cubeide/plugins/com.st.stm32cube.ide.mcu.externaltools.gnu-tools-for-stm32.10.3-2021.10.win32_1.0.100.202210260954/tools/bin/../lib/gcc/arm-none-eabi/10.3.1/../../../../arm-none-eabi/lib/thumb/v7e-m+fp/hard\libc_nano.a(lib_a-exit.o) (_global_impure_ptr)
c:/st/stm32cubeide_1.7.0/stm32cubeide/plugins/com.st.stm32cube.ide.mcu.externaltools.gnu-tools-for-stm32.10.3-2021.10.win32_1.0.100.202210260954/tools/bin/../lib/gcc/arm-none-eabi/10.3.1/../../../../arm-none-eabi/lib/thumb/v7e-m+fp/hard\libc_nano.a(lib_a-init.o)
                              c:/st/stm32cubeide_1.7.0/stm32cubeide/plugins/com.st.stm32cube.ide.mcu.externaltools.gnu-tools-for-stm32.10.3-2021.10.win32_1.0.100.202210260954/tools/bin/../lib/gcc/arm-none-eabi/10.3.1/../../../../arm-none-eabi/lib/thumb/v7e-m+fp/hard/crt0.o (__libc_init_array)
c:/st/stm32cubeide_1.7.0/stm32cubeide/plugins/com.st.stm32cube.ide.mcu.externaltools.gnu-tools-for-stm32.10.3-2021.10.win32_1.0.100.202210260954/tools/bin/../lib/gcc/arm-none-eabi/10.3.1/../../../../arm-none-eabi/lib/thumb/v7e-m+fp/hard\libc_nano.a(lib_a-malloc.o)
                              ./Core/Src/main.o (malloc)
c:/st/stm32cubeide_1.7.0/stm32cubeide/plugins/com.st.stm32cube.ide.mcu.externaltools.gnu-tools-for-stm32.10.3-2021.10.win32_1.0.100.202210260954/tools/bin/../lib/gcc/arm-none-eabi/10.3.1/../../../../arm-none-eabi/lib/thumb/v7e-m+fp/hard\libc_nano.a(lib_a-memcpy-stub.o)
                              ./Middlewares/FreeRTOS/cmsis_os2.o (memcpy)
c:/st/stm32cubeide_1.7.0/stm32cubeide/plugins/com.st.stm32cube.ide.mcu.externaltools.gnu-tools-for-stm32.10.3-2021.10.win32_1.0.100.202210260954/tools/bin/../lib/gcc/arm-none-eabi/10.3.1/../../../../arm-none-eabi/lib/thumb/v7e-m+fp/hard\libc_nano.a(lib_a-memset.o)
                              c:/st/stm32cubeide_1.7.0/stm32cubeide/plugins/com.st.stm32cube.ide.mcu.externaltools.gnu-tools-for-stm32.10.3-2021.10.win32_1.0.100.202210260954/tools/bin/../lib/gcc/arm-none-eabi/10.3.1/../../../../arm-none-eabi/lib/thumb/v7e-m+fp/hard/crt0.o (memset)
c:/st/stm32cubeide_1.7.0/stm32cubeide/plugins/com.st.stm32cube.ide.mcu.externaltools.gnu-tools-for-stm32.10.3-2021.10.win32_1.0.100.202210260954/tools/bin/../lib/gcc/arm-none-eabi/10.3.1/../../../../arm-none-eabi/lib/thumb/v7e-m+fp/hard\libc_nano.a(lib_a-nano-freer.o)
                              c:/st/stm32cubeide_1.7.0/stm32cubeide/plugins/com.st.stm32cube.ide.mcu.externaltools.gnu-tools-for-stm32.10.3-2021.10.win32_1.0.100.202210260954/tools/bin/../lib/gcc/arm-none-eabi/10.3.1/../../../../arm-none-eabi/lib/thumb/v7e-m+fp/hard\libc_nano.a(lib_a-malloc.o) (_free_r)
c:/st/stm32cubeide_1.7.0/stm32cubeide/plugins/com.st.stm32cube.ide.mcu.externaltools.gnu-tools-for-stm32.10.3-2021.10.win32_1.0.100.202210260954/tools/bin/../lib/gcc/arm-none-eabi/10.3.1/../../../../arm-none-eabi/lib/thumb/v7e-m+fp/hard\libc_nano.a(lib_a-nano-mallocr.o)
                              c:/st/stm32cubeide_1.7.0/stm32cubeide/plugins/com.st.stm32cube.ide.mcu.externaltools.gnu-tools-for-stm32.10.3-2021.10.win32_1.0.100.202210260954/tools/bin/../lib/gcc/arm-none-eabi/10.3.1/../../../../arm-none-eabi/lib/thumb/v7e-m+fp/hard\libc_nano.a(lib_a-malloc.o) (_malloc_r)
c:/st/stm32cubeide_1.7.0/stm32cubeide/plugins/com.st.stm32cube.ide.mcu.externaltools.gnu-tools-for-stm32.10.3-2021.10.win32_1.0.100.202210260954/tools/bin/../lib/gcc/arm-none-eabi/10.3.1/../../../../arm-none-eabi/lib/thumb/v7e-m+fp/hard\libc_nano.a(lib_a-sbrkr.o)
[...]
Memory Configuration

Name             Origin             Length             Attributes
CCMRAM           0x0000000010000000 0x0000000000010000 xrw
RAM              0x0000000020000000 0x0000000000020000 xrw
FLASH            0x0000000008000000 0x0000000000080000 xr
*default*        0x0000000000000000 0xffffffffffffffff

Linker script and memory map

LOAD c:/st/stm32cubeide_1.7.0/stm32cubeide/plugins/com.st.stm32cube.ide.mcu.externaltools.gnu-tools-for-stm32.10.3-2021.10.win32_1.0.100.202210260954/tools/bin/../lib/gcc/arm-none-eabi/10.3.1/thumb/v7e-m+fp/hard/crti.o
LOAD c:/st/stm32cubeide_1.7.0/stm32cubeide/plugins/com.st.stm32cube.ide.mcu.externaltools.gnu-tools-for-stm32.10.3-2021.10.win32_1.0.100.202210260954/tools/bin/../lib/gcc/arm-none-eabi/10.3.1/thumb/v7e-m+fp/hard/crtbegin.o
LOAD c:/st/stm32cubeide_1.7.0/stm32cubeide/plugins/com.st.stm32cube.ide.mcu.externaltools.gnu-tools-for-stm32.10.3-2021.10.win32_1.0.100.202210260954/tools/bin/../lib/gcc/arm-none-eabi/10.3.1/../../../../arm-none-eabi/lib/thumb/v7e-m+fp/hard/crt0.o
LOAD ./Core/Src/freertos.o
LOAD ./Core/Src/main.o
LOAD ./Core/Src/stm32f4xx_hal_msp.o
LOAD ./Core/Src/stm32f4xx_it.o
LOAD ./Core/Src/syscalls.o
LOAD ./Core/Src/sysmem.o
LOAD ./Core/Src/system_stm32f4xx.o
LOAD ./Core/Startup/startup_stm32f407vetx.o
LOAD ./Drivers/STM32F4xx_HAL_Driver/stm32f4xx_hal.o
LOAD ./Drivers/STM32F4xx_HAL_Driver/stm32f4xx_hal_cortex.o
LOAD ./Drivers/STM32F4xx_HAL_Driver/stm32f4xx_hal_dma.o
LOAD ./Drivers/STM32F4xx_HAL_Driver/stm32f4xx_hal_dma_ex.o
LOAD ./Drivers/STM32F4xx_HAL_Driver/stm32f4xx_hal_exti.o
LOAD ./Drivers/STM32F4xx_HAL_Driver/stm32f4xx_hal_flash.o
LOAD ./Drivers/STM32F4xx_HAL_Driver/stm32f4xx_hal_flash_ex.o
LOAD ./Drivers/STM32F4xx_HAL_Driver/stm32f4xx_hal_flash_ramfunc.o
LOAD ./Drivers/STM32F4xx_HAL_Driver/stm32f4xx_hal_gpio.o
LOAD ./Drivers/STM32F4xx_HAL_Driver/stm32f4xx_hal_i2c.o
LOAD ./Drivers/STM32F4xx_HAL_Driver/stm32f4xx_hal_i2c_ex.o
LOAD ./Drivers/STM32F4xx_HAL_Driver/stm32f4xx_hal_pwr.o
LOAD ./Drivers/STM32F4xx_HAL_Driver/stm32f4xx_hal_pwr_ex.o
LOAD ./Drivers/STM32F4xx_HAL_Driver/stm32f4xx_hal_rcc.o
LOAD ./Drivers/STM32F4xx_HAL_Driver/stm32f4xx_hal_rcc_ex.o
LOAD ./Drivers/STM32F4xx_HAL_Driver/stm32f4xx_hal_tim.o
LOAD ./Drivers/STM32F4xx_HAL_Driver/stm32f4xx_hal_tim_ex.o
LOAD ./Drivers/STM32F4xx_HAL_Driver/stm32f4xx_hal_uart.o
LOAD ./Middlewares/FreeRTOS/cmsis_os2.o
LOAD ./Middlewares/FreeRTOS/croutine.o
LOAD ./Middlewares/FreeRTOS/event_groups.o
LOAD ./Middlewares/FreeRTOS/heap_4.o
LOAD ./Middlewares/FreeRTOS/list.o
LOAD ./Middlewares/FreeRTOS/port.o
LOAD ./Middlewares/FreeRTOS/queue.o
LOAD ./Middlewares/FreeRTOS/stream_buffer.o
LOAD ./Middlewares/FreeRTOS/tasks.o
LOAD ./Middlewares/FreeRTOS/timers.o
LOAD ./PeripheralDriver/Src/accel.o
LOAD ./PeripheralDriver/Src/gyro.o
LOAD ./PeripheralDriver/Src/i2c.o
LOAD ./PeripheralDriver/Src/oled.o
START GROUP
LOAD c:/st/stm32cubeide_1.7.0/stm32cubeide/plugins/com.st.stm32cube.ide.mcu.externaltools.gnu-tools-for-stm32.10.3-2021.10.win32_1.0.100.202210260954/tools/bin/../lib/gcc/arm-none-eabi/10.3.1/../../../../arm-none-eabi/lib/thumb/v7e-m+fp/hard\libc_nano.a
LOAD c:/st/stm32cubeide_1.7.0/stm32cubeide/plugins/com.st.stm32cube.ide.mcu.externaltools.gnu-tools-for-stm32.10.3-2021.10.win32_1.0.100.202210260954/tools/bin/../lib/gcc/arm-none-eabi/10.3.1/../../../../arm-none-eabi/lib/thumb/v7e-m+fp/hard\libm.a
END GROUP
START GROUP
LOAD c:/st/stm32cubeide_1.7.0/stm32cubeide/plugins/com.st.stm32cube.ide.mcu.externaltools.gnu-tools-for-stm32.10.3-2021.10.win32_1.0.100.202210260954/tools/bin/../lib/gcc/arm-none-eabi/10.3.1/thumb/v7e-m+fp/hard\libgcc.a
LOAD c:/st/stm32cubeide_1.7.0/stm32cubeide/plugins/com.st.stm32cube.ide.mcu.externaltools.gnu-tools-for-stm32.10.3-2021.10.win32_1.0.100.202210260954/tools/bin/../lib/gcc/arm-none-eabi/10.3.1/../../../../arm-none-eabi/lib/thumb/v7e-m+fp/hard\libc_nano.a
END GROUP
START GROUP
LOAD c:/st/stm32cubeide_1.7.0/stm32cubeide/plugins/com.st.stm32cube.ide.mcu.externaltools.gnu-tools-for-stm32.10.3-2021.10.win32_1.0.100.202210260954/tools/bin/../lib/gcc/arm-none-eabi/10.3.1/thumb/v7e-m+fp/hard\libgcc.a
LOAD c:/st/stm32cubeide_1.7.0/stm32cubeide/plugins/com.st.stm32cube.ide.mcu.externaltools.gnu-tools-for-stm32.10.3-2021.10.win32_1.0.100.202210260954/tools/bin/../lib/gcc/arm-none-eabi/10.3.1/../../../../arm-none-eabi/lib/thumb/v7e-m+fp/hard\libc_nano.a
LOAD c:/st/stm32cubeide_1.7.0/stm32cubeide/plugins/com.st.stm32cube.ide.mcu.externaltools.gnu-tools-for-stm32.10.3-2021.10.win32_1.0.100.202210260954/tools/bin/../lib/gcc/arm-none-eabi/10.3.1/../../../../arm-none-eabi/lib/thumb/v7e-m+fp/hard\libnosys.a
END GROUP
START GROUP
LOAD c:/st/stm32cubeide_1.7.0/stm32cubeide/plugins/com.st.stm32cube.ide.mcu.externaltools.gnu-tools-for-stm32.10.3-2021.10.win32_1.0.100.202210260954/tools/bin/../lib/gcc/arm-none-eabi/10.3.1/thumb/v7e-m+fp/hard\libgcc.a
LOAD c:/st/stm32cubeide_1.7.0/stm32cubeide/plugins/com.st.stm32cube.ide.mcu.externaltools.gnu-tools-for-stm32.10.3-2021.10.win32_1.0.100.202210260954/tools/bin/../lib/gcc/arm-none-eabi/10.3.1/../../../../arm-none-eabi/lib/thumb/v7e-m+fp/hard\libc_nano.a
LOAD c:/st/stm32cubeide_1.7.0/stm32cubeide/plugins/com.st.stm32cube.ide.mcu.externaltools.gnu-tools-for-stm32.10.3-2021.10.win32_1.0.100.202210260954/tools/bin/../lib/gcc/arm-none-eabi/10.3.1/../../../../arm-none-eabi/lib/thumb/v7e-m+fp/hard\libnosys.a
END GROUP
LOAD c:/st/stm32cubeide_1.7.0/stm32cubeide/plugins/com.st.stm32cube.ide.mcu.externaltools.gnu-tools-for-stm32.10.3-2021.10.win32_1.0.100.202210260954/tools/bin/../lib/gcc/arm-none-eabi/10.3.1/thumb/v7e-m+fp/hard/crtend.o
LOAD c:/st/stm32cubeide_1.7.0/stm32cubeide/plugins/com.st.stm32cube.ide.mcu.externaltools.gnu-tools-for-stm32.10.3-2021.10.win32_1.0.100.202210260954/tools/bin/../lib/gcc/arm-none-eabi/10.3.1/thumb/v7e-m+fp/hard/crtn.o
                0x0000000020020000                _estack = (ORIGIN (RAM) + LENGTH (RAM))
                0x0000000000000200                _Min_Heap_Size = 0x200
                0x0000000000000400                _Min_Stack_Size = 0x400

.isr_vector     0x0000000008000000      0x188
                0x0000000008000000                . = ALIGN (0x4)
 *(.isr_vector)
 .isr_vector    0x0000000008000000      0x188 ./Core/Startup/startup_stm32f407vetx.o
                0x0000000008000000                g_pfnVectors
                0x0000000008000188                . = ALIGN (0x4)

.text           0x0000000008000190     0xb99c
                0x0000000008000190                . = ALIGN (0x4)
 *(.text)
 .text          0x0000000008000190       0x40 c:/st/stm32cubeide_1.7.0/stm32cubeide/plugins/com.st.stm32cube.ide.mcu.externaltools.gnu-tools-for-stm32.10.3-2021.10.win32_1.0.100.202210260954/tools/bin/../lib/gcc/arm-none-eabi/10.3.1/thumb/v7e-m+fp/hard/crtbegin.o
 .text          0x00000000080001d0       0xa0 c:/st/stm32cubeide_1.7.0/stm32cubeide/plugins/com.st.stm32cube.ide.mcu.externaltools.gnu-tools-for-stm32.10.3-2021.10.win32_1.0.100.202210260954/tools/bin/../lib/gcc/arm-none-eabi/10.3.1/../../../../arm-none-eabi/lib/thumb/v7e-m+fp/hard\libc_nano.a(lib_a-memchr.o)
                0x00000000080001d0                memchr
 .text          0x0000000008000270      0x378 c:/st/stm32cubeide_1.7.0/stm32cubeide/plugins/com.st.stm32cube.ide.mcu.externaltools.gnu-tools-for-stm32.10.3-2021.10.win32_1.0.100.202210260954/tools/bin/../lib/gcc/arm-none-eabi/10.3.1/thumb/v7e-m+fp/hard\libgcc.a(_arm_addsubdf3.o)
                0x0000000008000270                __aeabi_drsub
                0x0000000008000278                __aeabi_dsub
                0x0000000008000278                __subdf3
                0x000000000800027c                __aeabi_dadd
                0x000000000800027c                __adddf3
                0x00000000080004f4                __floatunsidf
                0x00000000080004f4                __aeabi_ui2d
                0x0000000008000514                __floatsidf
                0x0000000008000514                __aeabi_i2d
                0x0000000008000538                __aeabi_f2d
                0x0000000008000538                __extendsfdf2
                0x000000000800057c                __floatundidf
                0x000000000800057c                __aeabi_ul2d
                0x000000000800058c                __floatdidf
                0x000000000800058c                __aeabi_l2d
 .text          0x00000000080005e8      0x424 c:/st/stm32cubeide_1.7.0/stm32cubeide/plugins/com.st.stm32cube.ide.mcu.externaltools.gnu-tools-for-stm32.10.3-2021.10.win32_1.0.100.202210260954/tools/bin/../lib/gcc/arm-none-eabi/10.3.1/thumb/v7e-m+fp/hard\libgcc.a(_arm_muldivdf3.o)
                0x00000000080005e8                __aeabi_dmul
                0x00000000080005e8                __muldf3
                0x000000000800083c                __divdf3
                0x000000000800083c                __aeabi_ddiv
 .text          0x0000000008000a0c      0x110 c:/st/stm32cubeide_1.7.0/stm32cubeide/plugins/com.st.stm32cube.ide.mcu.externaltools.gnu-tools-for-stm32.10.3-2021.10.win32_1.0.100.202210260954/tools/bin/../lib/gcc/arm-none-eabi/10.3.1/thumb/v7e-m+fp/hard\libgcc.a(_arm_cmpdf2.o)
                0x0000000008000a0c                __gtdf2
                0x0000000008000a0c                __gedf2
                0x0000000008000a14                __ltdf2
                0x0000000008000a14                __ledf2
                0x0000000008000a1c                __nedf2
                0x0000000008000a1c                __eqdf2
                0x0000000008000a1c                __cmpdf2
                0x0000000008000a98                __aeabi_cdrcmple
                0x0000000008000aa8                __aeabi_cdcmpeq
                0x0000000008000aa8                __aeabi_cdcmple
                0x0000000008000ab8                __aeabi_dcmpeq
                0x0000000008000acc                __aeabi_dcmplt
                0x0000000008000ae0                __aeabi_dcmple
                0x0000000008000af4                __aeabi_dcmpge
                0x0000000008000b08                __aeabi_dcmpgt
 .text          0x0000000008000b1c       0x50 c:/st/stm32cubeide_1.7.0/stm32cubeide/plugins/com.st.stm32cube.ide.mcu.externaltools.gnu-tools-for-stm32.10.3-2021.10.win32_1.0.100.202210260954/tools/bin/../lib/gcc/arm-none-eabi/10.3.1/thumb/v7e-m+fp/hard\libgcc.a(_arm_fixdfsi.o)
                0x0000000008000b1c                __aeabi_d2iz
                0x0000000008000b1c                __fixdfsi
 .text          0x0000000008000b6c       0x40 c:/st/stm32cubeide_1.7.0/stm32cubeide/plugins/com.st.stm32cube.ide.mcu.externaltools.gnu-tools-for-stm32.10.3-2021.10.win32_1.0.100.202210260954/tools/bin/../lib/gcc/arm-none-eabi/10.3.1/thumb/v7e-m+fp/hard\libgcc.a(_arm_fixunsdfsi.o)
                0x0000000008000b6c                __aeabi_d2uiz
                0x0000000008000b6c                __fixunsdfsi
 .text          0x0000000008000bac       0x30 c:/st/stm32cubeide_1.7.0/stm32cubeide/plugins/com.st.stm32cube.ide.mcu.externaltools.gnu-tools-for-stm32.10.3-2021.10.win32_1.0.100.202210260954/tools/bin/../lib/gcc/arm-none-eabi/10.3.1/thumb/v7e-m+fp/hard\libgcc.a(_aeabi_uldivmod.o)
                0x0000000008000bac                __aeabi_uldivmod
 .text          0x0000000008000bdc      0x2d0 c:/st/stm32cubeide_1.7.0/stm32cubeide/plugins/com.st.stm32cube.ide.mcu.externaltools.gnu-tools-for-stm32.10.3-2021.10.win32_1.0.100.202210260954/tools/bin/../lib/gcc/arm-none-eabi/10.3.1/thumb/v7e-m+fp/hard\libgcc.a(_udivmoddi4.o)
                0x0000000008000bdc                __udivmoddi4
 .text          0x0000000008000eac        0x4 c:/st/stm32cubeide_1.7.0/stm32cubeide/plugins/com.st.stm32cube.ide.mcu.externaltools.gnu-tools-for-stm32.10.3-2021.10.win32_1.0.100.202210260954/tools/bin/../lib/gcc/arm-none-eabi/10.3.1/thumb/v7e-m+fp/hard\libgcc.a(_dvmd_tls.o)
                0x0000000008000eac                __aeabi_idiv0
                0x0000000008000eac                __aeabi_ldiv0
 *(.text*)
 .text.usDelay  0x0000000008000eb0       0x34 ./Core/Src/main.o
                0x0000000008000eb0                usDelay
 *fill*         0x0000000008000ee4        0x4 
 .text.HAL_TIM_IC_CaptureCallback
                0x0000000008000ee8      0x140 ./Core/Src/main.o
                0x0000000008000ee8                HAL_TIM_IC_CaptureCallback
 .text.HCSR04_Read
                0x0000000008001028       0x40 ./Core/Src/main.o
                0x0000000008001028                HCSR04_Read
 .text.main     0x0000000008001068       0xcc ./Core/Src/main.o
                0x0000000008001068                main
 .text.SystemClock_Config
                0x0000000008001134       0xbc ./Core/Src/main.o
                0x0000000008001134                SystemClock_Config
 .text.MX_I2C1_Init
                0x00000000080011f0       0x5c ./Core/Src/main.o
 .text.MX_TIM1_Init
                0x000000000800124c      0x13c ./Core/Src/main.o
 .text.MX_TIM2_Init
                0x0000000008001388       0xa8 ./Core/Src/main.o
 .text.MX_TIM3_Init
                0x0000000008001430       0xa8 ./Core/Src/main.o
 .text.MX_TIM5_Init
                0x00000000080014d8       0xa8 ./Core/Src/main.o
 .text.MX_TIM8_Init
                0x0000000008001580      0x154 ./Core/Src/main.o
 .text.MX_USART3_UART_Init
                0x00000000080016d4       0x54 ./Core/Src/main.o
 .text.MX_GPIO_Init
                0x0000000008001728      0x154 ./Core/Src/main.o
 .text.HAL_UART_RxCpltCallback
                0x000000000800187c       0x3c ./Core/Src/main.o
                0x000000000800187c                HAL_UART_RxCpltCallback
 .text.EXTI9_5_IRQHandler
                0x00000000080018b8       0x10 ./Core/Src/main.o
                0x00000000080018b8                EXTI9_5_IRQHandler
 .text.HAL_GPIO_EXTI_Callback
                0x00000000080018c8       0x7c ./Core/Src/main.o
                0x00000000080018c8                HAL_GPIO_EXTI_Callback
 .text.reset_motorVal
                0x0000000008001944       0x38 ./Core/Src/main.o
                0x0000000008001944                reset_motorVal
 .text.enqueue  0x000000000800197c       0x76 ./Core/Src/main.o
                0x000000000800197c                enqueue
 .text.dequeue  0x00000000080019f2       0x52 ./Core/Src/main.o
                0x00000000080019f2                dequeue
 .text.getFront
                0x0000000008001a44       0x48 ./Core/Src/main.o
                0x0000000008001a44                getFront
 .text.isEmptyQueue
                0x0000000008001a8c       0x24 ./Core/Src/main.o
                0x0000000008001a8c                isEmptyQueue
 .text.StartDefaultTask
                0x0000000008001ab0       0x12 ./Core/Src/main.o
                0x0000000008001ab0                StartDefaultTask
 *fill*         0x0000000008001ac2        0x6 
 .text.motor    0x0000000008001ac8     0x1208 ./Core/Src/main.o
                0x0000000008001ac8                motor
 .text.encoder_task
                0x0000000008002cd0      0x10c ./Core/Src/main.o
                0x0000000008002cd0                encoder_task
 *fill*         0x0000000008002ddc        0x4 
 .text.gyro_task
                0x0000000008002de0       0xd8 ./Core/Src/main.o
                0x0000000008002de0                gyro_task
 .text.Error_Handler
                0x0000000008002eb8        0xa ./Core/Src/main.o
                0x0000000008002eb8                Error_Handler
 *fill*         0x0000000008002ec2        0x2 
 .text.HAL_MspInit
                0x0000000008002ec4       0x58 ./Core/Src/stm32f4xx_hal_msp.o
                0x0000000008002ec4                HAL_MspInit
 .text.HAL_I2C_MspInit
                0x0000000008002f1c       0x90 ./Core/Src/stm32f4xx_hal_msp.o
                0x0000000008002f1c                HAL_I2C_MspInit
 .text.HAL_TIM_Base_MspInit
                0x0000000008002fac       0xbc ./Core/Src/stm32f4xx_hal_msp.o
                0x0000000008002fac                HAL_TIM_Base_MspInit
 .text.HAL_TIM_Encoder_MspInit
                0x0000000008003068      0x134 ./Core/Src/stm32f4xx_hal_msp.o
                0x0000000008003068                HAL_TIM_Encoder_MspInit
 .text.HAL_TIM_IC_MspInit
                0x000000000800319c       0xa0 ./Core/Src/stm32f4xx_hal_msp.o
                0x000000000800319c                HAL_TIM_IC_MspInit
 .text.HAL_TIM_MspPostInit
                0x000000000800323c       0x74 ./Core/Src/stm32f4xx_hal_msp.o
                0x000000000800323c                HAL_TIM_MspPostInit
 .text.HAL_UART_MspInit
                0x00000000080032b0       0xa0 ./Core/Src/stm32f4xx_hal_msp.o
                0x00000000080032b0                HAL_UART_MspInit
 .text.NMI_Handler
                0x0000000008003350        0x6 ./Core/Src/stm32f4xx_it.o
                0x0000000008003350                NMI_Handler
 .text.HardFault_Handler
                0x0000000008003356        0x6 ./Core/Src/stm32f4xx_it.o
                0x0000000008003356                HardFault_Handler
 .text.MemManage_Handler
                0x000000000800335c        0x6 ./Core/Src/stm32f4xx_it.o
                0x000000000800335c                MemManage_Handler
 .text.BusFault_Handler
                0x0000000008003362        0x6 ./Core/Src/stm32f4xx_it.o
                0x0000000008003362                BusFault_Handler
 .text.UsageFault_Handler
                0x0000000008003368        0x6 ./Core/Src/stm32f4xx_it.o
                0x0000000008003368                UsageFault_Handler
 .text.DebugMon_Handler
                0x000000000800336e        0xe ./Core/Src/stm32f4xx_it.o
                0x000000000800336e                DebugMon_Handler
 .text.SysTick_Handler
                0x000000000800337c       0x1a ./Core/Src/stm32f4xx_it.o
                0x000000000800337c                SysTick_Handler
 *fill*         0x0000000008003396        0x2 
 .text.USART3_IRQHandler
                0x0000000008003398       0x14 ./Core/Src/stm32f4xx_it.o
                0x0000000008003398                USART3_IRQHandler
 .text.TIM5_IRQHandler
                0x00000000080033ac       0x14 ./Core/Src/stm32f4xx_it.o
                0x00000000080033ac                TIM5_IRQHandler
 .text._sbrk    0x00000000080033c0       0x6c ./Core/Src/sysmem.o
                0x00000000080033c0                _sbrk
 .text.SystemInit
                0x000000000800342c       0x24 ./Core/Src/system_stm32f4xx.o
                0x000000000800342c                SystemInit
 .text.Reset_Handler
                0x0000000008003450       0x50 ./Core/Startup/startup_stm32f407vetx.o
                0x0000000008003450                Reset_Handler
 .text.Default_Handler
                0x00000000080034a0        0x2 ./Core/Startup/startup_stm32f407vetx.o
                0x00000000080034a0                RTC_Alarm_IRQHandler
                0x00000000080034a0                HASH_RNG_IRQHandler
                0x00000000080034a0                EXTI2_IRQHandler
                0x00000000080034a0                TIM8_CC_IRQHandler
                0x00000000080034a0                TIM1_CC_IRQHandler
                0x00000000080034a0                DMA2_Stream5_IRQHandler
                0x00000000080034a0                DMA1_Stream5_IRQHandler
                0x00000000080034a0                PVD_IRQHandler
                0x00000000080034a0                SDIO_IRQHandler
                0x00000000080034a0                TAMP_STAMP_IRQHandler
                0x00000000080034a0                CAN2_RX1_IRQHandler
                0x00000000080034a0                EXTI3_IRQHandler
                0x00000000080034a0                TIM8_TRG_COM_TIM14_IRQHandler
                0x00000000080034a0                TIM1_UP_TIM10_IRQHandler
                0x00000000080034a0                TIM8_UP_TIM13_IRQHandler
                0x00000000080034a0                I2C3_ER_IRQHandler
                0x00000000080034a0                EXTI0_IRQHandler
                0x00000000080034a0                I2C2_EV_IRQHandler
                0x00000000080034a0                DMA1_Stream2_IRQHandler
                0x00000000080034a0                CAN1_RX0_IRQHandler
                0x00000000080034a0                FPU_IRQHandler
                0x00000000080034a0                OTG_HS_WKUP_IRQHandler
                0x00000000080034a0                CAN2_SCE_IRQHandler
                0x00000000080034a0                DMA2_Stream2_IRQHandler
                0x00000000080034a0                SPI1_IRQHandler
                0x00000000080034a0                TIM6_DAC_IRQHandler
                0x00000000080034a0                TIM1_BRK_TIM9_IRQHandler
                0x00000000080034a0                DCMI_IRQHandler
                0x00000000080034a0                CAN2_RX0_IRQHandler
                0x00000000080034a0                DMA2_Stream3_IRQHandler
                0x00000000080034a0                USART6_IRQHandler
                0x00000000080034a0                CAN1_RX1_IRQHandler
                0x00000000080034a0                UART5_IRQHandler
                0x00000000080034a0                DMA2_Stream0_IRQHandler
                0x00000000080034a0                TIM4_IRQHandler
                0x00000000080034a0                I2C1_EV_IRQHandler
                0x00000000080034a0                DMA1_Stream6_IRQHandler
                0x00000000080034a0                DMA1_Stream1_IRQHandler
                0x00000000080034a0                UART4_IRQHandler
                0x00000000080034a0                TIM3_IRQHandler
                0x00000000080034a0                RCC_IRQHandler
                0x00000000080034a0                TIM8_BRK_TIM12_IRQHandler
                0x00000000080034a0                Default_Handler
                0x00000000080034a0                EXTI15_10_IRQHandler
                0x00000000080034a0                ADC_IRQHandler
                0x00000000080034a0                DMA1_Stream7_IRQHandler
                0x00000000080034a0                TIM7_IRQHandler
                0x00000000080034a0                CAN2_TX_IRQHandler
                0x00000000080034a0                DMA2_Stream7_IRQHandler
                0x00000000080034a0                I2C3_EV_IRQHandler
                0x00000000080034a0                RTC_WKUP_IRQHandler
                0x00000000080034a0                ETH_WKUP_IRQHandler
                0x00000000080034a0                SPI2_IRQHandler
                0x00000000080034a0                OTG_HS_EP1_IN_IRQHandler
                0x00000000080034a0                DMA1_Stream0_IRQHandler
                0x00000000080034a0                CAN1_TX_IRQHandler
                0x00000000080034a0                EXTI4_IRQHandler
                0x00000000080034a0                FSMC_IRQHandler
                0x00000000080034a0                ETH_IRQHandler
                0x00000000080034a0                OTG_HS_EP1_OUT_IRQHandler
                0x00000000080034a0                WWDG_IRQHandler
                0x00000000080034a0                TIM2_IRQHandler
                0x00000000080034a0                OTG_FS_WKUP_IRQHandler
                0x00000000080034a0                TIM1_TRG_COM_TIM11_IRQHandler
                0x00000000080034a0                OTG_HS_IRQHandler
                0x00000000080034a0                EXTI1_IRQHandler
                0x00000000080034a0                USART2_IRQHandler
                0x00000000080034a0                I2C2_ER_IRQHandler
                0x00000000080034a0                DMA2_Stream1_IRQHandler
                0x00000000080034a0                CAN1_SCE_IRQHandler
                0x00000000080034a0                FLASH_IRQHandler
                0x00000000080034a0                DMA2_Stream4_IRQHandler
                0x00000000080034a0                USART1_IRQHandler
                0x00000000080034a0                OTG_FS_IRQHandler
                0x00000000080034a0                SPI3_IRQHandler
                0x00000000080034a0                DMA1_Stream4_IRQHandler
                0x00000000080034a0                I2C1_ER_IRQHandler
                0x00000000080034a0                DMA2_Stream6_IRQHandler
                0x00000000080034a0                DMA1_Stream3_IRQHandler
 *fill*         0x00000000080034a2        0x2 
 .text.HAL_Init
                0x00000000080034a4       0x44 ./Drivers/STM32F4xx_HAL_Driver/stm32f4xx_hal.o
                0x00000000080034a4                HAL_Init
 .text.HAL_InitTick
                0x00000000080034e8       0x60 ./Drivers/STM32F4xx_HAL_Driver/stm32f4xx_hal.o
                0x00000000080034e8                HAL_InitTick
 .text.HAL_IncTick
                0x0000000008003548       0x28 ./Drivers/STM32F4xx_HAL_Driver/stm32f4xx_hal.o
                0x0000000008003548                HAL_IncTick
 .text.HAL_GetTick
                0x0000000008003570       0x18 ./Drivers/STM32F4xx_HAL_Driver/stm32f4xx_hal.o
                0x0000000008003570                HAL_GetTick
 .text.HAL_Delay
                0x0000000008003588       0x48 ./Drivers/STM32F4xx_HAL_Driver/stm32f4xx_hal.o
                0x0000000008003588                HAL_Delay
 .text.__NVIC_SetPriorityGrouping
                0x00000000080035d0       0x48 ./Drivers/STM32F4xx_HAL_Driver/stm32f4xx_hal_cortex.o
 .text.__NVIC_GetPriorityGrouping
                0x0000000008003618       0x1c ./Drivers/STM32F4xx_HAL_Driver/stm32f4xx_hal_cortex.o
 .text.__NVIC_EnableIRQ
                0x0000000008003634       0x3c ./Drivers/STM32F4xx_HAL_Driver/stm32f4xx_hal_cortex.o
 .text.__NVIC_SetPriority
                0x0000000008003670       0x54 ./Drivers/STM32F4xx_HAL_Driver/stm32f4xx_hal_cortex.o
 .text.NVIC_EncodePriority
                0x00000000080036c4       0x66 ./Drivers/STM32F4xx_HAL_Driver/stm32f4xx_hal_cortex.o
 *fill*         0x000000000800372a        0x2 
 .text.SysTick_Config
                0x000000000800372c       0x44 ./Drivers/STM32F4xx_HAL_Driver/stm32f4xx_hal_cortex.o
 .text.HAL_NVIC_SetPriorityGrouping
                0x0000000008003770       0x16 ./Drivers/STM32F4xx_HAL_Driver/stm32f4xx_hal_cortex.o
                0x0000000008003770                HAL_NVIC_SetPriorityGrouping
 .text.HAL_NVIC_SetPriority
                0x0000000008003786       0x38 ./Drivers/STM32F4xx_HAL_Driver/stm32f4xx_hal_cortex.o
                0x0000000008003786                HAL_NVIC_SetPriority
 .text.HAL_NVIC_EnableIRQ
                0x00000000080037be       0x1c ./Drivers/STM32F4xx_HAL_Driver/stm32f4xx_hal_cortex.o
                0x00000000080037be                HAL_NVIC_EnableIRQ
 .text.HAL_SYSTICK_Config
                0x00000000080037da       0x18 ./Drivers/STM32F4xx_HAL_Driver/stm32f4xx_hal_cortex.o
                0x00000000080037da                HAL_SYSTICK_Config
 .text.HAL_DMA_Abort
                0x00000000080037f2       0xe0 ./Drivers/STM32F4xx_HAL_Driver/stm32f4xx_hal_dma.o
                0x00000000080037f2                HAL_DMA_Abort
 .text.HAL_DMA_Abort_IT
                0x00000000080038d2       0x44 ./Drivers/STM32F4xx_HAL_Driver/stm32f4xx_hal_dma.o
                0x00000000080038d2                HAL_DMA_Abort_IT
 *fill*         0x0000000008003916        0x2 
 .text.HAL_GPIO_Init
                0x0000000008003918      0x338 ./Drivers/STM32F4xx_HAL_Driver/stm32f4xx_hal_gpio.o
                0x0000000008003918                HAL_GPIO_Init
 .text.HAL_GPIO_WritePin
                0x0000000008003c50       0x32 ./Drivers/STM32F4xx_HAL_Driver/stm32f4xx_hal_gpio.o
                0x0000000008003c50                HAL_GPIO_WritePin
 .text.HAL_GPIO_TogglePin
                0x0000000008003c82       0x34 ./Drivers/STM32F4xx_HAL_Driver/stm32f4xx_hal_gpio.o
                0x0000000008003c82                HAL_GPIO_TogglePin
 *fill*         0x0000000008003cb6        0x2 
 .text.HAL_GPIO_EXTI_IRQHandler
                0x0000000008003cb8       0x30 ./Drivers/STM32F4xx_HAL_Driver/stm32f4xx_hal_gpio.o
                0x0000000008003cb8                HAL_GPIO_EXTI_IRQHandler
 .text.HAL_I2C_Init
                0x0000000008003ce8      0x288 ./Drivers/STM32F4xx_HAL_Driver/stm32f4xx_hal_i2c.o
                0x0000000008003ce8                HAL_I2C_Init
 .text.HAL_I2C_Master_Transmit
                0x0000000008003f70      0x1fc ./Drivers/STM32F4xx_HAL_Driver/stm32f4xx_hal_i2c.o
                0x0000000008003f70                HAL_I2C_Master_Transmit
 .text.HAL_I2C_Master_Receive
                0x000000000800416c      0x44c ./Drivers/STM32F4xx_HAL_Driver/stm32f4xx_hal_i2c.o
                0x000000000800416c                HAL_I2C_Master_Receive
 .text.I2C_MasterRequestWrite
                0x00000000080045b8      0x104 ./Drivers/STM32F4xx_HAL_Driver/stm32f4xx_hal_i2c.o
 .text.I2C_MasterRequestRead
                0x00000000080046bc      0x19c ./Drivers/STM32F4xx_HAL_Driver/stm32f4xx_hal_i2c.o
 .text.I2C_WaitOnFlagUntilTimeout
                0x0000000008004858       0xae ./Drivers/STM32F4xx_HAL_Driver/stm32f4xx_hal_i2c.o
 .text.I2C_WaitOnMasterAddressFlagUntilTimeout
                0x0000000008004906       0xfe ./Drivers/STM32F4xx_HAL_Driver/stm32f4xx_hal_i2c.o
 .text.I2C_WaitOnTXEFlagUntilTimeout
                0x0000000008004a04       0x82 ./Drivers/STM32F4xx_HAL_Driver/stm32f4xx_hal_i2c.o
 .text.I2C_WaitOnBTFFlagUntilTimeout
                0x0000000008004a86       0x82 ./Drivers/STM32F4xx_HAL_Driver/stm32f4xx_hal_i2c.o
 .text.I2C_WaitOnRXNEFlagUntilTimeout
                0x0000000008004b08       0xac ./Drivers/STM32F4xx_HAL_Driver/stm32f4xx_hal_i2c.o
 .text.I2C_IsAcknowledgeFailed
                0x0000000008004bb4       0x5e ./Drivers/STM32F4xx_HAL_Driver/stm32f4xx_hal_i2c.o
 *fill*         0x0000000008004c12        0x2 
 .text.HAL_PWR_EnableBkUpAccess
                0x0000000008004c14       0x28 ./Drivers/STM32F4xx_HAL_Driver/stm32f4xx_hal_pwr.o
                0x0000000008004c14                HAL_PWR_EnableBkUpAccess
 .text.HAL_PWR_DisableBkUpAccess
                0x0000000008004c3c       0x28 ./Drivers/STM32F4xx_HAL_Driver/stm32f4xx_hal_pwr.o
                0x0000000008004c3c                HAL_PWR_DisableBkUpAccess
 .text.HAL_RCC_OscConfig
                0x0000000008004c64      0x4f0 ./Drivers/STM32F4xx_HAL_Driver/stm32f4xx_hal_rcc.o
                0x0000000008004c64                HAL_RCC_OscConfig
 .text.HAL_RCC_ClockConfig
                0x0000000008005154      0x1cc ./Drivers/STM32F4xx_HAL_Driver/stm32f4xx_hal_rcc.o
                0x0000000008005154                HAL_RCC_ClockConfig
 .text.HAL_RCC_GetSysClockFreq
                0x0000000008005320      0x18c ./Drivers/STM32F4xx_HAL_Driver/stm32f4xx_hal_rcc.o
                0x0000000008005320                HAL_RCC_GetSysClockFreq
 .text.HAL_RCC_GetHCLKFreq
                0x00000000080054ac       0x18 ./Drivers/STM32F4xx_HAL_Driver/stm32f4xx_hal_rcc.o
                0x00000000080054ac                HAL_RCC_GetHCLKFreq
 .text.HAL_RCC_GetPCLK1Freq
                0x00000000080054c4       0x28 ./Drivers/STM32F4xx_HAL_Driver/stm32f4xx_hal_rcc.o
                0x00000000080054c4                HAL_RCC_GetPCLK1Freq
 .text.HAL_RCC_GetPCLK2Freq
                0x00000000080054ec       0x28 ./Drivers/STM32F4xx_HAL_Driver/stm32f4xx_hal_rcc.o
                0x00000000080054ec                HAL_RCC_GetPCLK2Freq
 .text.HAL_TIM_Base_Init
                0x0000000008005514       0x9e ./Drivers/STM32F4xx_HAL_Driver/stm32f4xx_hal_tim.o
                0x0000000008005514                HAL_TIM_Base_Init
 .text.HAL_TIM_PWM_Init
                0x00000000080055b2       0x9e ./Drivers/STM32F4xx_HAL_Driver/stm32f4xx_hal_tim.o
                0x00000000080055b2                HAL_TIM_PWM_Init
 .text.HAL_TIM_PWM_MspInit
                0x0000000008005650       0x14 ./Drivers/STM32F4xx_HAL_Driver/stm32f4xx_hal_tim.o
                0x0000000008005650                HAL_TIM_PWM_MspInit
 .text.HAL_TIM_PWM_Start
                0x0000000008005664      0x190 ./Drivers/STM32F4xx_HAL_Driver/stm32f4xx_hal_tim.o
                0x0000000008005664                HAL_TIM_PWM_Start
 .text.HAL_TIM_IC_Init
                0x00000000080057f4       0x9e ./Drivers/STM32F4xx_HAL_Driver/stm32f4xx_hal_tim.o
                0x00000000080057f4                HAL_TIM_IC_Init
 *fill*         0x0000000008005892        0x2 
 .text.HAL_TIM_IC_Start_IT
                0x0000000008005894      0x250 ./Drivers/STM32F4xx_HAL_Driver/stm32f4xx_hal_tim.o
                0x0000000008005894                HAL_TIM_IC_Start_IT
 .text.HAL_TIM_Encoder_Init
                0x0000000008005ae4      0x14c ./Drivers/STM32F4xx_HAL_Driver/stm32f4xx_hal_tim.o
                0x0000000008005ae4                HAL_TIM_Encoder_Init
 .text.HAL_TIM_Encoder_Start
                0x0000000008005c30      0x11c ./Drivers/STM32F4xx_HAL_Driver/stm32f4xx_hal_tim.o
                0x0000000008005c30                HAL_TIM_Encoder_Start
 .text.HAL_TIM_IRQHandler
                0x0000000008005d4c      0x210 ./Drivers/STM32F4xx_HAL_Driver/stm32f4xx_hal_tim.o
                0x0000000008005d4c                HAL_TIM_IRQHandler
 .text.HAL_TIM_IC_ConfigChannel
                0x0000000008005f5c      0x138 ./Drivers/STM32F4xx_HAL_Driver/stm32f4xx_hal_tim.o
                0x0000000008005f5c                HAL_TIM_IC_ConfigChannel
 .text.HAL_TIM_PWM_ConfigChannel
                0x0000000008006094      0x184 ./Drivers/STM32F4xx_HAL_Driver/stm32f4xx_hal_tim.o
                0x0000000008006094                HAL_TIM_PWM_ConfigChannel
 .text.HAL_TIM_ConfigClockSource
                0x0000000008006218      0x18e ./Drivers/STM32F4xx_HAL_Driver/stm32f4xx_hal_tim.o
                0x0000000008006218                HAL_TIM_ConfigClockSource
 *fill*         0x00000000080063a6        0x2 
 .text.HAL_TIM_ReadCapturedValue
                0x00000000080063a8       0x88 ./Drivers/STM32F4xx_HAL_Driver/stm32f4xx_hal_tim.o
                0x00000000080063a8                HAL_TIM_ReadCapturedValue
 .text.HAL_TIM_PeriodElapsedCallback
                0x0000000008006430       0x14 ./Drivers/STM32F4xx_HAL_Driver/stm32f4xx_hal_tim.o
                0x0000000008006430                HAL_TIM_PeriodElapsedCallback
 .text.HAL_TIM_OC_DelayElapsedCallback
                0x0000000008006444       0x14 ./Drivers/STM32F4xx_HAL_Driver/stm32f4xx_hal_tim.o
                0x0000000008006444                HAL_TIM_OC_DelayElapsedCallback
 .text.HAL_TIM_PWM_PulseFinishedCallback
                0x0000000008006458       0x14 ./Drivers/STM32F4xx_HAL_Driver/stm32f4xx_hal_tim.o
                0x0000000008006458                HAL_TIM_PWM_PulseFinishedCallback
 .text.HAL_TIM_TriggerCallback
                0x000000000800646c       0x14 ./Drivers/STM32F4xx_HAL_Driver/stm32f4xx_hal_tim.o
                0x000000000800646c                HAL_TIM_TriggerCallback
 .text.TIM_Base_SetConfig
                0x0000000008006480      0x140 ./Drivers/STM32F4xx_HAL_Driver/stm32f4xx_hal_tim.o
                0x0000000008006480                TIM_Base_SetConfig
 .text.TIM_OC1_SetConfig
                0x00000000080065c0       0xe0 ./Drivers/STM32F4xx_HAL_Driver/stm32f4xx_hal_tim.o
 .text.TIM_OC2_SetConfig
                0x00000000080066a0       0xec ./Drivers/STM32F4xx_HAL_Driver/stm32f4xx_hal_tim.o
                0x00000000080066a0                TIM_OC2_SetConfig
 .text.TIM_OC3_SetConfig
                0x000000000800678c       0xe8 ./Drivers/STM32F4xx_HAL_Driver/stm32f4xx_hal_tim.o
 .text.TIM_OC4_SetConfig
                0x0000000008006874       0xac ./Drivers/STM32F4xx_HAL_Driver/stm32f4xx_hal_tim.o
 .text.TIM_TI1_SetConfig
                0x0000000008006920       0xe8 ./Drivers/STM32F4xx_HAL_Driver/stm32f4xx_hal_tim.o
                0x0000000008006920                TIM_TI1_SetConfig
 .text.TIM_TI1_ConfigInputStage
                0x0000000008006a08       0x5e ./Drivers/STM32F4xx_HAL_Driver/stm32f4xx_hal_tim.o
 .text.TIM_TI2_SetConfig
                0x0000000008006a66       0x7a ./Drivers/STM32F4xx_HAL_Driver/stm32f4xx_hal_tim.o
 .text.TIM_TI2_ConfigInputStage
                0x0000000008006ae0       0x60 ./Drivers/STM32F4xx_HAL_Driver/stm32f4xx_hal_tim.o
 .text.TIM_TI3_SetConfig
                0x0000000008006b40       0x78 ./Drivers/STM32F4xx_HAL_Driver/stm32f4xx_hal_tim.o
 .text.TIM_TI4_SetConfig
                0x0000000008006bb8       0x7a ./Drivers/STM32F4xx_HAL_Driver/stm32f4xx_hal_tim.o
 .text.TIM_ITRx_SetConfig
                0x0000000008006c32       0x36 ./Drivers/STM32F4xx_HAL_Driver/stm32f4xx_hal_tim.o
 .text.TIM_ETR_SetConfig
                0x0000000008006c68       0x40 ./Drivers/STM32F4xx_HAL_Driver/stm32f4xx_hal_tim.o
                0x0000000008006c68                TIM_ETR_SetConfig
 .text.TIM_CCxChannelCmd
                0x0000000008006ca8       0x4a ./Drivers/STM32F4xx_HAL_Driver/stm32f4xx_hal_tim.o
                0x0000000008006ca8                TIM_CCxChannelCmd
 *fill*         0x0000000008006cf2        0x2 
 .text.HAL_TIMEx_MasterConfigSynchronization
                0x0000000008006cf4       0xf8 ./Drivers/STM32F4xx_HAL_Driver/stm32f4xx_hal_tim_ex.o
                0x0000000008006cf4                HAL_TIMEx_MasterConfigSynchronization
 .text.HAL_TIMEx_ConfigBreakDeadTime
                0x0000000008006dec       0xa4 ./Drivers/STM32F4xx_HAL_Driver/stm32f4xx_hal_tim_ex.o
                0x0000000008006dec                HAL_TIMEx_ConfigBreakDeadTime
 .text.HAL_TIMEx_CommutCallback
                0x0000000008006e90       0x14 ./Drivers/STM32F4xx_HAL_Driver/stm32f4xx_hal_tim_ex.o
                0x0000000008006e90                HAL_TIMEx_CommutCallback
 .text.HAL_TIMEx_BreakCallback
                0x0000000008006ea4       0x14 ./Drivers/STM32F4xx_HAL_Driver/stm32f4xx_hal_tim_ex.o
                0x0000000008006ea4                HAL_TIMEx_BreakCallback
 .text.HAL_UART_Init
                0x0000000008006eb8       0x9a ./Drivers/STM32F4xx_HAL_Driver/stm32f4xx_hal_uart.o
                0x0000000008006eb8                HAL_UART_Init
 .text.HAL_UART_Transmit
                0x0000000008006f52      0x124 ./Drivers/STM32F4xx_HAL_Driver/stm32f4xx_hal_uart.o
                0x0000000008006f52                HAL_UART_Transmit
 .text.HAL_UART_Receive_IT
                0x0000000008007076       0x60 ./Drivers/STM32F4xx_HAL_Driver/stm32f4xx_hal_uart.o
                0x0000000008007076                HAL_UART_Receive_IT
 *fill*         0x00000000080070d6        0x2 
 .text.HAL_UART_IRQHandler
                0x00000000080070d8      0x51c ./Drivers/STM32F4xx_HAL_Driver/stm32f4xx_hal_uart.o
                0x00000000080070d8                HAL_UART_IRQHandler
 .text.HAL_UART_TxCpltCallback
                0x00000000080075f4       0x14 ./Drivers/STM32F4xx_HAL_Driver/stm32f4xx_hal_uart.o
                0x00000000080075f4                HAL_UART_TxCpltCallback
 .text.HAL_UART_ErrorCallback
                0x0000000008007608       0x14 ./Drivers/STM32F4xx_HAL_Driver/stm32f4xx_hal_uart.o
                0x0000000008007608                HAL_UART_ErrorCallback
 .text.HAL_UARTEx_RxEventCallback
                0x000000000800761c       0x18 ./Drivers/STM32F4xx_HAL_Driver/stm32f4xx_hal_uart.o
                0x000000000800761c                HAL_UARTEx_RxEventCallback
 .text.UART_WaitOnFlagUntilTimeout
                0x0000000008007634       0xdc ./Drivers/STM32F4xx_HAL_Driver/stm32f4xx_hal_uart.o
 .text.UART_Start_Receive_IT
                0x0000000008007710       0x7c ./Drivers/STM32F4xx_HAL_Driver/stm32f4xx_hal_uart.o
                0x0000000008007710                UART_Start_Receive_IT
 .text.UART_EndRxTransfer
                0x000000000800778c       0xc6 ./Drivers/STM32F4xx_HAL_Driver/stm32f4xx_hal_uart.o
 .text.UART_DMAAbortOnError
                0x0000000008007852       0x28 ./Drivers/STM32F4xx_HAL_Driver/stm32f4xx_hal_uart.o
 .text.UART_Transmit_IT
                0x000000000800787a       0xa0 ./Drivers/STM32F4xx_HAL_Driver/stm32f4xx_hal_uart.o
 .text.UART_EndTransmit_IT
                0x000000000800791a       0x30 ./Drivers/STM32F4xx_HAL_Driver/stm32f4xx_hal_uart.o
 .text.UART_Receive_IT
                0x000000000800794a      0x176 ./Drivers/STM32F4xx_HAL_Driver/stm32f4xx_hal_uart.o
 .text.UART_SetConfig
                0x0000000008007ac0      0x4e8 ./Drivers/STM32F4xx_HAL_Driver/stm32f4xx_hal_uart.o
 .text.__NVIC_SetPriority
                0x0000000008007fa8       0x54 ./Middlewares/FreeRTOS/cmsis_os2.o
 .text.SVC_Setup
                0x0000000008007ffc       0x12 ./Middlewares/FreeRTOS/cmsis_os2.o
 *fill*         0x000000000800800e        0x2 
 .text.osKernelInitialize
                0x0000000008008010       0x48 ./Middlewares/FreeRTOS/cmsis_os2.o
                0x0000000008008010                osKernelInitialize
 .text.osKernelStart
                0x0000000008008058       0x4c ./Middlewares/FreeRTOS/cmsis_os2.o
                0x0000000008008058                osKernelStart
 .text.osThreadNew
                0x00000000080080a4      0x124 ./Middlewares/FreeRTOS/cmsis_os2.o
                0x00000000080080a4                osThreadNew
 .text.osDelay  0x00000000080081c8       0x36 ./Middlewares/FreeRTOS/cmsis_os2.o
                0x00000000080081c8                osDelay
 .text.osDelayUntil
                0x00000000080081fe       0x5a ./Middlewares/FreeRTOS/cmsis_os2.o
                0x00000000080081fe                osDelayUntil
 .text.vApplicationGetIdleTaskMemory
                0x0000000008008258       0x34 ./Middlewares/FreeRTOS/cmsis_os2.o
                0x0000000008008258                vApplicationGetIdleTaskMemory
 .text.vApplicationGetTimerTaskMemory
                0x000000000800828c       0x34 ./Middlewares/FreeRTOS/cmsis_os2.o
                0x000000000800828c                vApplicationGetTimerTaskMemory
 .text.pvPortMalloc
                0x00000000080082c0      0x198 ./Middlewares/FreeRTOS/heap_4.o
                0x00000000080082c0                pvPortMalloc
 .text.vPortFree
                0x0000000008008458       0xc4 ./Middlewares/FreeRTOS/heap_4.o
                0x0000000008008458                vPortFree
 .text.prvHeapInit
                0x000000000800851c       0xc4 ./Middlewares/FreeRTOS/heap_4.o
 .text.prvInsertBlockIntoFreeList
                0x00000000080085e0       0xb4 ./Middlewares/FreeRTOS/heap_4.o
 .text.vListInitialise
                0x0000000008008694       0x40 ./Middlewares/FreeRTOS/list.o
                0x0000000008008694                vListInitialise
 .text.vListInitialiseItem
                0x00000000080086d4       0x1a ./Middlewares/FreeRTOS/list.o
                0x00000000080086d4                vListInitialiseItem
 .text.vListInsertEnd
                0x00000000080086ee       0x48 ./Middlewares/FreeRTOS/list.o
                0x00000000080086ee                vListInsertEnd
 .text.vListInsert
                0x0000000008008736       0x72 ./Middlewares/FreeRTOS/list.o
                0x0000000008008736                vListInsert
 .text.uxListRemove
                0x00000000080087a8       0x54 ./Middlewares/FreeRTOS/list.o
                0x00000000080087a8                uxListRemove
 .text.pxPortInitialiseStack
                0x00000000080087fc       0x68 ./Middlewares/FreeRTOS/port.o
                0x00000000080087fc                pxPortInitialiseStack
 .text.prvTaskExitError
                0x0000000008008864       0x58 ./Middlewares/FreeRTOS/port.o
 *fill*         0x00000000080088bc        0x4 
 .text.SVC_Handler
                0x00000000080088c0       0x28 ./Middlewares/FreeRTOS/port.o
                0x00000000080088c0                SVC_Handler
 .text.prvPortStartFirstTask
                0x00000000080088e8       0x28 ./Middlewares/FreeRTOS/port.o
 .text.xPortStartScheduler
                0x0000000008008910      0x144 ./Middlewares/FreeRTOS/port.o
                0x0000000008008910                xPortStartScheduler
 .text.vPortEnterCritical
                0x0000000008008a54       0x60 ./Middlewares/FreeRTOS/port.o
                0x0000000008008a54                vPortEnterCritical
 .text.vPortExitCritical
                0x0000000008008ab4       0x54 ./Middlewares/FreeRTOS/port.o
                0x0000000008008ab4                vPortExitCritical
 *fill*         0x0000000008008b08        0x8 
 .text.PendSV_Handler
                0x0000000008008b10       0x68 ./Middlewares/FreeRTOS/port.o
                0x0000000008008b10                PendSV_Handler
 .text.xPortSysTickHandler
                0x0000000008008b78       0x44 ./Middlewares/FreeRTOS/port.o
                0x0000000008008b78                xPortSysTickHandler
 .text.vPortSetupTimerInterrupt
                0x0000000008008bbc       0x48 ./Middlewares/FreeRTOS/port.o
                0x0000000008008bbc                vPortSetupTimerInterrupt
 .text.vPortEnableVFP
                0x0000000008008c04       0x14 ./Middlewares/FreeRTOS/port.o
 .text.vPortValidateInterruptPriority
                0x0000000008008c18       0x80 ./Middlewares/FreeRTOS/port.o
                0x0000000008008c18                vPortValidateInterruptPriority
 .text.xQueueGenericReset
                0x0000000008008c98       0xd0 ./Middlewares/FreeRTOS/queue.o
                0x0000000008008c98                xQueueGenericReset
 .text.xQueueGenericCreateStatic
                0x0000000008008d68       0xf0 ./Middlewares/FreeRTOS/queue.o
                0x0000000008008d68                xQueueGenericCreateStatic
 .text.prvInitialiseNewQueue
                0x0000000008008e58       0x46 ./Middlewares/FreeRTOS/queue.o
 *fill*         0x0000000008008e9e        0x2 
 .text.xQueueGenericSend
                0x0000000008008ea0      0x1fc ./Middlewares/FreeRTOS/queue.o
                0x0000000008008ea0                xQueueGenericSend
 .text.xQueueGenericSendFromISR
                0x000000000800909c      0x136 ./Middlewares/FreeRTOS/queue.o
                0x000000000800909c                xQueueGenericSendFromISR
 *fill*         0x00000000080091d2        0x2 
 .text.xQueueReceive
                0x00000000080091d4      0x1c0 ./Middlewares/FreeRTOS/queue.o
                0x00000000080091d4                xQueueReceive
 .text.prvCopyDataToQueue
                0x0000000008009394       0xd4 ./Middlewares/FreeRTOS/queue.o
 .text.prvCopyDataFromQueue
                0x0000000008009468       0x4c ./Middlewares/FreeRTOS/queue.o
 .text.prvUnlockQueue
                0x00000000080094b4       0xa4 ./Middlewares/FreeRTOS/queue.o
 .text.prvIsQueueEmpty
                0x0000000008009558       0x2c ./Middlewares/FreeRTOS/queue.o
 .text.prvIsQueueFull
                0x0000000008009584       0x30 ./Middlewares/FreeRTOS/queue.o
 .text.vQueueAddToRegistry
                0x00000000080095b4       0x54 ./Middlewares/FreeRTOS/queue.o
                0x00000000080095b4                vQueueAddToRegistry
 .text.vQueueWaitForMessageRestricted
                0x0000000008009608       0x68 ./Middlewares/FreeRTOS/queue.o
                0x0000000008009608                vQueueWaitForMessageRestricted
 .text.xTaskCreateStatic
                0x0000000008009670       0xba ./Middlewares/FreeRTOS/tasks.o
                0x0000000008009670                xTaskCreateStatic
 .text.xTaskCreate
                0x000000000800972a       0x8a ./Middlewares/FreeRTOS/tasks.o
                0x000000000800972a                xTaskCreate
 .text.prvInitialiseNewTask
                0x00000000080097b4      0x11e ./Middlewares/FreeRTOS/tasks.o
 *fill*         0x00000000080098d2        0x2 
 .text.prvAddNewTaskToReadyList
                0x00000000080098d4       0xe0 ./Middlewares/FreeRTOS/tasks.o
 .text.vTaskDelayUntil
                0x00000000080099b4       0xfc ./Middlewares/FreeRTOS/tasks.o
                0x00000000080099b4                vTaskDelayUntil
 .text.vTaskDelay
                0x0000000008009ab0       0x68 ./Middlewares/FreeRTOS/tasks.o
                0x0000000008009ab0                vTaskDelay
 .text.vTaskStartScheduler
                0x0000000008009b18       0xcc ./Middlewares/FreeRTOS/tasks.o
                0x0000000008009b18                vTaskStartScheduler
 .text.vTaskSuspendAll
                0x0000000008009be4       0x1c ./Middlewares/FreeRTOS/tasks.o
                0x0000000008009be4                vTaskSuspendAll
 .text.xTaskResumeAll
                0x0000000008009c00      0x13c ./Middlewares/FreeRTOS/tasks.o
                0x0000000008009c00                xTaskResumeAll
 .text.xTaskGetTickCount
                0x0000000008009d3c       0x20 ./Middlewares/FreeRTOS/tasks.o
                0x0000000008009d3c                xTaskGetTickCount
 .text.xTaskIncrementTick
                0x0000000008009d5c      0x174 ./Middlewares/FreeRTOS/tasks.o
                0x0000000008009d5c                xTaskIncrementTick
 .text.vTaskSwitchContext
                0x0000000008009ed0       0xbc ./Middlewares/FreeRTOS/tasks.o
                0x0000000008009ed0                vTaskSwitchContext
 .text.vTaskPlaceOnEventList
                0x0000000008009f8c       0x48 ./Middlewares/FreeRTOS/tasks.o
                0x0000000008009f8c                vTaskPlaceOnEventList
 .text.vTaskPlaceOnEventListRestricted
                0x0000000008009fd4       0x58 ./Middlewares/FreeRTOS/tasks.o
                0x0000000008009fd4                vTaskPlaceOnEventListRestricted
 .text.xTaskRemoveFromEventList
                0x000000000800a02c       0xc8 ./Middlewares/FreeRTOS/tasks.o
                0x000000000800a02c                xTaskRemoveFromEventList
 .text.vTaskInternalSetTimeOutState
                0x000000000800a0f4       0x2c ./Middlewares/FreeRTOS/tasks.o
                0x000000000800a0f4                vTaskInternalSetTimeOutState
 .text.xTaskCheckForTimeOut
                0x000000000800a120       0xc4 ./Middlewares/FreeRTOS/tasks.o
                0x000000000800a120                xTaskCheckForTimeOut
 .text.vTaskMissedYield
                0x000000000800a1e4       0x18 ./Middlewares/FreeRTOS/tasks.o
                0x000000000800a1e4                vTaskMissedYield
 .text.prvIdleTask
                0x000000000800a1fc       0x30 ./Middlewares/FreeRTOS/tasks.o
 .text.prvInitialiseTaskLists
                0x000000000800a22c       0x80 ./Middlewares/FreeRTOS/tasks.o
 .text.prvCheckTasksWaitingTermination
                0x000000000800a2ac       0x5c ./Middlewares/FreeRTOS/tasks.o
 .text.prvDeleteTCB
                0x000000000800a308       0x5e ./Middlewares/FreeRTOS/tasks.o
 *fill*         0x000000000800a366        0x2 
 .text.prvResetNextTaskUnblockTime
                0x000000000800a368       0x40 ./Middlewares/FreeRTOS/tasks.o
 .text.xTaskGetSchedulerState
                0x000000000800a3a8       0x3c ./Middlewares/FreeRTOS/tasks.o
                0x000000000800a3a8                xTaskGetSchedulerState
 .text.xTaskPriorityDisinherit
                0x000000000800a3e4       0xdc ./Middlewares/FreeRTOS/tasks.o
                0x000000000800a3e4                xTaskPriorityDisinherit
 .text.prvAddCurrentTaskToDelayedList
                0x000000000800a4c0       0xa8 ./Middlewares/FreeRTOS/tasks.o
 .text.xTimerCreateTimerTask
                0x000000000800a568       0x90 ./Middlewares/FreeRTOS/timers.o
                0x000000000800a568                xTimerCreateTimerTask
 .text.xTimerGenericCommand
                0x000000000800a5f8       0x9c ./Middlewares/FreeRTOS/timers.o
                0x000000000800a5f8                xTimerGenericCommand
 .text.prvProcessExpiredTimer
                0x000000000800a694       0x98 ./Middlewares/FreeRTOS/timers.o
 .text.prvTimerTask
                0x000000000800a72c       0x24 ./Middlewares/FreeRTOS/timers.o
 .text.prvProcessTimerOrBlockTask
                0x000000000800a750       0x9c ./Middlewares/FreeRTOS/timers.o
 .text.prvGetNextExpireTime
                0x000000000800a7ec       0x48 ./Middlewares/FreeRTOS/timers.o
 .text.prvSampleTimeNow
                0x000000000800a834       0x40 ./Middlewares/FreeRTOS/timers.o
 .text.prvInsertTimerInActiveList
                0x000000000800a874       0x84 ./Middlewares/FreeRTOS/timers.o
 .text.prvProcessReceivedCommands
                0x000000000800a8f8      0x1c4 ./Middlewares/FreeRTOS/timers.o
 .text.prvSwitchTimerLists
                0x000000000800aabc       0xc8 ./Middlewares/FreeRTOS/timers.o
 .text.prvCheckForValidListAndQueue
                0x000000000800ab84       0x80 ./Middlewares/FreeRTOS/timers.o
 .text.gyroStart
                0x000000000800ac04       0x24 ./PeripheralDriver/Src/gyro.o
                0x000000000800ac04                gyroStart
 .text.gyroInit
                0x000000000800ac28       0x86 ./PeripheralDriver/Src/gyro.o
                0x000000000800ac28                gyroInit
 *fill*         0x000000000800acae        0x2 
 .text.readByte
                0x000000000800acb0       0x58 ./PeripheralDriver/Src/i2c.o
                0x000000000800acb0                readByte
 .text.writeByte
                0x000000000800ad08       0x48 ./PeripheralDriver/Src/i2c.o
                0x000000000800ad08                writeByte
 .text.OLED_Refresh_Gram
                0x000000000800ad50       0x70 ./PeripheralDriver/Src/oled.o
                0x000000000800ad50                OLED_Refresh_Gram
 .text.OLED_WR_Byte
                0x000000000800adc0       0x94 ./PeripheralDriver/Src/oled.o
                0x000000000800adc0                OLED_WR_Byte
 .text.OLED_Clear
                0x000000000800ae54       0x4c ./PeripheralDriver/Src/oled.o
                0x000000000800ae54                OLED_Clear
 .text.OLED_DrawPoint
                0x000000000800aea0       0xb4 ./PeripheralDriver/Src/oled.o
                0x000000000800aea0                OLED_DrawPoint
 .text.OLED_ShowChar
                0x000000000800af54       0xe4 ./PeripheralDriver/Src/oled.o
                0x000000000800af54                OLED_ShowChar
 .text.OLED_ShowString
                0x000000000800b038       0x64 ./PeripheralDriver/Src/oled.o
                0x000000000800b038                OLED_ShowString
 .text.OLED_Init
                0x000000000800b09c      0x118 ./PeripheralDriver/Src/oled.o
                0x000000000800b09c                OLED_Init
 .text.__errno  0x000000000800b1b4        0xc c:/st/stm32cubeide_1.7.0/stm32cubeide/plugins/com.st.stm32cube.ide.mcu.externaltools.gnu-tools-for-stm32.10.3-2021.10.win32_1.0.100.202210260954/tools/bin/../lib/gcc/arm-none-eabi/10.3.1/../../../../arm-none-eabi/lib/thumb/v7e-m+fp/hard\libc_nano.a(lib_a-errno.o)
                0x000000000800b1b4                __errno
 .text.__libc_init_array
                0x000000000800b1c0       0x48 c:/st/stm32cubeide_1.7.0/stm32cubeide/plugins/com.st.stm32cube.ide.mcu.externaltools.gnu-tools-for-stm32.10.3-2021.10.win32_1.0.100.202210260954/tools/bin/../lib/gcc/arm-none-eabi/10.3.1/../../../../arm-none-eabi/lib/thumb/v7e-m+fp/hard\libc_nano.a(lib_a-init.o)
                0x000000000800b1c0                __libc_init_array
 .text.malloc   0x000000000800b208       0x10 c:/st/stm32cubeide_1.7.0/stm32cubeide/plugins/com.st.stm32cube.ide.mcu.externaltools.gnu-tools-for-stm32.10.3-2021.10.win32_1.0.100.202210260954/tools/bin/../lib/gcc/arm-none-eabi/10.3.1/../../../../arm-none-eabi/lib/thumb/v7e-m+fp/hard\libc_nano.a(lib_a-malloc.o)
                0x000000000800b208                malloc
 .text.free     0x000000000800b218       0x10 c:/st/stm32cubeide_1.7.0/stm32cubeide/plugins/com.st.stm32cube.ide.mcu.externaltools.gnu-tools-for-stm32.10.3-2021.10.win32_1.0.100.202210260954/tools/bin/../lib/gcc/arm-none-eabi/10.3.1/../../../../arm-none-eabi/lib/thumb/v7e-m+fp/hard\libc_nano.a(lib_a-malloc.o)
                0x000000000800b218                free
 .text.memcpy   0x000000000800b228       0x1c c:/st/stm32cubeide_1.7.0/stm32cubeide/plugins/com.st.stm32cube.ide.mcu.externaltools.gnu-tools-for-stm32.10.3-2021.10.win32_1.0.100.202210260954/tools/bin/../lib/gcc/arm-none-eabi/10.3.1/../../../../arm-none-eabi/lib/thumb/v7e-m+fp/hard\libc_nano.a(lib_a-memcpy-stub.o)
                0x000000000800b228                memcpy
 .text.memset   0x000000000800b244       0x10 c:/st/stm32cubeide_1.7.0/stm32cubeide/plugins/com.st.stm32cube.ide.mcu.externaltools.gnu-tools-for-stm32.10.3-2021.10.win32_1.0.100.202210260954/tools/bin/../lib/gcc/arm-none-eabi/10.3.1/../../../../arm-none-eabi/lib/thumb/v7e-m+fp/hard\libc_nano.a(lib_a-memset.o)
                0x000000000800b244                memset
 .text._free_r  0x000000000800b254       0x98 c:/st/stm32cubeide_1.7.0/stm32cubeide/plugins/com.st.stm32cube.ide.mcu.externaltools.gnu-tools-for-stm32.10.3-2021.10.win32_1.0.100.202210260954/tools/bin/../lib/gcc/arm-none-eabi/10.3.1/../../../../arm-none-eabi/lib/thumb/v7e-m+fp/hard\libc_nano.a(lib_a-nano-freer.o)
                0x000000000800b254                _free_r
 .text.sbrk_aligned
                0x000000000800b2ec       0x40 c:/st/stm32cubeide_1.7.0/stm32cubeide/plugins/com.st.stm32cube.ide.mcu.externaltools.gnu-tools-for-stm32.10.3-2021.10.win32_1.0.100.202210260954/tools/bin/../lib/gcc/arm-none-eabi/10.3.1/../../../../arm-none-eabi/lib/thumb/v7e-m+fp/hard\libc_nano.a(lib_a-nano-mallocr.o)
 .text._malloc_r
                0x000000000800b32c       0xe8 c:/st/stm32cubeide_1.7.0/stm32cubeide/plugins/com.st.stm32cube.ide.mcu.externaltools.gnu-tools-for-stm32.10.3-2021.10.win32_1.0.100.202210260954/tools/bin/../lib/gcc/arm-none-eabi/10.3.1/../../../../arm-none-eabi/lib/thumb/v7e-m+fp/hard\libc_nano.a(lib_a-nano-mallocr.o)
                0x000000000800b32c                _malloc_r
 .text._sbrk_r  0x000000000800b414       0x20 c:/st/stm32cubeide_1.7.0/stm32cubeide/plugins/com.st.stm32cube.ide.mcu.externaltools.gnu-tools-for-stm32.10.3-2021.10.win32_1.0.100.202210260954/tools/bin/../lib/gcc/arm-none-eabi/10.3.1/../../../../arm-none-eabi/lib/thumb/v7e-m+fp/hard\libc_nano.a(lib_a-sbrkr.o)
                0x000000000800b414                _sbrk_r
 .text.sprintf  0x000000000800b434       0x40 c:/st/stm32cubeide_1.7.0/stm32cubeide/plugins/com.st.stm32cube.ide.mcu.externaltools.gnu-tools-for-stm32.10.3-2021.10.win32_1.0.100.202210260954/tools/bin/../lib/gcc/arm-none-eabi/10.3.1/../../../../arm-none-eabi/lib/thumb/v7e-m+fp/hard\libc_nano.a(lib_a-sprintf.o)
                0x000000000800b434                siprintf
                0x000000000800b434                sprintf
 .text.__malloc_lock
                0x000000000800b474        0xc c:/st/stm32cubeide_1.7.0/stm32cubeide/plugins/com.st.stm32cube.ide.mcu.externaltools.gnu-tools-for-stm32.10.3-2021.10.win32_1.0.100.202210260954/tools/bin/../lib/gcc/arm-none-eabi/10.3.1/../../../../arm-none-eabi/lib/thumb/v7e-m+fp/hard\libc_nano.a(lib_a-mlock.o)
                0x000000000800b474                __malloc_lock
 .text.__malloc_unlock
                0x000000000800b480        0xc c:/st/stm32cubeide_1.7.0/stm32cubeide/plugins/com.st.stm32cube.ide.mcu.externaltools.gnu-tools-for-stm32.10.3-2021.10.win32_1.0.100.202210260954/tools/bin/../lib/gcc/arm-none-eabi/10.3.1/../../../../arm-none-eabi/lib/thumb/v7e-m+fp/hard\libc_nano.a(lib_a-mlock.o)
                0x000000000800b480                __malloc_unlock
 .text.__ssputs_r
                0x000000000800b48c       0xb6 c:/st/stm32cubeide_1.7.0/stm32cubeide/plugins/com.st.stm32cube.ide.mcu.externaltools.gnu-tools-for-stm32.10.3-2021.10.win32_1.0.100.202210260954/tools/bin/../lib/gcc/arm-none-eabi/10.3.1/../../../../arm-none-eabi/lib/thumb/v7e-m+fp/hard\libc_nano.a(lib_a-nano-svfprintf.o)
                0x000000000800b48c                __ssputs_r
 *fill*         0x000000000800b542        0x2 
 .text._svfprintf_r
                0x000000000800b544      0x200 c:/st/stm32cubeide_1.7.0/stm32cubeide/plugins/com.st.stm32cube.ide.mcu.externaltools.gnu-tools-for-stm32.10.3-2021.10.win32_1.0.100.202210260954/tools/bin/../lib/gcc/arm-none-eabi/10.3.1/../../../../arm-none-eabi/lib/thumb/v7e-m+fp/hard\libc_nano.a(lib_a-nano-svfprintf.o)
                0x000000000800b544                _svfiprintf_r
                0x000000000800b544                _svfprintf_r
 .text._printf_common
                0x000000000800b744       0xda c:/st/stm32cubeide_1.7.0/stm32cubeide/plugins/com.st.stm32cube.ide.mcu.externaltools.gnu-tools-for-stm32.10.3-2021.10.win32_1.0.100.202210260954/tools/bin/../lib/gcc/arm-none-eabi/10.3.1/../../../../arm-none-eabi/lib/thumb/v7e-m+fp/hard\libc_nano.a(lib_a-nano-vfprintf_i.o)
                0x000000000800b744                _printf_common
 *fill*         0x000000000800b81e        0x2 
 .text._printf_i
                0x000000000800b820      0x24c c:/st/stm32cubeide_1.7.0/stm32cubeide/plugins/com.st.stm32cube.ide.mcu.externaltools.gnu-tools-for-stm32.10.3-2021.10.win32_1.0.100.202210260954/tools/bin/../lib/gcc/arm-none-eabi/10.3.1/../../../../arm-none-eabi/lib/thumb/v7e-m+fp/hard\libc_nano.a(lib_a-nano-vfprintf_i.o)
                0x000000000800b820                _printf_i
 .text.__retarget_lock_acquire_recursive
                0x000000000800ba6c        0x2 c:/st/stm32cubeide_1.7.0/stm32cubeide/plugins/com.st.stm32cube.ide.mcu.externaltools.gnu-tools-for-stm32.10.3-2021.10.win32_1.0.100.202210260954/tools/bin/../lib/gcc/arm-none-eabi/10.3.1/../../../../arm-none-eabi/lib/thumb/v7e-m+fp/hard\libc_nano.a(lib_a-lock.o)
                0x000000000800ba6c                __retarget_lock_acquire_recursive
 .text.__retarget_lock_release_recursive
                0x000000000800ba6e        0x2 c:/st/stm32cubeide_1.7.0/stm32cubeide/plugins/com.st.stm32cube.ide.mcu.externaltools.gnu-tools-for-stm32.10.3-2021.10.win32_1.0.100.202210260954/tools/bin/../lib/gcc/arm-none-eabi/10.3.1/../../../../arm-none-eabi/lib/thumb/v7e-m+fp/hard\libc_nano.a(lib_a-lock.o)
                0x000000000800ba6e                __retarget_lock_release_recursive
 .text.memmove  0x000000000800ba70       0x34 c:/st/stm32cubeide_1.7.0/stm32cubeide/plugins/com.st.stm32cube.ide.mcu.externaltools.gnu-tools-for-stm32.10.3-2021.10.win32_1.0.100.202210260954/tools/bin/../lib/gcc/arm-none-eabi/10.3.1/../../../../arm-none-eabi/lib/thumb/v7e-m+fp/hard\libc_nano.a(lib_a-memmove.o)
                0x000000000800ba70                memmove
 .text._realloc_r
                0x000000000800baa4       0x5e c:/st/stm32cubeide_1.7.0/stm32cubeide/plugins/com.st.stm32cube.ide.mcu.externaltools.gnu-tools-for-stm32.10.3-2021.10.win32_1.0.100.202210260954/tools/bin/../lib/gcc/arm-none-eabi/10.3.1/../../../../arm-none-eabi/lib/thumb/v7e-m+fp/hard\libc_nano.a(lib_a-nano-reallocr.o)
                0x000000000800baa4                _realloc_r
 .text._malloc_usable_size_r
                0x000000000800bb02       0x10 c:/st/stm32cubeide_1.7.0/stm32cubeide/plugins/com.st.stm32cube.ide.mcu.externaltools.gnu-tools-for-stm32.10.3-2021.10.win32_1.0.100.202210260954/tools/bin/../lib/gcc/arm-none-eabi/10.3.1/../../../../arm-none-eabi/lib/thumb/v7e-m+fp/hard\libc_nano.a(lib_a-nano-msizer.o)
                0x000000000800bb02                _malloc_usable_size_r
 *(.glue_7)
 .glue_7        0x000000000800bb12        0x0 linker stubs
 *(.glue_7t)
 .glue_7t       0x000000000800bb12        0x0 linker stubs
 *(.eh_frame)
 *fill*         0x000000000800bb12        0x2 
 .eh_frame      0x000000000800bb14        0x0 c:/st/stm32cubeide_1.7.0/stm32cubeide/plugins/com.st.stm32cube.ide.mcu.externaltools.gnu-tools-for-stm32.10.3-2021.10.win32_1.0.100.202210260954/tools/bin/../lib/gcc/arm-none-eabi/10.3.1/thumb/v7e-m+fp/hard/crtbegin.o
 *(.init)
 .init          0x000000000800bb14        0x4 c:/st/stm32cubeide_1.7.0/stm32cubeide/plugins/com.st.stm32cube.ide.mcu.externaltools.gnu-tools-for-stm32.10.3-2021.10.win32_1.0.100.202210260954/tools/bin/../lib/gcc/arm-none-eabi/10.3.1/thumb/v7e-m+fp/hard/crti.o
                0x000000000800bb14                _init
 .init          0x000000000800bb18        0x8 c:/st/stm32cubeide_1.7.0/stm32cubeide/plugins/com.st.stm32cube.ide.mcu.externaltools.gnu-tools-for-stm32.10.3-2021.10.win32_1.0.100.202210260954/tools/bin/../lib/gcc/arm-none-eabi/10.3.1/thumb/v7e-m+fp/hard/crtn.o
 *(.fini)
 .fini          0x000000000800bb20        0x4 c:/st/stm32cubeide_1.7.0/stm32cubeide/plugins/com.st.stm32cube.ide.mcu.externaltools.gnu-tools-for-stm32.10.3-2021.10.win32_1.0.100.202210260954/tools/bin/../lib/gcc/arm-none-eabi/10.3.1/thumb/v7e-m+fp/hard/crti.o
                0x000000000800bb20                _fini
 .fini          0x000000000800bb24        0x8 c:/st/stm32cubeide_1.7.0/stm32cubeide/plugins/com.st.stm32cube.ide.mcu.externaltools.gnu-tools-for-stm32.10.3-2021.10.win32_1.0.100.202210260954/tools/bin/../lib/gcc/arm-none-eabi/10.3.1/thumb/v7e-m+fp/hard/crtn.o
                0x000000000800bb2c                . = ALIGN (0x4)
                0x000000000800bb2c                _etext = .

.vfp11_veneer   0x000000000800bb2c        0x0
 .vfp11_veneer  0x000000000800bb2c        0x0 linker stubs

.v4_bx          0x000000000800bb2c        0x0
 .v4_bx         0x000000000800bb2c        0x0 linker stubs

.iplt           0x000000000800bb2c        0x0
 .iplt          0x000000000800bb2c        0x0 c:/st/stm32cubeide_1.7.0/stm32cubeide/plugins/com.st.stm32cube.ide.mcu.externaltools.gnu-tools-for-stm32.10.3-2021.10.win32_1.0.100.202210260954/tools/bin/../lib/gcc/arm-none-eabi/10.3.1/thumb/v7e-m+fp/hard/crtbegin.o

.rodata         0x000000000800bb2c      0xbb0
                0x000000000800bb2c                . = ALIGN (0x4)
 *(.rodata)
 .rodata        0x000000000800bb2c       0x58 ./Core/Src/main.o
 .rodata        0x000000000800bb84        0x5 ./Middlewares/FreeRTOS/tasks.o
 *fill*         0x000000000800bb89        0x3 
 .rodata        0x000000000800bb8c        0xd ./Middlewares/FreeRTOS/timers.o
 *(.rodata*)
 *fill*         0x000000000800bb99        0x3 
 .rodata.defaultTask_attributes
                0x000000000800bb9c       0x24 ./Core/Src/main.o
                0x000000000800bb9c                defaultTask_attributes
 .rodata.MotorTask_attributes
                0x000000000800bbc0       0x24 ./Core/Src/main.o
                0x000000000800bbc0                MotorTask_attributes
 .rodata.EncoderTask_attributes
                0x000000000800bbe4       0x24 ./Core/Src/main.o
                0x000000000800bbe4                EncoderTask_attributes
 .rodata.GyroTask_attributes
                0x000000000800bc08       0x24 ./Core/Src/main.o
                0x000000000800bc08                GyroTask_attributes
 .rodata.AHBPrescTable
                0x000000000800bc2c       0x10 ./Core/Src/system_stm32f4xx.o
                0x000000000800bc2c                AHBPrescTable
 .rodata.APBPrescTable
                0x000000000800bc3c        0x8 ./Core/Src/system_stm32f4xx.o
                0x000000000800bc3c                APBPrescTable
 .rodata.oled_asc2_1206
                0x000000000800bc44      0x474 ./PeripheralDriver/Src/oled.o
                0x000000000800bc44                oled_asc2_1206
 .rodata.oled_asc2_1608
                0x000000000800c0b8      0x5f0 ./PeripheralDriver/Src/oled.o
                0x000000000800c0b8                oled_asc2_1608
 .rodata._svfprintf_r.str1.1
                0x000000000800c6a8       0x11 c:/st/stm32cubeide_1.7.0/stm32cubeide/plugins/com.st.stm32cube.ide.mcu.externaltools.gnu-tools-for-stm32.10.3-2021.10.win32_1.0.100.202210260954/tools/bin/../lib/gcc/arm-none-eabi/10.3.1/../../../../arm-none-eabi/lib/thumb/v7e-m+fp/hard\libc_nano.a(lib_a-nano-svfprintf.o)
 .rodata._printf_i.str1.1
                0x000000000800c6b9       0x22 c:/st/stm32cubeide_1.7.0/stm32cubeide/plugins/com.st.stm32cube.ide.mcu.externaltools.gnu-tools-for-stm32.10.3-2021.10.win32_1.0.100.202210260954/tools/bin/../lib/gcc/arm-none-eabi/10.3.1/../../../../arm-none-eabi/lib/thumb/v7e-m+fp/hard\libc_nano.a(lib_a-nano-vfprintf_i.o)
                0x000000000800c6dc                . = ALIGN (0x4)
 *fill*         0x000000000800c6db        0x1 

.ARM.extab      0x000000000800c6dc        0x0
                0x000000000800c6dc                . = ALIGN (0x4)
 *(.ARM.extab* .gnu.linkonce.armextab.*)
                0x000000000800c6dc                . = ALIGN (0x4)

.ARM            0x000000000800c6dc        0x8
                0x000000000800c6dc                . = ALIGN (0x4)
                0x000000000800c6dc                __exidx_start = .
 *(.ARM.exidx*)
 .ARM.exidx     0x000000000800c6dc        0x8 c:/st/stm32cubeide_1.7.0/stm32cubeide/plugins/com.st.stm32cube.ide.mcu.externaltools.gnu-tools-for-stm32.10.3-2021.10.win32_1.0.100.202210260954/tools/bin/../lib/gcc/arm-none-eabi/10.3.1/thumb/v7e-m+fp/hard\libgcc.a(_udivmoddi4.o)
                0x000000000800c6e4                __exidx_end = .
                0x000000000800c6e4                . = ALIGN (0x4)

.rel.dyn        0x000000000800c6e4        0x0
 .rel.iplt      0x000000000800c6e4        0x0 c:/st/stm32cubeide_1.7.0/stm32cubeide/plugins/com.st.stm32cube.ide.mcu.externaltools.gnu-tools-for-stm32.10.3-2021.10.win32_1.0.100.202210260954/tools/bin/../lib/gcc/arm-none-eabi/10.3.1/thumb/v7e-m+fp/hard/crtbegin.o

.preinit_array  0x000000000800c6e4        0x0
                0x000000000800c6e4                . = ALIGN (0x4)
                0x000000000800c6e4                PROVIDE (__preinit_array_start = .)
 *(.preinit_array*)
                0x000000000800c6e4                PROVIDE (__preinit_array_end = .)
                0x000000000800c6e4                . = ALIGN (0x4)

.init_array     0x000000000800c6e4        0x4
                0x000000000800c6e4                . = ALIGN (0x4)
                0x000000000800c6e4                PROVIDE (__init_array_start = .)
 *(SORT_BY_NAME(.init_array.*))
 *(.init_array*)
 .init_array    0x000000000800c6e4        0x4 c:/st/stm32cubeide_1.7.0/stm32cubeide/plugins/com.st.stm32cube.ide.mcu.externaltools.gnu-tools-for-stm32.10.3-2021.10.win32_1.0.100.202210260954/tools/bin/../lib/gcc/arm-none-eabi/10.3.1/thumb/v7e-m+fp/hard/crtbegin.o
                0x000000000800c6e8                PROVIDE (__init_array_end = .)
                0x000000000800c6e8                . = ALIGN (0x4)

.fini_array     0x000000000800c6e8        0x4
                0x000000000800c6e8                . = ALIGN (0x4)
                [!provide]                        PROVIDE (__fini_array_start = .)
 *(SORT_BY_NAME(.fini_array.*))
 *(.fini_array*)
 .fini_array    0x000000000800c6e8        0x4 c:/st/stm32cubeide_1.7.0/stm32cubeide/plugins/com.st.stm32cube.ide.mcu.externaltools.gnu-tools-for-stm32.10.3-2021.10.win32_1.0.100.202210260954/tools/bin/../lib/gcc/arm-none-eabi/10.3.1/thumb/v7e-m+fp/hard/crtbegin.o
                [!provide]                        PROVIDE (__fini_array_end = .)
                0x000000000800c6ec                . = ALIGN (0x4)
                0x000000000800c6ec                _sidata = LOADADDR (.data)

.data           0x0000000020000000       0x8c load address 0x000000000800c6ec
                0x0000000020000000                . = ALIGN (0x4)
                0x0000000020000000                _sdata = .
 *(.data)
 *(.data*)
 .data.frontback
                0x0000000020000000        0x1 ./Core/Src/main.o
                0x0000000020000000                frontback
 .data.fb_speed
                0x0000000020000001        0x1 ./Core/Src/main.o
                0x0000000020000001                fb_speed
 .data.leftright
                0x0000000020000002        0x1 ./Core/Src/main.o
                0x0000000020000002                leftright
 .data.lr_speed
                0x0000000020000003        0x1 ./Core/Src/main.o
                0x0000000020000003                lr_speed
 .data.pwmVal_servo
                0x0000000020000004        0x2 ./Core/Src/main.o
                0x0000000020000004                pwmVal_servo
 *fill*         0x0000000020000006        0x2 
 .data.turn_angle_l
                0x0000000020000008        0x4 ./Core/Src/main.o
                0x0000000020000008                turn_angle_l
 .data.turn_angle_r
                0x000000002000000c        0x4 ./Core/Src/main.o
                0x000000002000000c                turn_angle_r
 .data.msg      0x0000000020000010        0x2 ./Core/Src/main.o
                0x0000000020000010                msg
 .data.Distance
                0x0000000020000012        0x1 ./Core/Src/main.o
                0x0000000020000012                Distance
 *fill*         0x0000000020000013        0x1 
 .data.SystemCoreClock
                0x0000000020000014        0x4 ./Core/Src/system_stm32f4xx.o
                0x0000000020000014                SystemCoreClock
 .data.uwTickPrio
                0x0000000020000018        0x4 ./Drivers/STM32F4xx_HAL_Driver/stm32f4xx_hal.o
                0x0000000020000018                uwTickPrio
 .data.uwTickFreq
                0x000000002000001c        0x1 ./Drivers/STM32F4xx_HAL_Driver/stm32f4xx_hal.o
                0x000000002000001c                uwTickFreq
 *fill*         0x000000002000001d        0x3 
 .data.uxCriticalNesting
                0x0000000020000020        0x4 ./Middlewares/FreeRTOS/port.o
 .data.ICMAddr  0x0000000020000024        0x1 ./PeripheralDriver/Src/i2c.o
                0x0000000020000024                ICMAddr
 *fill*         0x0000000020000025        0x3 
 .data._impure_ptr
                0x0000000020000028        0x4 c:/st/stm32cubeide_1.7.0/stm32cubeide/plugins/com.st.stm32cube.ide.mcu.externaltools.gnu-tools-for-stm32.10.3-2021.10.win32_1.0.100.202210260954/tools/bin/../lib/gcc/arm-none-eabi/10.3.1/../../../../arm-none-eabi/lib/thumb/v7e-m+fp/hard\libc_nano.a(lib_a-impure.o)
                0x0000000020000028                _impure_ptr
 .data.impure_data
                0x000000002000002c       0x60 c:/st/stm32cubeide_1.7.0/stm32cubeide/plugins/com.st.stm32cube.ide.mcu.externaltools.gnu-tools-for-stm32.10.3-2021.10.win32_1.0.100.202210260954/tools/bin/../lib/gcc/arm-none-eabi/10.3.1/../../../../arm-none-eabi/lib/thumb/v7e-m+fp/hard\libc_nano.a(lib_a-impure.o)
 *(.RamFunc)
 *(.RamFunc*)
                0x000000002000008c                . = ALIGN (0x4)
                0x000000002000008c                _edata = .
                0x000000000800c778                _siccmram = LOADADDR (.ccmram)

.igot.plt       0x000000002000008c        0x0 load address 0x000000000800c778
 .igot.plt      0x000000002000008c        0x0 c:/st/stm32cubeide_1.7.0/stm32cubeide/plugins/com.st.stm32cube.ide.mcu.externaltools.gnu-tools-for-stm32.10.3-2021.10.win32_1.0.100.202210260954/tools/bin/../lib/gcc/arm-none-eabi/10.3.1/thumb/v7e-m+fp/hard/crtbegin.o

.ccmram         0x0000000010000000        0x0 load address 0x000000000800c778
                0x0000000010000000                . = ALIGN (0x4)
                0x0000000010000000                _sccmram = .
 *(.ccmram)
 *(.ccmram*)
                0x0000000010000000                . = ALIGN (0x4)
                0x0000000010000000                _eccmram = .
                0x0000000010000000                . = ALIGN (0x4)

.bss            0x0000000020000090     0x500c
                0x0000000020000090                _sbss = .
                0x0000000020000090                __bss_start__ = _sbss
 *(.bss)
 .bss           0x0000000020000090       0x1c c:/st/stm32cubeide_1.7.0/stm32cubeide/plugins/com.st.stm32cube.ide.mcu.externaltools.gnu-tools-for-stm32.10.3-2021.10.win32_1.0.100.202210260954/tools/bin/../lib/gcc/arm-none-eabi/10.3.1/thumb/v7e-m+fp/hard/crtbegin.o
 *(.bss*)
 .bss.hi2c1     0x00000000200000ac       0x54 ./Core/Src/main.o
                0x00000000200000ac                hi2c1
 .bss.htim1     0x0000000020000100       0x48 ./Core/Src/main.o
                0x0000000020000100                htim1
 .bss.htim2     0x0000000020000148       0x48 ./Core/Src/main.o
                0x0000000020000148                htim2
 .bss.htim3     0x0000000020000190       0x48 ./Core/Src/main.o
                0x0000000020000190                htim3
 .bss.htim5     0x00000000200001d8       0x48 ./Core/Src/main.o
                0x00000000200001d8                htim5
 .bss.htim8     0x0000000020000220       0x48 ./Core/Src/main.o
                0x0000000020000220                htim8
 .bss.huart3    0x0000000020000268       0x44 ./Core/Src/main.o
                0x0000000020000268                huart3
 .bss.defaultTaskHandle
                0x00000000200002ac        0x4 ./Core/Src/main.o
                0x00000000200002ac                defaultTaskHandle
 .bss.MotorTaskHandle
                0x00000000200002b0        0x4 ./Core/Src/main.o
                0x00000000200002b0                MotorTaskHandle
 .bss.EncoderTaskHandle
                0x00000000200002b4        0x4 ./Core/Src/main.o
                0x00000000200002b4                EncoderTaskHandle
 .bss.GyroTaskHandle
                0x00000000200002b8        0x4 ./Core/Src/main.o
                0x00000000200002b8                GyroTaskHandle
 .bss.aRxBuffer
                0x00000000200002bc       0x32 ./Core/Src/main.o
                0x00000000200002bc                aRxBuffer
 *fill*         0x00000000200002ee        0x2 
 .bss.curAngle  0x00000000200002f0        0x8 ./Core/Src/main.o
                0x00000000200002f0                curAngle
 .bss.encoder_offset
                0x00000000200002f8        0x4 ./Core/Src/main.o
                0x00000000200002f8                encoder_offset
 .bss.encoder_error
                0x00000000200002fc        0x4 ./Core/Src/main.o
                0x00000000200002fc                encoder_error
 .bss.encoder_dist
                0x0000000020000300        0x4 ./Core/Src/main.o
                0x0000000020000300                encoder_dist
 .bss.q         0x0000000020000304        0xc ./Core/Src/main.o
                0x0000000020000304                q
 .bss.IC_Val1   0x0000000020000310        0x4 ./Core/Src/main.o
                0x0000000020000310                IC_Val1
 .bss.IC_Val2   0x0000000020000314        0x4 ./Core/Src/main.o
                0x0000000020000314                IC_Val2
 .bss.Difference
                0x0000000020000318        0x4 ./Core/Src/main.o
                0x0000000020000318                Difference
 .bss.Is_First_Captured
                0x000000002000031c        0x1 ./Core/Src/main.o
                0x000000002000031c                Is_First_Captured
 *fill*         0x000000002000031d        0x3 
 .bss.__sbrk_heap_end
                0x0000000020000320        0x4 ./Core/Src/sysmem.o
 .bss.uwTick    0x0000000020000324        0x4 ./Drivers/STM32F4xx_HAL_Driver/stm32f4xx_hal.o
                0x0000000020000324                uwTick
 .bss.KernelState
                0x0000000020000328        0x4 ./Middlewares/FreeRTOS/cmsis_os2.o
 .bss.Idle_TCB.3
                0x000000002000032c       0x5c ./Middlewares/FreeRTOS/cmsis_os2.o
 .bss.Idle_Stack.2
                0x0000000020000388      0x200 ./Middlewares/FreeRTOS/cmsis_os2.o
 .bss.Timer_TCB.1
                0x0000000020000588       0x5c ./Middlewares/FreeRTOS/cmsis_os2.o
 .bss.Timer_Stack.0
                0x00000000200005e4      0x400 ./Middlewares/FreeRTOS/cmsis_os2.o
 .bss.ucHeap    0x00000000200009e4     0x3c00 ./Middlewares/FreeRTOS/heap_4.o
 .bss.xStart    0x00000000200045e4        0x8 ./Middlewares/FreeRTOS/heap_4.o
 .bss.pxEnd     0x00000000200045ec        0x4 ./Middlewares/FreeRTOS/heap_4.o
 .bss.xFreeBytesRemaining
                0x00000000200045f0        0x4 ./Middlewares/FreeRTOS/heap_4.o
 .bss.xMinimumEverFreeBytesRemaining
                0x00000000200045f4        0x4 ./Middlewares/FreeRTOS/heap_4.o
 .bss.xNumberOfSuccessfulAllocations
                0x00000000200045f8        0x4 ./Middlewares/FreeRTOS/heap_4.o
 .bss.xNumberOfSuccessfulFrees
                0x00000000200045fc        0x4 ./Middlewares/FreeRTOS/heap_4.o
 .bss.xBlockAllocatedBit
                0x0000000020004600        0x4 ./Middlewares/FreeRTOS/heap_4.o
 .bss.ucMaxSysCallPriority
                0x0000000020004604        0x1 ./Middlewares/FreeRTOS/port.o
 *fill*         0x0000000020004605        0x3 
 .bss.ulMaxPRIGROUPValue
                0x0000000020004608        0x4 ./Middlewares/FreeRTOS/port.o
 .bss.xQueueRegistry
                0x000000002000460c       0x40 ./Middlewares/FreeRTOS/queue.o
                0x000000002000460c                xQueueRegistry
 .bss.pxCurrentTCB
                0x000000002000464c        0x4 ./Middlewares/FreeRTOS/tasks.o
                0x000000002000464c                pxCurrentTCB
 .bss.pxReadyTasksLists
                0x0000000020004650      0x460 ./Middlewares/FreeRTOS/tasks.o
 .bss.xDelayedTaskList1
                0x0000000020004ab0       0x14 ./Middlewares/FreeRTOS/tasks.o
 .bss.xDelayedTaskList2
                0x0000000020004ac4       0x14 ./Middlewares/FreeRTOS/tasks.o
 .bss.pxDelayedTaskList
                0x0000000020004ad8        0x4 ./Middlewares/FreeRTOS/tasks.o
 .bss.pxOverflowDelayedTaskList
                0x0000000020004adc        0x4 ./Middlewares/FreeRTOS/tasks.o
 .bss.xPendingReadyList
                0x0000000020004ae0       0x14 ./Middlewares/FreeRTOS/tasks.o
 .bss.xTasksWaitingTermination
                0x0000000020004af4       0x14 ./Middlewares/FreeRTOS/tasks.o
 .bss.uxDeletedTasksWaitingCleanUp
                0x0000000020004b08        0x4 ./Middlewares/FreeRTOS/tasks.o
 .bss.xSuspendedTaskList
                0x0000000020004b0c       0x14 ./Middlewares/FreeRTOS/tasks.o
 .bss.uxCurrentNumberOfTasks
                0x0000000020004b20        0x4 ./Middlewares/FreeRTOS/tasks.o
 .bss.xTickCount
                0x0000000020004b24        0x4 ./Middlewares/FreeRTOS/tasks.o
 .bss.uxTopReadyPriority
                0x0000000020004b28        0x4 ./Middlewares/FreeRTOS/tasks.o
 .bss.xSchedulerRunning
                0x0000000020004b2c        0x4 ./Middlewares/FreeRTOS/tasks.o
 .bss.xPendedTicks
                0x0000000020004b30        0x4 ./Middlewares/FreeRTOS/tasks.o
 .bss.xYieldPending
                0x0000000020004b34        0x4 ./Middlewares/FreeRTOS/tasks.o
 .bss.xNumOfOverflows
                0x0000000020004b38        0x4 ./Middlewares/FreeRTOS/tasks.o
 .bss.uxTaskNumber
                0x0000000020004b3c        0x4 ./Middlewares/FreeRTOS/tasks.o
 .bss.xNextTaskUnblockTime
                0x0000000020004b40        0x4 ./Middlewares/FreeRTOS/tasks.o
 .bss.xIdleTaskHandle
                0x0000000020004b44        0x4 ./Middlewares/FreeRTOS/tasks.o
 .bss.uxSchedulerSuspended
                0x0000000020004b48        0x4 ./Middlewares/FreeRTOS/tasks.o
 .bss.xActiveTimerList1
                0x0000000020004b4c       0x14 ./Middlewares/FreeRTOS/timers.o
 .bss.xActiveTimerList2
                0x0000000020004b60       0x14 ./Middlewares/FreeRTOS/timers.o
 .bss.pxCurrentTimerList
                0x0000000020004b74        0x4 ./Middlewares/FreeRTOS/timers.o
 .bss.pxOverflowTimerList
                0x0000000020004b78        0x4 ./Middlewares/FreeRTOS/timers.o
 .bss.xTimerQueue
                0x0000000020004b7c        0x4 ./Middlewares/FreeRTOS/timers.o
 .bss.xTimerTaskHandle
                0x0000000020004b80        0x4 ./Middlewares/FreeRTOS/timers.o
 .bss.xLastTime.2
                0x0000000020004b84        0x4 ./Middlewares/FreeRTOS/timers.o
 .bss.ucStaticTimerQueueStorage.1
                0x0000000020004b88       0xa0 ./Middlewares/FreeRTOS/timers.o
 .bss.xStaticTimerQueue.0
                0x0000000020004c28       0x50 ./Middlewares/FreeRTOS/timers.o
 .bss.i2cBuffer
                0x0000000020004c78       0x14 ./PeripheralDriver/Src/i2c.o
                0x0000000020004c78                i2cBuffer
 .bss.OLED_GRAM
                0x0000000020004c8c      0x400 ./PeripheralDriver/Src/oled.o
                0x0000000020004c8c                OLED_GRAM
 .bss.__malloc_free_list
                0x000000002000508c        0x4 c:/st/stm32cubeide_1.7.0/stm32cubeide/plugins/com.st.stm32cube.ide.mcu.externaltools.gnu-tools-for-stm32.10.3-2021.10.win32_1.0.100.202210260954/tools/bin/../lib/gcc/arm-none-eabi/10.3.1/../../../../arm-none-eabi/lib/thumb/v7e-m+fp/hard\libc_nano.a(lib_a-nano-mallocr.o)
                0x000000002000508c                __malloc_free_list
 .bss.__malloc_sbrk_start
                0x0000000020005090        0x4 c:/st/stm32cubeide_1.7.0/stm32cubeide/plugins/com.st.stm32cube.ide.mcu.externaltools.gnu-tools-for-stm32.10.3-2021.10.win32_1.0.100.202210260954/tools/bin/../lib/gcc/arm-none-eabi/10.3.1/../../../../arm-none-eabi/lib/thumb/v7e-m+fp/hard\libc_nano.a(lib_a-nano-mallocr.o)
                0x0000000020005090                __malloc_sbrk_start
 .bss.errno     0x0000000020005094        0x4 c:/st/stm32cubeide_1.7.0/stm32cubeide/plugins/com.st.stm32cube.ide.mcu.externaltools.gnu-tools-for-stm32.10.3-2021.10.win32_1.0.100.202210260954/tools/bin/../lib/gcc/arm-none-eabi/10.3.1/../../../../arm-none-eabi/lib/thumb/v7e-m+fp/hard\libc_nano.a(lib_a-reent.o)
                0x0000000020005094                errno
 .bss.__lock___malloc_recursive_mutex
                0x0000000020005098        0x1 c:/st/stm32cubeide_1.7.0/stm32cubeide/plugins/com.st.stm32cube.ide.mcu.externaltools.gnu-tools-for-stm32.10.3-2021.10.win32_1.0.100.202210260954/tools/bin/../lib/gcc/arm-none-eabi/10.3.1/../../../../arm-none-eabi/lib/thumb/v7e-m+fp/hard\libc_nano.a(lib_a-lock.o)
                0x0000000020005098                __lock___malloc_recursive_mutex
 *(COMMON)
                0x000000002000509c                . = ALIGN (0x4)
 *fill*         0x0000000020005099        0x3 
                0x000000002000509c                _ebss = .
                0x000000002000509c                __bss_end__ = _ebss

._user_heap_stack
                0x000000002000509c      0x604
                0x00000000200050a0                . = ALIGN (0x8)
 *fill*         0x000000002000509c        0x4 
                [!provide]                        PROVIDE (end = .)
                0x00000000200050a0                PROVIDE (_end = .)
                0x00000000200052a0                . = (. + _Min_Heap_Size)
 *fill*         0x00000000200050a0      0x200 
                0x00000000200056a0                . = (. + _Min_Stack_Size)
 *fill*         0x00000000200052a0      0x400 
                0x00000000200056a0                . = ALIGN (0x8)

/DISCARD/
 libc.a(*)
 libm.a(*)
 libgcc.a(*)

.ARM.attributes
                0x0000000000000000       0x30
 *(.ARM.attributes)
 .ARM.attributes
                0x0000000000000000       0x1e c:/st/stm32cubeide_1.7.0/stm32cubeide/plugins/com.st.stm32cube.ide.mcu.externaltools.gnu-tools-for-stm32.10.3-2021.10.win32_1.0.100.202210260954/tools/bin/../lib/gcc/arm-none-eabi/10.3.1/thumb/v7e-m+fp/hard/crti.o
 .ARM.attributes
                0x000000000000001e       0x34 c:/st/stm32cubeide_1.7.0/stm32cubeide/plugins/com.st.stm32cube.ide.mcu.externaltools.gnu-tools-for-stm32.10.3-2021.10.win32_1.0.100.202210260954/tools/bin/../lib/gcc/arm-none-eabi/10.3.1/thumb/v7e-m+fp/hard/crtbegin.o
 .ARM.attributes
                0x0000000000000052       0x34 ./Core/Src/main.o
 .ARM.attributes
                0x0000000000000086       0x34 ./Core/Src/stm32f4xx_hal_msp.o
 .ARM.attributes
                0x00000000000000ba       0x34 ./Core/Src/stm32f4xx_it.o
 .ARM.attributes
                0x00000000000000ee       0x34 ./Core/Src/sysmem.o
 .ARM.attributes
                0x0000000000000122       0x34 ./Core/Src/system_stm32f4xx.o
 .ARM.attributes
                0x0000000000000156       0x21 ./Core/Startup/startup_stm32f407vetx.o
 .ARM.attributes
                0x0000000000000177       0x34 ./Drivers/STM32F4xx_HAL_Driver/stm32f4xx_hal.o
 .ARM.attributes
                0x00000000000001ab       0x34 ./Drivers/STM32F4xx_HAL_Driver/stm32f4xx_hal_cortex.o
 .ARM.attributes
                0x00000000000001df       0x34 ./Drivers/STM32F4xx_HAL_Driver/stm32f4xx_hal_dma.o
 .ARM.attributes
                0x0000000000000213       0x34 ./Drivers/STM32F4xx_HAL_Driver/stm32f4xx_hal_gpio.o
 .ARM.attributes
                0x0000000000000247       0x34 ./Drivers/STM32F4xx_HAL_Driver/stm32f4xx_hal_i2c.o
 .ARM.attributes
                0x000000000000027b       0x34 ./Drivers/STM32F4xx_HAL_Driver/stm32f4xx_hal_pwr.o
 .ARM.attributes
                0x00000000000002af       0x34 ./Drivers/STM32F4xx_HAL_Driver/stm32f4xx_hal_rcc.o
 .ARM.attributes
                0x00000000000002e3       0x34 ./Drivers/STM32F4xx_HAL_Driver/stm32f4xx_hal_tim.o
 .ARM.attributes
                0x0000000000000317       0x34 ./Drivers/STM32F4xx_HAL_Driver/stm32f4xx_hal_tim_ex.o
 .ARM.attributes
                0x000000000000034b       0x34 ./Drivers/STM32F4xx_HAL_Driver/stm32f4xx_hal_uart.o
 .ARM.attributes
                0x000000000000037f       0x34 ./Middlewares/FreeRTOS/cmsis_os2.o
 .ARM.attributes
                0x00000000000003b3       0x34 ./Middlewares/FreeRTOS/heap_4.o
 .ARM.attributes
                0x00000000000003e7       0x34 ./Middlewares/FreeRTOS/list.o
 .ARM.attributes
                0x000000000000041b       0x34 ./Middlewares/FreeRTOS/port.o
 .ARM.attributes
                0x000000000000044f       0x34 ./Middlewares/FreeRTOS/queue.o
 .ARM.attributes
                0x0000000000000483       0x34 ./Middlewares/FreeRTOS/tasks.o
 .ARM.attributes
                0x00000000000004b7       0x34 ./Middlewares/FreeRTOS/timers.o
 .ARM.attributes
                0x00000000000004eb       0x34 ./PeripheralDriver/Src/gyro.o
 .ARM.attributes
                0x000000000000051f       0x34 ./PeripheralDriver/Src/i2c.o
 .ARM.attributes
                0x0000000000000553       0x34 ./PeripheralDriver/Src/oled.o
 .ARM.attributes
                0x0000000000000587       0x34 c:/st/stm32cubeide_1.7.0/stm32cubeide/plugins/com.st.stm32cube.ide.mcu.externaltools.gnu-tools-for-stm32.10.3-2021.10.win32_1.0.100.202210260954/tools/bin/../lib/gcc/arm-none-eabi/10.3.1/../../../../arm-none-eabi/lib/thumb/v7e-m+fp/hard\libc_nano.a(lib_a-errno.o)
 .ARM.attributes
                0x00000000000005bb       0x34 c:/st/stm32cubeide_1.7.0/stm32cubeide/plugins/com.st.stm32cube.ide.mcu.externaltools.gnu-tools-for-stm32.10.3-2021.10.win32_1.0.100.202210260954/tools/bin/../lib/gcc/arm-none-eabi/10.3.1/../../../../arm-none-eabi/lib/thumb/v7e-m+fp/hard\libc_nano.a(lib_a-impure.o)
 .ARM.attributes
                0x00000000000005ef       0x34 c:/st/stm32cubeide_1.7.0/stm32cubeide/plugins/com.st.stm32cube.ide.mcu.externaltools.gnu-tools-for-stm32.10.3-2021.10.win32_1.0.100.202210260954/tools/bin/../lib/gcc/arm-none-eabi/10.3.1/../../../../arm-none-eabi/lib/thumb/v7e-m+fp/hard\libc_nano.a(lib_a-init.o)
 .ARM.attributes
                0x0000000000000623       0x34 c:/st/stm32cubeide_1.7.0/stm32cubeide/plugins/com.st.stm32cube.ide.mcu.externaltools.gnu-tools-for-stm32.10.3-2021.10.win32_1.0.100.202210260954/tools/bin/../lib/gcc/arm-none-eabi/10.3.1/../../../../arm-none-eabi/lib/thumb/v7e-m+fp/hard\libc_nano.a(lib_a-malloc.o)
 .ARM.attributes
                0x0000000000000657       0x34 c:/st/stm32cubeide_1.7.0/stm32cubeide/plugins/com.st.stm32cube.ide.mcu.externaltools.gnu-tools-for-stm32.10.3-2021.10.win32_1.0.100.202210260954/tools/bin/../lib/gcc/arm-none-eabi/10.3.1/../../../../arm-none-eabi/lib/thumb/v7e-m+fp/hard\libc_nano.a(lib_a-memcpy-stub.o)
 .ARM.attributes
                0x000000000000068b       0x34 c:/st/stm32cubeide_1.7.0/stm32cubeide/plugins/com.st.stm32cube.ide.mcu.externaltools.gnu-tools-for-stm32.10.3-2021.10.win32_1.0.100.202210260954/tools/bin/../lib/gcc/arm-none-eabi/10.3.1/../../../../arm-none-eabi/lib/thumb/v7e-m+fp/hard\libc_nano.a(lib_a-memset.o)
 .ARM.attributes
                0x00000000000006bf       0x34 c:/st/stm32cubeide_1.7.0/stm32cubeide/plugins/com.st.stm32cube.ide.mcu.externaltools.gnu-tools-for-stm32.10.3-2021.10.win32_1.0.100.202210260954/tools/bin/../lib/gcc/arm-none-eabi/10.3.1/../../../../arm-none-eabi/lib/thumb/v7e-m+fp/hard\libc_nano.a(lib_a-nano-freer.o)
 .ARM.attributes
                0x00000000000006f3       0x34 c:/st/stm32cubeide_1.7.0/stm32cubeide/plugins/com.st.stm32cube.ide.mcu.externaltools.gnu-tools-for-stm32.10.3-2021.10.win32_1.0.100.202210260954/tools/bin/../lib/gcc/arm-none-eabi/10.3.1/../../../../arm-none-eabi/lib/thumb/v7e-m+fp/hard\libc_nano.a(lib_a-nano-mallocr.o)
 .ARM.attributes
                0x0000000000000727       0x34 c:/st/stm32cubeide_1.7.0/stm32cubeide/plugins/com.st.stm32cube.ide.mcu.externaltools.gnu-tools-for-stm32.10.3-2021.10.win32_1.0.100.202210260954/tools/bin/../lib/gcc/arm-none-eabi/10.3.1/../../../../arm-none-eabi/lib/thumb/v7e-m+fp/hard\libc_nano.a(lib_a-sbrkr.o)
 .ARM.attributes
                0x000000000000075b       0x34 c:/st/stm32cubeide_1.7.0/stm32cubeide/plugins/com.st.stm32cube.ide.mcu.externaltools.gnu-tools-for-stm32.10.3-2021.10.win32_1.0.100.202210260954/tools/bin/../lib/gcc/arm-none-eabi/10.3.1/../../../../arm-none-eabi/lib/thumb/v7e-m+fp/hard\libc_nano.a(lib_a-sprintf.o)
 .ARM.attributes
                0x000000000000078f       0x34 c:/st/stm32cubeide_1.7.0/stm32cubeide/plugins/com.st.stm32cube.ide.mcu.externaltools.gnu-tools-for-stm32.10.3-2021.10.win32_1.0.100.202210260954/tools/bin/../lib/gcc/arm-none-eabi/10.3.1/../../../../arm-none-eabi/lib/thumb/v7e-m+fp/hard\libc_nano.a(lib_a-mlock.o)
 .ARM.attributes
                0x00000000000007c3       0x34 c:/st/stm32cubeide_1.7.0/stm32cubeide/plugins/com.st.stm32cube.ide.mcu.externaltools.gnu-tools-for-stm32.10.3-2021.10.win32_1.0.100.202210260954/tools/bin/../lib/gcc/arm-none-eabi/10.3.1/../../../../arm-none-eabi/lib/thumb/v7e-m+fp/hard\libc_nano.a(lib_a-nano-svfprintf.o)
 .ARM.attributes
                0x00000000000007f7       0x34 c:/st/stm32cubeide_1.7.0/stm32cubeide/plugins/com.st.stm32cube.ide.mcu.externaltools.gnu-tools-for-stm32.10.3-2021.10.win32_1.0.100.202210260954/tools/bin/../lib/gcc/arm-none-eabi/10.3.1/../../../../arm-none-eabi/lib/thumb/v7e-m+fp/hard\libc_nano.a(lib_a-nano-vfprintf_i.o)
 .ARM.attributes
                0x000000000000082b       0x34 c:/st/stm32cubeide_1.7.0/stm32cubeide/plugins/com.st.stm32cube.ide.mcu.externaltools.gnu-tools-for-stm32.10.3-2021.10.win32_1.0.100.202210260954/tools/bin/../lib/gcc/arm-none-eabi/10.3.1/../../../../arm-none-eabi/lib/thumb/v7e-m+fp/hard\libc_nano.a(lib_a-reent.o)
 .ARM.attributes
                0x000000000000085f       0x34 c:/st/stm32cubeide_1.7.0/stm32cubeide/plugins/com.st.stm32cube.ide.mcu.externaltools.gnu-tools-for-stm32.10.3-2021.10.win32_1.0.100.202210260954/tools/bin/../lib/gcc/arm-none-eabi/10.3.1/../../../../arm-none-eabi/lib/thumb/v7e-m+fp/hard\libc_nano.a(lib_a-lock.o)
 .ARM.attributes
                0x0000000000000893       0x1c c:/st/stm32cubeide_1.7.0/stm32cubeide/plugins/com.st.stm32cube.ide.mcu.externaltools.gnu-tools-for-stm32.10.3-2021.10.win32_1.0.100.202210260954/tools/bin/../lib/gcc/arm-none-eabi/10.3.1/../../../../arm-none-eabi/lib/thumb/v7e-m+fp/hard\libc_nano.a(lib_a-memchr.o)
 .ARM.attributes
                0x00000000000008af       0x34 c:/st/stm32cubeide_1.7.0/stm32cubeide/plugins/com.st.stm32cube.ide.mcu.externaltools.gnu-tools-for-stm32.10.3-2021.10.win32_1.0.100.202210260954/tools/bin/../lib/gcc/arm-none-eabi/10.3.1/../../../../arm-none-eabi/lib/thumb/v7e-m+fp/hard\libc_nano.a(lib_a-memmove.o)
 .ARM.attributes