18:37:22 **** Incremental Build of configuration Debug for project mdp_hardware ****
make -j16 all 
arm-none-eabi-gcc "../Core/Src/main.c" -mcpu=cortex-m4 -std=gnu11 -g3 -DDEBUG -DUSE_HAL_DRIVER -DSTM32F407xx -c -I../Core/Inc -I"C:/Users/kenne/STM32CubeIDE/MDP/mdp_hardware/PeripheralDriver/Inc" -IC:/Users/kenne/STM32Cube/Repository/STM32Cube_FW_F4_V1.27.1/Drivers/STM32F4xx_HAL_Driver/Inc -IC:/Users/kenne/STM32Cube/Repository/STM32Cube_FW_F4_V1.27.1/Drivers/STM32F4xx_HAL_Driver/Inc/Legacy -IC:/Users/kenne/STM32Cube/Repository/STM32Cube_FW_F4_V1.27.1/Middlewares/Third_Party/FreeRTOS/Source/include -IC:/Users/kenne/STM32Cube/Repository/STM32Cube_FW_F4_V1.27.1/Middlewares/Third_Party/FreeRTOS/Source/CMSIS_RTOS_V2 -IC:/Users/kenne/STM32Cube/Repository/STM32Cube_FW_F4_V1.27.1/Middlewares/Third_Party/FreeRTOS/Source/portable/GCC/ARM_CM4F -IC:/Users/kenne/STM32Cube/Repository/STM32Cube_FW_F4_V1.27.1/Drivers/CMSIS/Device/ST/STM32F4xx/Include -IC:/Users/kenne/STM32Cube/Repository/STM32Cube_FW_F4_V1.27.1/Drivers/CMSIS/Include -O0 -ffunction-sections -fdata-sections -Wall -fstack-usage -MMD -MP -MF"Core/Src/main.d" -MT"Core/Src/main.o" --specs=nano.specs -mfpu=fpv4-sp-d16 -mfloat-abi=hard -mthumb -o "Core/Src/main.o"
../Core/Src/main.c: In function 'motor':
../Core/Src/main.c:843:16: warning: pointer targets in passing argument 1 of 'sprintf' differ in signedness [-Wpointer-sign]
  843 |        sprintf(hello, "Dir %c : %3d\0", frontback, (fb_speed-48));
      |                ^~~~~
      |                |
      |                uint8_t * {aka unsigned char *}
In file included from ../Core/Src/main.c:28:
c:\st\stm32cubeide_1.7.0\stm32cubeide\plugins\com.st.stm32cube.ide.mcu.externaltools.gnu-tools-for-stm32.10.3-2021.10.win32_1.0.100.202210260954\tools\arm-none-eabi\include\stdio.h:244:14: note: expected 'char * restrict' but argument is of type 'uint8_t *' {aka 'unsigned char *'}
  244 | int sprintf (char *__restrict, const char *__restrict, ...)
      |              ^
../Core/Src/main.c:843:36: warning: embedded '\0' in format [-Wformat-contains-nul]
  843 |        sprintf(hello, "Dir %c : %3d\0", frontback, (fb_speed-48));
      |                                    ^~
../Core/Src/main.c: In function 'encoder_task':
../Core/Src/main.c:1194:12: warning: pointer targets in passing argument 1 of 'sprintf' differ in signedness [-Wpointer-sign]
 1194 |    sprintf(msg, "Diff : %3d\0", encoder_error);
      |            ^~~
      |            |
      |            uint8_t * {aka unsigned char *}
In file included from ../Core/Src/main.c:28:
c:\st\stm32cubeide_1.7.0\stm32cubeide\plugins\com.st.stm32cube.ide.mcu.externaltools.gnu-tools-for-stm32.10.3-2021.10.win32_1.0.100.202210260954\tools\arm-none-eabi\include\stdio.h:244:14: note: expected 'char * restrict' but argument is of type 'uint8_t *' {aka 'unsigned char *'}
  244 | int sprintf (char *__restrict, const char *__restrict, ...)
      |              ^
../Core/Src/main.c:1194:28: warning: embedded '\0' in format [-Wformat-contains-nul]
 1194 |    sprintf(msg, "Diff : %3d\0", encoder_error);
      |                            ^~
../Core/Src/main.c:1197:12: warning: pointer targets in passing argument 1 of 'sprintf' differ in signedness [-Wpointer-sign]
 1197 |    sprintf(msg, "Dist : %3d\0", encoder_dist);
      |            ^~~
      |            |
      |            uint8_t * {aka unsigned char *}
In file included from ../Core/Src/main.c:28:
c:\st\stm32cubeide_1.7.0\stm32cubeide\plugins\com.st.stm32cube.ide.mcu.externaltools.gnu-tools-for-stm32.10.3-2021.10.win32_1.0.100.202210260954\tools\arm-none-eabi\include\stdio.h:244:14: note: expected 'char * restrict' but argument is of type 'uint8_t *' {aka 'unsigned char *'}
  244 | int sprintf (char *__restrict, const char *__restrict, ...)
      |              ^
../Core/Src/main.c:1197:27: warning: format '%d' expects argument of type 'int', but argument 3 has type 'uint32_t' {aka 'long unsigned int'} [-Wformat=]
 1197 |    sprintf(msg, "Dist : %3d\0", encoder_dist);
      |                         ~~^     ~~~~~~~~~~~~
      |                           |     |
      |                           int   uint32_t {aka long unsigned int}
      |                         %3ld
../Core/Src/main.c:1197:28: warning: embedded '\0' in format [-Wformat-contains-nul]
 1197 |    sprintf(msg, "Dist : %3d\0", encoder_dist);
      |                            ^~
../Core/Src/main.c: In function 'gyro_task':
../Core/Src/main.c:1242:11: warning: pointer targets in passing argument 1 of 'sprintf' differ in signedness [-Wpointer-sign]
 1242 |   sprintf(msg, "gyro : %3d\0", (int)curAngle);
      |           ^~~
      |           |
      |           uint8_t * {aka unsigned char *}
In file included from ../Core/Src/main.c:28:
c:\st\stm32cubeide_1.7.0\stm32cubeide\plugins\com.st.stm32cube.ide.mcu.externaltools.gnu-tools-for-stm32.10.3-2021.10.win32_1.0.100.202210260954\tools\arm-none-eabi\include\stdio.h:244:14: note: expected 'char * restrict' but argument is of type 'uint8_t *' {aka 'unsigned char *'}
  244 | int sprintf (char *__restrict, const char *__restrict, ...)
      |              ^
../Core/Src/main.c:1242:27: warning: embedded '\0' in format [-Wformat-contains-nul]
 1242 |   sprintf(msg, "gyro : %3d\0", (int)curAngle);
      |                           ^~
../Core/Src/main.c:1231:11: warning: unused variable 'tick' [-Wunused-variable]
 1231 |  uint32_t tick = HAL_GetTick();
      |           ^~~~
../Core/Src/main.c:1242:24: warning: '%3d' directive writing between 3 and 11 bytes into a region of size 1 [-Wformat-overflow=]
 1242 |   sprintf(msg, "gyro : %3d\0", (int)curAngle);
      |                        ^~~
../Core/Src/main.c:1242:3: note: 'sprintf' output between 11 and 19 bytes into a destination of size 8
 1242 |   sprintf(msg, "gyro : %3d\0", (int)curAngle);
      |   ^~~~~~~~~~~~~~~~~~~~~~~~~~~~~~~~~~~~~~~~~~~
arm-none-eabi-gcc -o "mdp_hardware.elf" @"objects.list"   -mcpu=cortex-m4 -T"C:\Users\kenne\STM32CubeIDE\MDP\mdp_hardware\STM32F407VETX_FLASH.ld" --specs=nosys.specs -Wl,-Map="mdp_hardware.map" -Wl,--gc-sections -static --specs=nano.specs -mfpu=fpv4-sp-d16 -mfloat-abi=hard -mthumb -Wl,--start-group -lc -lm -Wl,--end-group
Finished building target: mdp_hardware.elf
 
arm-none-eabi-size   mdp_hardware.elf 
arm-none-eabi-objdump -h -S  mdp_hardware.elf  > "mdp_hardware.list"
arm-none-eabi-objcopy  -O ihex  mdp_hardware.elf  "mdp_hardware.hex"
   text	   data	    bss	    dec	    hex	filename
  45144	    140	  21944	  67228	  1069c	mdp_hardware.elf
Finished building: default.size.stdout
 
Finished building: mdp_hardware.hex
 
Finished building: mdp_hardware.list
 
18:37:29 **** Incremental Build of configuration Debug for project mdp_hardware ****
make -j16 all 
arm-none-eabi-size   mdp_hardware.elf 
   text	   data	    bss	    dec	    hex	filename
  45144	    140	  21944	  67228	  1069c	mdp_hardware.elf
Finished building: default.size.stdout
 
18:38:36 **** Incremental Build of configuration Debug for project mdp_hardware ****
make -j16 all 
arm-none-eabi-gcc "../Core/Src/main.c" -mcpu=cortex-m4 -std=gnu11 -g3 -DDEBUG -DUSE_HAL_DRIVER -DSTM32F407xx -c -I../Core/Inc -I"C:/Users/kenne/STM32CubeIDE/MDP/mdp_hardware/PeripheralDriver/Inc" -IC:/Users/kenne/STM32Cube/Repository/STM32Cube_FW_F4_V1.27.1/Drivers/STM32F4xx_HAL_Driver/Inc -IC:/Users/kenne/STM32Cube/Repository/STM32Cube_FW_F4_V1.27.1/Drivers/STM32F4xx_HAL_Driver/Inc/Legacy -IC:/Users/kenne/STM32Cube/Repository/STM32Cube_FW_F4_V1.27.1/Middlewares/Third_Party/FreeRTOS/Source/include -IC:/Users/kenne/STM32Cube/Repository/STM32Cube_FW_F4_V1.27.1/Middlewares/Third_Party/FreeRTOS/Source/CMSIS_RTOS_V2 -IC:/Users/kenne/STM32Cube/Repository/STM32Cube_FW_F4_V1.27.1/Middlewares/Third_Party/FreeRTOS/Source/portable/GCC/ARM_CM4F -IC:/Users/kenne/STM32Cube/Repository/STM32Cube_FW_F4_V1.27.1/Drivers/CMSIS/Device/ST/STM32F4xx/Include -IC:/Users/kenne/STM32Cube/Repository/STM32Cube_FW_F4_V1.27.1/Drivers/CMSIS/Include -O0 -ffunction-sections -fdata-sections -Wall -fstack-usage -MMD -MP -MF"Core/Src/main.d" -MT"Core/Src/main.o" --specs=nano.specs -mfpu=fpv4-sp-d16 -mfloat-abi=hard -mthumb -o "Core/Src/main.o"
../Core/Src/main.c: In function 'motor':
../Core/Src/main.c:843:16: warning: pointer targets in passing argument 1 of 'sprintf' differ in signedness [-Wpointer-sign]
  843 |        sprintf(hello, "Dir %c : %3d\0", frontback, (fb_speed-48));
      |                ^~~~~
      |                |
      |                uint8_t * {aka unsigned char *}
In file included from ../Core/Src/main.c:28:
c:\st\stm32cubeide_1.7.0\stm32cubeide\plugins\com.st.stm32cube.ide.mcu.externaltools.gnu-tools-for-stm32.10.3-2021.10.win32_1.0.100.202210260954\tools\arm-none-eabi\include\stdio.h:244:14: note: expected 'char * restrict' but argument is of type 'uint8_t *' {aka 'unsigned char *'}
  244 | int sprintf (char *__restrict, const char *__restrict, ...)
      |              ^
../Core/Src/main.c:843:36: warning: embedded '\0' in format [-Wformat-contains-nul]
  843 |        sprintf(hello, "Dir %c : %3d\0", frontback, (fb_speed-48));
      |                                    ^~
../Core/Src/main.c: In function 'encoder_task':
../Core/Src/main.c:1194:12: warning: pointer targets in passing argument 1 of 'sprintf' differ in signedness [-Wpointer-sign]
 1194 |    sprintf(msg, "Diff : %3d\0", encoder_error);
      |            ^~~
      |            |
      |            uint8_t * {aka unsigned char *}
In file included from ../Core/Src/main.c:28:
c:\st\stm32cubeide_1.7.0\stm32cubeide\plugins\com.st.stm32cube.ide.mcu.externaltools.gnu-tools-for-stm32.10.3-2021.10.win32_1.0.100.202210260954\tools\arm-none-eabi\include\stdio.h:244:14: note: expected 'char * restrict' but argument is of type 'uint8_t *' {aka 'unsigned char *'}
  244 | int sprintf (char *__restrict, const char *__restrict, ...)
      |              ^
../Core/Src/main.c:1194:28: warning: embedded '\0' in format [-Wformat-contains-nul]
 1194 |    sprintf(msg, "Diff : %3d\0", encoder_error);
      |                            ^~
../Core/Src/main.c:1197:12: warning: pointer targets in passing argument 1 of 'sprintf' differ in signedness [-Wpointer-sign]
 1197 |    sprintf(msg, "Dist : %3d\0", encoder_dist);
      |            ^~~
      |            |
      |            uint8_t * {aka unsigned char *}
In file included from ../Core/Src/main.c:28:
c:\st\stm32cubeide_1.7.0\stm32cubeide\plugins\com.st.stm32cube.ide.mcu.externaltools.gnu-tools-for-stm32.10.3-2021.10.win32_1.0.100.202210260954\tools\arm-none-eabi\include\stdio.h:244:14: note: expected 'char * restrict' but argument is of type 'uint8_t *' {aka 'unsigned char *'}
  244 | int sprintf (char *__restrict, const char *__restrict, ...)
      |              ^
../Core/Src/main.c:1197:27: warning: format '%d' expects argument of type 'int', but argument 3 has type 'uint32_t' {aka 'long unsigned int'} [-Wformat=]
 1197 |    sprintf(msg, "Dist : %3d\0", encoder_dist);
      |                         ~~^     ~~~~~~~~~~~~
      |                           |     |
      |                           int   uint32_t {aka long unsigned int}
      |                         %3ld
../Core/Src/main.c:1197:28: warning: embedded '\0' in format [-Wformat-contains-nul]
 1197 |    sprintf(msg, "Dist : %3d\0", encoder_dist);
      |                            ^~
../Core/Src/main.c: In function 'gyro_task':
../Core/Src/main.c:1242:11: warning: pointer targets in passing argument 1 of 'sprintf' differ in signedness [-Wpointer-sign]
 1242 |   sprintf(msg, "gyro : %3d\0", (int)curAngle);
      |           ^~~
      |           |
      |           uint8_t * {aka unsigned char *}
In file included from ../Core/Src/main.c:28:
c:\st\stm32cubeide_1.7.0\stm32cubeide\plugins\com.st.stm32cube.ide.mcu.externaltools.gnu-tools-for-stm32.10.3-2021.10.win32_1.0.100.202210260954\tools\arm-none-eabi\include\stdio.h:244:14: note: expected 'char * restrict' but argument is of type 'uint8_t *' {aka 'unsigned char *'}
  244 | int sprintf (char *__restrict, const char *__restrict, ...)
      |              ^
../Core/Src/main.c:1242:27: warning: embedded '\0' in format [-Wformat-contains-nul]
 1242 |   sprintf(msg, "gyro : %3d\0", (int)curAngle);
      |                           ^~
../Core/Src/main.c:1231:11: warning: unused variable 'tick' [-Wunused-variable]
 1231 |  uint32_t tick = HAL_GetTick();
      |           ^~~~
../Core/Src/main.c:1242:24: warning: '%3d' directive writing between 3 and 11 bytes into a region of size 1 [-Wformat-overflow=]
 1242 |   sprintf(msg, "gyro : %3d\0", (int)curAngle);
      |                        ^~~
../Core/Src/main.c:1242:3: note: 'sprintf' output between 11 and 19 bytes into a destination of size 8
 1242 |   sprintf(msg, "gyro : %3d\0", (int)curAngle);
      |   ^~~~~~~~~~~~~~~~~~~~~~~~~~~~~~~~~~~~~~~~~~~
arm-none-eabi-gcc -o "mdp_hardware.elf" @"objects.list"   -mcpu=cortex-m4 -T"C:\Users\kenne\STM32CubeIDE\MDP\mdp_hardware\STM32F407VETX_FLASH.ld" --specs=nosys.specs -Wl,-Map="mdp_hardware.map" -Wl,--gc-sections -static --specs=nano.specs -mfpu=fpv4-sp-d16 -mfloat-abi=hard -mthumb -Wl,--start-group -lc -lm -Wl,--end-group
Finished building target: mdp_hardware.elf
 
arm-none-eabi-size   mdp_hardware.elf 
arm-none-eabi-objdump -h -S  mdp_hardware.elf  > "mdp_hardware.list"
arm-none-eabi-objcopy  -O ihex  mdp_hardware.elf  "mdp_hardware.hex"
   text	   data	    bss	    dec	    hex	filename
  45144	    140	  21944	  67228	  1069c	mdp_hardware.elf
Finished building: default.size.stdout
 
Finished building: mdp_hardware.hex
 
Finished building: mdp_hardware.list
 
18:47:54 **** Incremental Build of configuration Debug for project mdp_hardware ****
make -j16 all 
arm-none-eabi-gcc "../Core/Src/main.c" -mcpu=cortex-m4 -std=gnu11 -g3 -DDEBUG -DUSE_HAL_DRIVER -DSTM32F407xx -c -I../Core/Inc -I"C:/Users/kenne/STM32CubeIDE/MDP/mdp_hardware/PeripheralDriver/Inc" -IC:/Users/kenne/STM32Cube/Repository/STM32Cube_FW_F4_V1.27.1/Drivers/STM32F4xx_HAL_Driver/Inc -IC:/Users/kenne/STM32Cube/Repository/STM32Cube_FW_F4_V1.27.1/Drivers/STM32F4xx_HAL_Driver/Inc/Legacy -IC:/Users/kenne/STM32Cube/Repository/STM32Cube_FW_F4_V1.27.1/Middlewares/Third_Party/FreeRTOS/Source/include -IC:/Users/kenne/STM32Cube/Repository/STM32Cube_FW_F4_V1.27.1/Middlewares/Third_Party/FreeRTOS/Source/CMSIS_RTOS_V2 -IC:/Users/kenne/STM32Cube/Repository/STM32Cube_FW_F4_V1.27.1/Middlewares/Third_Party/FreeRTOS/Source/portable/GCC/ARM_CM4F -IC:/Users/kenne/STM32Cube/Repository/STM32Cube_FW_F4_V1.27.1/Drivers/CMSIS/Device/ST/STM32F4xx/Include -IC:/Users/kenne/STM32Cube/Repository/STM32Cube_FW_F4_V1.27.1/Drivers/CMSIS/Include -O0 -ffunction-sections -fdata-sections -Wall -fstack-usage -MMD -MP -MF"Core/Src/main.d" -MT"Core/Src/main.o" --specs=nano.specs -mfpu=fpv4-sp-d16 -mfloat-abi=hard -mthumb -o "Core/Src/main.o"
../Core/Src/main.c: In function 'motor':
../Core/Src/main.c:848:16: warning: pointer targets in passing argument 1 of 'sprintf' differ in signedness [-Wpointer-sign]
  848 |        sprintf(hello, "Dir %c : %3d\0", frontback, (fb_speed-48));
      |                ^~~~~
      |                |
      |                uint8_t * {aka unsigned char *}
In file included from ../Core/Src/main.c:28:
c:\st\stm32cubeide_1.7.0\stm32cubeide\plugins\com.st.stm32cube.ide.mcu.externaltools.gnu-tools-for-stm32.10.3-2021.10.win32_1.0.100.202210260954\tools\arm-none-eabi\include\stdio.h:244:14: note: expected 'char * restrict' but argument is of type 'uint8_t *' {aka 'unsigned char *'}
  244 | int sprintf (char *__restrict, const char *__restrict, ...)
      |              ^
../Core/Src/main.c:848:36: warning: embedded '\0' in format [-Wformat-contains-nul]
  848 |        sprintf(hello, "Dir %c : %3d\0", frontback, (fb_speed-48));
      |                                    ^~
../Core/Src/main.c: In function 'encoder_task':
../Core/Src/main.c:1209:12: warning: pointer targets in passing argument 1 of 'sprintf' differ in signedness [-Wpointer-sign]
 1209 |    sprintf(msg, "Diff : %3d\0", encoder_error);
      |            ^~~
      |            |
      |            uint8_t * {aka unsigned char *}
In file included from ../Core/Src/main.c:28:
c:\st\stm32cubeide_1.7.0\stm32cubeide\plugins\com.st.stm32cube.ide.mcu.externaltools.gnu-tools-for-stm32.10.3-2021.10.win32_1.0.100.202210260954\tools\arm-none-eabi\include\stdio.h:244:14: note: expected 'char * restrict' but argument is of type 'uint8_t *' {aka 'unsigned char *'}
  244 | int sprintf (char *__restrict, const char *__restrict, ...)
      |              ^
../Core/Src/main.c:1209:28: warning: embedded '\0' in format [-Wformat-contains-nul]
 1209 |    sprintf(msg, "Diff : %3d\0", encoder_error);
      |                            ^~
../Core/Src/main.c:1212:12: warning: pointer targets in passing argument 1 of 'sprintf' differ in signedness [-Wpointer-sign]
 1212 |    sprintf(msg, "Dist : %3d\0", encoder_dist);
      |            ^~~
      |            |
      |            uint8_t * {aka unsigned char *}
In file included from ../Core/Src/main.c:28:
c:\st\stm32cubeide_1.7.0\stm32cubeide\plugins\com.st.stm32cube.ide.mcu.externaltools.gnu-tools-for-stm32.10.3-2021.10.win32_1.0.100.202210260954\tools\arm-none-eabi\include\stdio.h:244:14: note: expected 'char * restrict' but argument is of type 'uint8_t *' {aka 'unsigned char *'}
  244 | int sprintf (char *__restrict, const char *__restrict, ...)
      |              ^
../Core/Src/main.c:1212:27: warning: format '%d' expects argument of type 'int', but argument 3 has type 'uint32_t' {aka 'long unsigned int'} [-Wformat=]
 1212 |    sprintf(msg, "Dist : %3d\0", encoder_dist);
      |                         ~~^     ~~~~~~~~~~~~
      |                           |     |
      |                           int   uint32_t {aka long unsigned int}
      |                         %3ld
../Core/Src/main.c:1212:28: warning: embedded '\0' in format [-Wformat-contains-nul]
 1212 |    sprintf(msg, "Dist : %3d\0", encoder_dist);
      |                            ^~
../Core/Src/main.c: In function 'gyro_task':
../Core/Src/main.c:1257:11: warning: pointer targets in passing argument 1 of 'sprintf' differ in signedness [-Wpointer-sign]
 1257 |   sprintf(msg, "gyro : %3d\0", (int)curAngle);
      |           ^~~
      |           |
      |           uint8_t * {aka unsigned char *}
In file included from ../Core/Src/main.c:28:
c:\st\stm32cubeide_1.7.0\stm32cubeide\plugins\com.st.stm32cube.ide.mcu.externaltools.gnu-tools-for-stm32.10.3-2021.10.win32_1.0.100.202210260954\tools\arm-none-eabi\include\stdio.h:244:14: note: expected 'char * restrict' but argument is of type 'uint8_t *' {aka 'unsigned char *'}
  244 | int sprintf (char *__restrict, const char *__restrict, ...)
      |              ^
../Core/Src/main.c:1257:27: warning: embedded '\0' in format [-Wformat-contains-nul]
 1257 |   sprintf(msg, "gyro : %3d\0", (int)curAngle);
      |                           ^~
../Core/Src/main.c:1246:11: warning: unused variable 'tick' [-Wunused-variable]
 1246 |  uint32_t tick = HAL_GetTick();
      |           ^~~~
../Core/Src/main.c:1257:24: warning: '%3d' directive writing between 3 and 11 bytes into a region of size 1 [-Wformat-overflow=]
 1257 |   sprintf(msg, "gyro : %3d\0", (int)curAngle);
      |                        ^~~
../Core/Src/main.c:1257:3: note: 'sprintf' output between 11 and 19 bytes into a destination of size 8
 1257 |   sprintf(msg, "gyro : %3d\0", (int)curAngle);
      |   ^~~~~~~~~~~~~~~~~~~~~~~~~~~~~~~~~~~~~~~~~~~
arm-none-eabi-gcc -o "mdp_hardware.elf" @"objects.list"   -mcpu=cortex-m4 -T"C:\Users\kenne\STM32CubeIDE\MDP\mdp_hardware\STM32F407VETX_FLASH.ld" --specs=nosys.specs -Wl,-Map="mdp_hardware.map" -Wl,--gc-sections -static --specs=nano.specs -mfpu=fpv4-sp-d16 -mfloat-abi=hard -mthumb -Wl,--start-group -lc -lm -Wl,--end-group
Finished building target: mdp_hardware.elf
 
arm-none-eabi-size   mdp_hardware.elf 
arm-none-eabi-objdump -h -S  mdp_hardware.elf  > "mdp_hardware.list"
arm-none-eabi-objcopy  -O ihex  mdp_hardware.elf  "mdp_hardware.hex"
   text	   data	    bss	    dec	    hex	filename
  45240	    144	  21944	  67328	  10700	mdp_hardware.elf
Finished building: default.size.stdout
 
Finished building: mdp_hardware.hex
 
Finished building: mdp_hardware.list
 
19:03:27 **** Incremental Build of configuration Debug for project mdp_hardware ****
make -j16 all 
arm-none-eabi-gcc "../Core/Src/main.c" -mcpu=cortex-m4 -std=gnu11 -g3 -DDEBUG -DUSE_HAL_DRIVER -DSTM32F407xx -c -I../Core/Inc -I"C:/Users/kenne/STM32CubeIDE/MDP/mdp_hardware/PeripheralDriver/Inc" -IC:/Users/kenne/STM32Cube/Repository/STM32Cube_FW_F4_V1.27.1/Drivers/STM32F4xx_HAL_Driver/Inc -IC:/Users/kenne/STM32Cube/Repository/STM32Cube_FW_F4_V1.27.1/Drivers/STM32F4xx_HAL_Driver/Inc/Legacy -IC:/Users/kenne/STM32Cube/Repository/STM32Cube_FW_F4_V1.27.1/Middlewares/Third_Party/FreeRTOS/Source/include -IC:/Users/kenne/STM32Cube/Repository/STM32Cube_FW_F4_V1.27.1/Middlewares/Third_Party/FreeRTOS/Source/CMSIS_RTOS_V2 -IC:/Users/kenne/STM32Cube/Repository/STM32Cube_FW_F4_V1.27.1/Middlewares/Third_Party/FreeRTOS/Source/portable/GCC/ARM_CM4F -IC:/Users/kenne/STM32Cube/Repository/STM32Cube_FW_F4_V1.27.1/Drivers/CMSIS/Device/ST/STM32F4xx/Include -IC:/Users/kenne/STM32Cube/Repository/STM32Cube_FW_F4_V1.27.1/Drivers/CMSIS/Include -O0 -ffunction-sections -fdata-sections -Wall -fstack-usage -MMD -MP -MF"Core/Src/main.d" -MT"Core/Src/main.o" --specs=nano.specs -mfpu=fpv4-sp-d16 -mfloat-abi=hard -mthumb -o "Core/Src/main.o"
../Core/Src/main.c: In function 'motor':
../Core/Src/main.c:848:16: warning: pointer targets in passing argument 1 of 'sprintf' differ in signedness [-Wpointer-sign]
  848 |        sprintf(hello, "Dir %c : %3d\0", frontback, (fb_speed-48));
      |                ^~~~~
      |                |
      |                uint8_t * {aka unsigned char *}
In file included from ../Core/Src/main.c:28:
c:\st\stm32cubeide_1.7.0\stm32cubeide\plugins\com.st.stm32cube.ide.mcu.externaltools.gnu-tools-for-stm32.10.3-2021.10.win32_1.0.100.202210260954\tools\arm-none-eabi\include\stdio.h:244:14: note: expected 'char * restrict' but argument is of type 'uint8_t *' {aka 'unsigned char *'}
  244 | int sprintf (char *__restrict, const char *__restrict, ...)
      |              ^
../Core/Src/main.c:848:36: warning: embedded '\0' in format [-Wformat-contains-nul]
  848 |        sprintf(hello, "Dir %c : %3d\0", frontback, (fb_speed-48));
      |                                    ^~
../Core/Src/main.c: In function 'encoder_task':
../Core/Src/main.c:1209:12: warning: pointer targets in passing argument 1 of 'sprintf' differ in signedness [-Wpointer-sign]
 1209 |    sprintf(msg, "Diff : %3d\0", encoder_error);
      |            ^~~
      |            |
      |            uint8_t * {aka unsigned char *}
In file included from ../Core/Src/main.c:28:
c:\st\stm32cubeide_1.7.0\stm32cubeide\plugins\com.st.stm32cube.ide.mcu.externaltools.gnu-tools-for-stm32.10.3-2021.10.win32_1.0.100.202210260954\tools\arm-none-eabi\include\stdio.h:244:14: note: expected 'char * restrict' but argument is of type 'uint8_t *' {aka 'unsigned char *'}
  244 | int sprintf (char *__restrict, const char *__restrict, ...)
      |              ^
../Core/Src/main.c:1209:28: warning: embedded '\0' in format [-Wformat-contains-nul]
 1209 |    sprintf(msg, "Diff : %3d\0", encoder_error);
      |                            ^~
../Core/Src/main.c:1212:12: warning: pointer targets in passing argument 1 of 'sprintf' differ in signedness [-Wpointer-sign]
 1212 |    sprintf(msg, "Dist : %3d\0", encoder_dist);
      |            ^~~
      |            |
      |            uint8_t * {aka unsigned char *}
In file included from ../Core/Src/main.c:28:
c:\st\stm32cubeide_1.7.0\stm32cubeide\plugins\com.st.stm32cube.ide.mcu.externaltools.gnu-tools-for-stm32.10.3-2021.10.win32_1.0.100.202210260954\tools\arm-none-eabi\include\stdio.h:244:14: note: expected 'char * restrict' but argument is of type 'uint8_t *' {aka 'unsigned char *'}
  244 | int sprintf (char *__restrict, const char *__restrict, ...)
      |              ^
../Core/Src/main.c:1212:27: warning: format '%d' expects argument of type 'int', but argument 3 has type 'uint32_t' {aka 'long unsigned int'} [-Wformat=]
 1212 |    sprintf(msg, "Dist : %3d\0", encoder_dist);
      |                         ~~^     ~~~~~~~~~~~~
      |                           |     |
      |                           int   uint32_t {aka long unsigned int}
      |                         %3ld
../Core/Src/main.c:1212:28: warning: embedded '\0' in format [-Wformat-contains-nul]
 1212 |    sprintf(msg, "Dist : %3d\0", encoder_dist);
      |                            ^~
../Core/Src/main.c: In function 'gyro_task':
../Core/Src/main.c:1257:11: warning: pointer targets in passing argument 1 of 'sprintf' differ in signedness [-Wpointer-sign]
 1257 |   sprintf(msg, "gyro : %3d\0", (int)curAngle);
      |           ^~~
      |           |
      |           uint8_t * {aka unsigned char *}
In file included from ../Core/Src/main.c:28:
c:\st\stm32cubeide_1.7.0\stm32cubeide\plugins\com.st.stm32cube.ide.mcu.externaltools.gnu-tools-for-stm32.10.3-2021.10.win32_1.0.100.202210260954\tools\arm-none-eabi\include\stdio.h:244:14: note: expected 'char * restrict' but argument is of type 'uint8_t *' {aka 'unsigned char *'}
  244 | int sprintf (char *__restrict, const char *__restrict, ...)
      |              ^
../Core/Src/main.c:1257:27: warning: embedded '\0' in format [-Wformat-contains-nul]
 1257 |   sprintf(msg, "gyro : %3d\0", (int)curAngle);
      |                           ^~
../Core/Src/main.c:1246:11: warning: unused variable 'tick' [-Wunused-variable]
 1246 |  uint32_t tick = HAL_GetTick();
      |           ^~~~
../Core/Src/main.c:1257:24: warning: '%3d' directive writing between 3 and 11 bytes into a region of size 1 [-Wformat-overflow=]
 1257 |   sprintf(msg, "gyro : %3d\0", (int)curAngle);
      |                        ^~~
../Core/Src/main.c:1257:3: note: 'sprintf' output between 11 and 19 bytes into a destination of size 8
 1257 |   sprintf(msg, "gyro : %3d\0", (int)curAngle);
      |   ^~~~~~~~~~~~~~~~~~~~~~~~~~~~~~~~~~~~~~~~~~~
arm-none-eabi-gcc -o "mdp_hardware.elf" @"objects.list"   -mcpu=cortex-m4 -T"C:\Users\kenne\STM32CubeIDE\MDP\mdp_hardware\STM32F407VETX_FLASH.ld" --specs=nosys.specs -Wl,-Map="mdp_hardware.map" -Wl,--gc-sections -static --specs=nano.specs -mfpu=fpv4-sp-d16 -mfloat-abi=hard -mthumb -Wl,--start-group -lc -lm -Wl,--end-group
Finished building target: mdp_hardware.elf
 
arm-none-eabi-size   mdp_hardware.elf 
arm-none-eabi-objdump -h -S  mdp_hardware.elf  > "mdp_hardware.list"
arm-none-eabi-objcopy  -O ihex  mdp_hardware.elf  "mdp_hardware.hex"
   text	   data	    bss	    dec	    hex	filename
  45240	    144	  21944	  67328	  10700	mdp_hardware.elf
Finished building: default.size.stdout
 
Finished building: mdp_hardware.hex
 
Finished building: mdp_hardware.list
 
19:08:01 **** Incremental Build of configuration Debug for project mdp_hardware ****
make -j16 all 
arm-none-eabi-gcc "../Core/Src/main.c" -mcpu=cortex-m4 -std=gnu11 -g3 -DDEBUG -DUSE_HAL_DRIVER -DSTM32F407xx -c -I../Core/Inc -I"C:/Users/kenne/STM32CubeIDE/MDP/mdp_hardware/PeripheralDriver/Inc" -IC:/Users/kenne/STM32Cube/Repository/STM32Cube_FW_F4_V1.27.1/Drivers/STM32F4xx_HAL_Driver/Inc -IC:/Users/kenne/STM32Cube/Repository/STM32Cube_FW_F4_V1.27.1/Drivers/STM32F4xx_HAL_Driver/Inc/Legacy -IC:/Users/kenne/STM32Cube/Repository/STM32Cube_FW_F4_V1.27.1/Middlewares/Third_Party/FreeRTOS/Source/include -IC:/Users/kenne/STM32Cube/Repository/STM32Cube_FW_F4_V1.27.1/Middlewares/Third_Party/FreeRTOS/Source/CMSIS_RTOS_V2 -IC:/Users/kenne/STM32Cube/Repository/STM32Cube_FW_F4_V1.27.1/Middlewares/Third_Party/FreeRTOS/Source/portable/GCC/ARM_CM4F -IC:/Users/kenne/STM32Cube/Repository/STM32Cube_FW_F4_V1.27.1/Drivers/CMSIS/Device/ST/STM32F4xx/Include -IC:/Users/kenne/STM32Cube/Repository/STM32Cube_FW_F4_V1.27.1/Drivers/CMSIS/Include -O0 -ffunction-sections -fdata-sections -Wall -fstack-usage -MMD -MP -MF"Core/Src/main.d" -MT"Core/Src/main.o" --specs=nano.specs -mfpu=fpv4-sp-d16 -mfloat-abi=hard -mthumb -o "Core/Src/main.o"
../Core/Src/main.c: In function 'motor':
../Core/Src/main.c:848:16: warning: pointer targets in passing argument 1 of 'sprintf' differ in signedness [-Wpointer-sign]
  848 |        sprintf(hello, "Dir %c : %3d\0", frontback, (fb_speed-48));
      |                ^~~~~
      |                |
      |                uint8_t * {aka unsigned char *}
In file included from ../Core/Src/main.c:28:
c:\st\stm32cubeide_1.7.0\stm32cubeide\plugins\com.st.stm32cube.ide.mcu.externaltools.gnu-tools-for-stm32.10.3-2021.10.win32_1.0.100.202210260954\tools\arm-none-eabi\include\stdio.h:244:14: note: expected 'char * restrict' but argument is of type 'uint8_t *' {aka 'unsigned char *'}
  244 | int sprintf (char *__restrict, const char *__restrict, ...)
      |              ^
../Core/Src/main.c:848:36: warning: embedded '\0' in format [-Wformat-contains-nul]
  848 |        sprintf(hello, "Dir %c : %3d\0", frontback, (fb_speed-48));
      |                                    ^~
../Core/Src/main.c: In function 'encoder_task':
../Core/Src/main.c:1209:12: warning: pointer targets in passing argument 1 of 'sprintf' differ in signedness [-Wpointer-sign]
 1209 |    sprintf(msg, "Diff : %3d\0", encoder_error);
      |            ^~~
      |            |
      |            uint8_t * {aka unsigned char *}
In file included from ../Core/Src/main.c:28:
c:\st\stm32cubeide_1.7.0\stm32cubeide\plugins\com.st.stm32cube.ide.mcu.externaltools.gnu-tools-for-stm32.10.3-2021.10.win32_1.0.100.202210260954\tools\arm-none-eabi\include\stdio.h:244:14: note: expected 'char * restrict' but argument is of type 'uint8_t *' {aka 'unsigned char *'}
  244 | int sprintf (char *__restrict, const char *__restrict, ...)
      |              ^
../Core/Src/main.c:1209:28: warning: embedded '\0' in format [-Wformat-contains-nul]
 1209 |    sprintf(msg, "Diff : %3d\0", encoder_error);
      |                            ^~
../Core/Src/main.c:1212:12: warning: pointer targets in passing argument 1 of 'sprintf' differ in signedness [-Wpointer-sign]
 1212 |    sprintf(msg, "Dist : %3d\0", encoder_dist);
      |            ^~~
      |            |
      |            uint8_t * {aka unsigned char *}
In file included from ../Core/Src/main.c:28:
c:\st\stm32cubeide_1.7.0\stm32cubeide\plugins\com.st.stm32cube.ide.mcu.externaltools.gnu-tools-for-stm32.10.3-2021.10.win32_1.0.100.202210260954\tools\arm-none-eabi\include\stdio.h:244:14: note: expected 'char * restrict' but argument is of type 'uint8_t *' {aka 'unsigned char *'}
  244 | int sprintf (char *__restrict, const char *__restrict, ...)
      |              ^
../Core/Src/main.c:1212:27: warning: format '%d' expects argument of type 'int', but argument 3 has type 'uint32_t' {aka 'long unsigned int'} [-Wformat=]
 1212 |    sprintf(msg, "Dist : %3d\0", encoder_dist);
      |                         ~~^     ~~~~~~~~~~~~
      |                           |     |
      |                           int   uint32_t {aka long unsigned int}
      |                         %3ld
../Core/Src/main.c:1212:28: warning: embedded '\0' in format [-Wformat-contains-nul]
 1212 |    sprintf(msg, "Dist : %3d\0", encoder_dist);
      |                            ^~
../Core/Src/main.c: In function 'gyro_task':
../Core/Src/main.c:1257:11: warning: pointer targets in passing argument 1 of 'sprintf' differ in signedness [-Wpointer-sign]
 1257 |   sprintf(msg, "gyro : %3d\0", (int)curAngle);
      |           ^~~
      |           |
      |           uint8_t * {aka unsigned char *}
In file included from ../Core/Src/main.c:28:
c:\st\stm32cubeide_1.7.0\stm32cubeide\plugins\com.st.stm32cube.ide.mcu.externaltools.gnu-tools-for-stm32.10.3-2021.10.win32_1.0.100.202210260954\tools\arm-none-eabi\include\stdio.h:244:14: note: expected 'char * restrict' but argument is of type 'uint8_t *' {aka 'unsigned char *'}
  244 | int sprintf (char *__restrict, const char *__restrict, ...)
      |              ^
../Core/Src/main.c:1257:27: warning: embedded '\0' in format [-Wformat-contains-nul]
 1257 |   sprintf(msg, "gyro : %3d\0", (int)curAngle);
      |                           ^~
../Core/Src/main.c:1246:11: warning: unused variable 'tick' [-Wunused-variable]
 1246 |  uint32_t tick = HAL_GetTick();
      |           ^~~~
../Core/Src/main.c:1257:24: warning: '%3d' directive writing between 3 and 11 bytes into a region of size 1 [-Wformat-overflow=]
 1257 |   sprintf(msg, "gyro : %3d\0", (int)curAngle);
      |                        ^~~
../Core/Src/main.c:1257:3: note: 'sprintf' output between 11 and 19 bytes into a destination of size 8
 1257 |   sprintf(msg, "gyro : %3d\0", (int)curAngle);
      |   ^~~~~~~~~~~~~~~~~~~~~~~~~~~~~~~~~~~~~~~~~~~
arm-none-eabi-gcc -o "mdp_hardware.elf" @"objects.list"   -mcpu=cortex-m4 -T"C:\Users\kenne\STM32CubeIDE\MDP\mdp_hardware\STM32F407VETX_FLASH.ld" --specs=nosys.specs -Wl,-Map="mdp_hardware.map" -Wl,--gc-sections -static --specs=nano.specs -mfpu=fpv4-sp-d16 -mfloat-abi=hard -mthumb -Wl,--start-group -lc -lm -Wl,--end-group
Finished building target: mdp_hardware.elf
 
arm-none-eabi-size   mdp_hardware.elf 
arm-none-eabi-objdump -h -S  mdp_hardware.elf  > "mdp_hardware.list"
arm-none-eabi-objcopy  -O ihex  mdp_hardware.elf  "mdp_hardware.hex"
   text	   data	    bss	    dec	    hex	filename
  45240	    144	  21944	  67328	  10700	mdp_hardware.elf
Finished building: default.size.stdout
 
Finished building: mdp_hardware.hex
 
Finished building: mdp_hardware.list
 
