21:57:13 **** Incremental Build of configuration Debug for project mdp_hardware ****
make -j16 all 
arm-none-eabi-gcc "../Core/Src/main.c" -mcpu=cortex-m4 -std=gnu11 -g3 -DDEBUG -DUSE_HAL_DRIVER -DSTM32F407xx -c -I../Core/Inc -I"C:/Users/kenne/STM32CubeIDE/MDP/mdp_hardware/PeripheralDriver/Inc" -IC:/Users/kenne/STM32Cube/Repository/STM32Cube_FW_F4_V1.27.1/Drivers/STM32F4xx_HAL_Driver/Inc -IC:/Users/kenne/STM32Cube/Repository/STM32Cube_FW_F4_V1.27.1/Drivers/STM32F4xx_HAL_Driver/Inc/Legacy -IC:/Users/kenne/STM32Cube/Repository/STM32Cube_FW_F4_V1.27.1/Middlewares/Third_Party/FreeRTOS/Source/include -IC:/Users/kenne/STM32Cube/Repository/STM32Cube_FW_F4_V1.27.1/Middlewares/Third_Party/FreeRTOS/Source/CMSIS_RTOS_V2 -IC:/Users/kenne/STM32Cube/Repository/STM32Cube_FW_F4_V1.27.1/Middlewares/Third_Party/FreeRTOS/Source/portable/GCC/ARM_CM4F -IC:/Users/kenne/STM32Cube/Repository/STM32Cube_FW_F4_V1.27.1/Drivers/CMSIS/Device/ST/STM32F4xx/Include -IC:/Users/kenne/STM32Cube/Repository/STM32Cube_FW_F4_V1.27.1/Drivers/CMSIS/Include -O0 -ffunction-sections -fdata-sections -Wall -fstack-usage -MMD -MP -MF"Core/Src/main.d" -MT"Core/Src/main.o" --specs=nano.specs -mfpu=fpv4-sp-d16 -mfloat-abi=hard -mthumb -o "Core/Src/main.o"
../Core/Src/main.c: In function 'HAL_UART_RxCpltCallback':
../Core/Src/main.c:647:2: warning: implicit declaration of function 'sprintf' [-Wimplicit-function-declaration]
  647 |  sprintf(hello, "Dir %c : %d\0", frontback, fb_speed-48);
      |  ^~~~~~~
../Core/Src/main.c:647:2: warning: incompatible implicit declaration of built-in function 'sprintf'
../Core/Src/main.c:30:1: note: include '<stdio.h>' or provide a declaration of 'sprintf'
   29 | #include "i2c.h"
  +++ |+#include <stdio.h>
   30 | /* USER CODE END Includes */
../Core/Src/main.c:647:10: warning: pointer targets in passing argument 1 of 'sprintf' differ in signedness [-Wpointer-sign]
  647 |  sprintf(hello, "Dir %c : %d\0", frontback, fb_speed-48);
      |          ^~~~~
      |          |
      |          uint8_t * {aka unsigned char *}
../Core/Src/main.c:647:10: note: expected 'char *' but argument is of type 'uint8_t *' {aka 'unsigned char *'}
../Core/Src/main.c:647:29: warning: embedded '\0' in format [-Wformat-contains-nul]
  647 |  sprintf(hello, "Dir %c : %d\0", frontback, fb_speed-48);
      |                             ^~
../Core/Src/main.c:650:10: warning: pointer targets in passing argument 1 of 'sprintf' differ in signedness [-Wpointer-sign]
  650 |  sprintf(hello, "Turn %c : %d\0", leftright, lr_speed-48);
      |          ^~~~~
      |          |
      |          uint8_t * {aka unsigned char *}
../Core/Src/main.c:650:10: note: expected 'char *' but argument is of type 'uint8_t *' {aka 'unsigned char *'}
../Core/Src/main.c:650:30: warning: embedded '\0' in format [-Wformat-contains-nul]
  650 |  sprintf(hello, "Turn %c : %d\0", leftright, lr_speed-48);
      |                              ^~
../Core/Src/main.c: In function 'showoled':
../Core/Src/main.c:815:10: warning: unused variable 'hello' [-Wunused-variable]
  815 |  uint8_t hello[20] = "test\0";
      |          ^~~~~
../Core/Src/main.c: In function 'encoder_task':
../Core/Src/main.c:880:4: warning: incompatible implicit declaration of built-in function 'sprintf'
  880 |    sprintf(msg, "Diff: %3d\0", diffa + diffb);
      |    ^~~~~~~
../Core/Src/main.c:880:4: note: include '<stdio.h>' or provide a declaration of 'sprintf'
../Core/Src/main.c:880:12: warning: pointer targets in passing argument 1 of 'sprintf' differ in signedness [-Wpointer-sign]
  880 |    sprintf(msg, "Diff: %3d\0", diffa + diffb);
      |            ^~~
      |            |
      |            uint8_t * {aka unsigned char *}
../Core/Src/main.c:880:12: note: expected 'char *' but argument is of type 'uint8_t *' {aka 'unsigned char *'}
../Core/Src/main.c:880:27: warning: embedded '\0' in format [-Wformat-contains-nul]
  880 |    sprintf(msg, "Diff: %3d\0", diffa + diffb);
      |                           ^~
../Core/Src/main.c:846:6: warning: unused variable 'cur_dist' [-Wunused-variable]
  846 |  int cur_dist = 0;
      |      ^~~~~~~~
../Core/Src/main.c: In function 'gyro_task':
../Core/Src/main.c:924:4: warning: incompatible implicit declaration of built-in function 'sprintf'
  924 |    sprintf(msg, "gyro : %3d\0", (int) curAngle);
      |    ^~~~~~~
../Core/Src/main.c:924:4: note: include '<stdio.h>' or provide a declaration of 'sprintf'
../Core/Src/main.c:924:12: warning: pointer targets in passing argument 1 of 'sprintf' differ in signedness [-Wpointer-sign]
  924 |    sprintf(msg, "gyro : %3d\0", (int) curAngle);
      |            ^~~
      |            |
      |            uint8_t * {aka unsigned char *}
../Core/Src/main.c:924:12: note: expected 'char *' but argument is of type 'uint8_t *' {aka 'unsigned char *'}
../Core/Src/main.c:924:28: warning: embedded '\0' in format [-Wformat-contains-nul]
  924 |    sprintf(msg, "gyro : %3d\0", (int) curAngle);
      |                            ^~
../Core/Src/main.c:928:7: warning: implicit declaration of function 'abs' [-Wimplicit-function-declaration]
  928 |    if(abs((int) curAngle) > turn_angle){
      |       ^~~
../Core/Src/main.c:924:22: warning: 'gyro : ' directive writing 7 bytes into a region of size 4 [-Wformat-overflow=]
  924 |    sprintf(msg, "gyro : %3d\0", (int) curAngle);
      |                  ~~~~^~~
../Core/Src/main.c:924:4: note: 'sprintf' output between 11 and 19 bytes into a destination of size 4
  924 |    sprintf(msg, "gyro : %3d\0", (int) curAngle);
      |    ^~~~~~~~~~~~~~~~~~~~~~~~~~~~~~~~~~~~~~~~~~~~
arm-none-eabi-gcc -o "mdp_hardware.elf" @"objects.list"   -mcpu=cortex-m4 -T"C:\Users\kenne\STM32CubeIDE\MDP\mdp_hardware\STM32F407VETX_FLASH.ld" --specs=nosys.specs -Wl,-Map="mdp_hardware.map" -Wl,--gc-sections -static --specs=nano.specs -mfpu=fpv4-sp-d16 -mfloat-abi=hard -mthumb -Wl,--start-group -lc -lm -Wl,--end-group
Finished building target: mdp_hardware.elf
 
arm-none-eabi-size   mdp_hardware.elf 
arm-none-eabi-objdump -h -S  mdp_hardware.elf  > "mdp_hardware.list"
arm-none-eabi-objcopy  -O ihex  mdp_hardware.elf  "mdp_hardware.hex"
   text	   data	    bss	    dec	    hex	filename
  42556	    136	  21928	  64620	   fc6c	mdp_hardware.elf
Finished building: default.size.stdout
 
Finished building: mdp_hardware.hex
 
Finished building: mdp_hardware.list
 
21:59:47 **** Incremental Build of configuration Debug for project mdp_hardware ****
make -j16 all 
arm-none-eabi-size   mdp_hardware.elf 
   text	   data	    bss	    dec	    hex	filename
  42556	    136	  21928	  64620	   fc6c	mdp_hardware.elf
Finished building: default.size.stdout
 
22:13:18 **** Incremental Build of configuration Debug for project mdp_hardware ****
make -j16 all 
arm-none-eabi-gcc "../Core/Src/main.c" -mcpu=cortex-m4 -std=gnu11 -g3 -DDEBUG -DUSE_HAL_DRIVER -DSTM32F407xx -c -I../Core/Inc -I"C:/Users/kenne/STM32CubeIDE/MDP/mdp_hardware/PeripheralDriver/Inc" -IC:/Users/kenne/STM32Cube/Repository/STM32Cube_FW_F4_V1.27.1/Drivers/STM32F4xx_HAL_Driver/Inc -IC:/Users/kenne/STM32Cube/Repository/STM32Cube_FW_F4_V1.27.1/Drivers/STM32F4xx_HAL_Driver/Inc/Legacy -IC:/Users/kenne/STM32Cube/Repository/STM32Cube_FW_F4_V1.27.1/Middlewares/Third_Party/FreeRTOS/Source/include -IC:/Users/kenne/STM32Cube/Repository/STM32Cube_FW_F4_V1.27.1/Middlewares/Third_Party/FreeRTOS/Source/CMSIS_RTOS_V2 -IC:/Users/kenne/STM32Cube/Repository/STM32Cube_FW_F4_V1.27.1/Middlewares/Third_Party/FreeRTOS/Source/portable/GCC/ARM_CM4F -IC:/Users/kenne/STM32Cube/Repository/STM32Cube_FW_F4_V1.27.1/Drivers/CMSIS/Device/ST/STM32F4xx/Include -IC:/Users/kenne/STM32Cube/Repository/STM32Cube_FW_F4_V1.27.1/Drivers/CMSIS/Include -O0 -ffunction-sections -fdata-sections -Wall -fstack-usage -MMD -MP -MF"Core/Src/main.d" -MT"Core/Src/main.o" --specs=nano.specs -mfpu=fpv4-sp-d16 -mfloat-abi=hard -mthumb -o "Core/Src/main.o"
../Core/Src/main.c: In function 'HAL_UART_RxCpltCallback':
../Core/Src/main.c:647:2: warning: implicit declaration of function 'sprintf' [-Wimplicit-function-declaration]
  647 |  sprintf(hello, "Dir %c : %d\0", frontback, fb_speed-48);
      |  ^~~~~~~
../Core/Src/main.c:647:2: warning: incompatible implicit declaration of built-in function 'sprintf'
../Core/Src/main.c:30:1: note: include '<stdio.h>' or provide a declaration of 'sprintf'
   29 | #include "i2c.h"
  +++ |+#include <stdio.h>
   30 | /* USER CODE END Includes */
../Core/Src/main.c:647:10: warning: pointer targets in passing argument 1 of 'sprintf' differ in signedness [-Wpointer-sign]
  647 |  sprintf(hello, "Dir %c : %d\0", frontback, fb_speed-48);
      |          ^~~~~
      |          |
      |          uint8_t * {aka unsigned char *}
../Core/Src/main.c:647:10: note: expected 'char *' but argument is of type 'uint8_t *' {aka 'unsigned char *'}
../Core/Src/main.c:647:29: warning: embedded '\0' in format [-Wformat-contains-nul]
  647 |  sprintf(hello, "Dir %c : %d\0", frontback, fb_speed-48);
      |                             ^~
../Core/Src/main.c:650:10: warning: pointer targets in passing argument 1 of 'sprintf' differ in signedness [-Wpointer-sign]
  650 |  sprintf(hello, "Turn %c: %d\0", leftright, lr_speed-48);
      |          ^~~~~
      |          |
      |          uint8_t * {aka unsigned char *}
../Core/Src/main.c:650:10: note: expected 'char *' but argument is of type 'uint8_t *' {aka 'unsigned char *'}
../Core/Src/main.c:650:29: warning: embedded '\0' in format [-Wformat-contains-nul]
  650 |  sprintf(hello, "Turn %c: %d\0", leftright, lr_speed-48);
      |                             ^~
../Core/Src/main.c: In function 'showoled':
../Core/Src/main.c:815:10: warning: unused variable 'hello' [-Wunused-variable]
  815 |  uint8_t hello[20] = "test\0";
      |          ^~~~~
../Core/Src/main.c: In function 'encoder_task':
../Core/Src/main.c:880:4: warning: incompatible implicit declaration of built-in function 'sprintf'
  880 |    sprintf(msg, "Diff : %3d\0", diffa + diffb);
      |    ^~~~~~~
../Core/Src/main.c:880:4: note: include '<stdio.h>' or provide a declaration of 'sprintf'
../Core/Src/main.c:880:12: warning: pointer targets in passing argument 1 of 'sprintf' differ in signedness [-Wpointer-sign]
  880 |    sprintf(msg, "Diff : %3d\0", diffa + diffb);
      |            ^~~
      |            |
      |            uint8_t * {aka unsigned char *}
../Core/Src/main.c:880:12: note: expected 'char *' but argument is of type 'uint8_t *' {aka 'unsigned char *'}
../Core/Src/main.c:880:28: warning: embedded '\0' in format [-Wformat-contains-nul]
  880 |    sprintf(msg, "Diff : %3d\0", diffa + diffb);
      |                            ^~
../Core/Src/main.c:846:6: warning: unused variable 'cur_dist' [-Wunused-variable]
  846 |  int cur_dist = 0;
      |      ^~~~~~~~
../Core/Src/main.c: In function 'gyro_task':
../Core/Src/main.c:923:3: warning: incompatible implicit declaration of built-in function 'sprintf'
  923 |   sprintf(msg, "gyro  : %3d\0", (int) curAngle);
      |   ^~~~~~~
../Core/Src/main.c:923:3: note: include '<stdio.h>' or provide a declaration of 'sprintf'
../Core/Src/main.c:923:11: warning: pointer targets in passing argument 1 of 'sprintf' differ in signedness [-Wpointer-sign]
  923 |   sprintf(msg, "gyro  : %3d\0", (int) curAngle);
      |           ^~~
      |           |
      |           uint8_t * {aka unsigned char *}
../Core/Src/main.c:923:11: note: expected 'char *' but argument is of type 'uint8_t *' {aka 'unsigned char *'}
../Core/Src/main.c:923:28: warning: embedded '\0' in format [-Wformat-contains-nul]
  923 |   sprintf(msg, "gyro  : %3d\0", (int) curAngle);
      |                            ^~
../Core/Src/main.c:913:6: warning: unused variable 'turn_angle' [-Wunused-variable]
  913 |  int turn_angle = 28; // gyro turn threshold
      |      ^~~~~~~~~~
../Core/Src/main.c:923:21: warning: 'gyro  : ' directive writing 8 bytes into a region of size 4 [-Wformat-overflow=]
  923 |   sprintf(msg, "gyro  : %3d\0", (int) curAngle);
      |                 ~~~~^~~~
../Core/Src/main.c:923:3: note: 'sprintf' output between 12 and 20 bytes into a destination of size 4
  923 |   sprintf(msg, "gyro  : %3d\0", (int) curAngle);
      |   ^~~~~~~~~~~~~~~~~~~~~~~~~~~~~~~~~~~~~~~~~~~~~
arm-none-eabi-gcc -o "mdp_hardware.elf" @"objects.list"   -mcpu=cortex-m4 -T"C:\Users\kenne\STM32CubeIDE\MDP\mdp_hardware\STM32F407VETX_FLASH.ld" --specs=nosys.specs -Wl,-Map="mdp_hardware.map" -Wl,--gc-sections -static --specs=nano.specs -mfpu=fpv4-sp-d16 -mfloat-abi=hard -mthumb -Wl,--start-group -lc -lm -Wl,--end-group
Finished building target: mdp_hardware.elf
 
arm-none-eabi-size   mdp_hardware.elf 
arm-none-eabi-objdump -h -S  mdp_hardware.elf  > "mdp_hardware.list"
arm-none-eabi-objcopy  -O ihex  mdp_hardware.elf  "mdp_hardware.hex"
   text	   data	    bss	    dec	    hex	filename
  42480	    136	  21928	  64544	   fc20	mdp_hardware.elf
Finished building: default.size.stdout
 
Finished building: mdp_hardware.hex
 
Finished building: mdp_hardware.list
 
