01:56:52 **** Incremental Build of configuration Debug for project mdp_hardware ****
make -j16 all 
arm-none-eabi-gcc "../Core/Src/main.c" -mcpu=cortex-m4 -std=gnu11 -g3 -DDEBUG -DUSE_HAL_DRIVER -DSTM32F407xx -c -I../Core/Inc -I"C:/Users/kenne/STM32CubeIDE/MDP/mdp_hardware/PeripheralDriver/Inc" -IC:/Users/kenne/STM32Cube/Repository/STM32Cube_FW_F4_V1.27.1/Drivers/STM32F4xx_HAL_Driver/Inc -IC:/Users/kenne/STM32Cube/Repository/STM32Cube_FW_F4_V1.27.1/Drivers/STM32F4xx_HAL_Driver/Inc/Legacy -IC:/Users/kenne/STM32Cube/Repository/STM32Cube_FW_F4_V1.27.1/Middlewares/Third_Party/FreeRTOS/Source/include -IC:/Users/kenne/STM32Cube/Repository/STM32Cube_FW_F4_V1.27.1/Middlewares/Third_Party/FreeRTOS/Source/CMSIS_RTOS_V2 -IC:/Users/kenne/STM32Cube/Repository/STM32Cube_FW_F4_V1.27.1/Middlewares/Third_Party/FreeRTOS/Source/portable/GCC/ARM_CM4F -IC:/Users/kenne/STM32Cube/Repository/STM32Cube_FW_F4_V1.27.1/Drivers/CMSIS/Device/ST/STM32F4xx/Include -IC:/Users/kenne/STM32Cube/Repository/STM32Cube_FW_F4_V1.27.1/Drivers/CMSIS/Include -O0 -ffunction-sections -fdata-sections -Wall -fstack-usage -MMD -MP -MF"Core/Src/main.d" -MT"Core/Src/main.o" --specs=nano.specs -mfpu=fpv4-sp-d16 -mfloat-abi=hard -mthumb -o "Core/Src/main.o"
../Core/Src/main.c: In function 'motor':
../Core/Src/main.c:825:16: warning: pointer targets in passing argument 1 of 'sprintf' differ in signedness [-Wpointer-sign]
  825 |        sprintf(hello, "Dir %c : %3d\0", frontback, (fb_speed-48));
      |                ^~~~~
      |                |
      |                uint8_t * {aka unsigned char *}
In file included from ../Core/Src/main.c:29:
c:\st\stm32cubeide_1.7.0\stm32cubeide\plugins\com.st.stm32cube.ide.mcu.externaltools.gnu-tools-for-stm32.10.3-2021.10.win32_1.0.100.202210260954\tools\arm-none-eabi\include\stdio.h:244:14: note: expected 'char * restrict' but argument is of type 'uint8_t *' {aka 'unsigned char *'}
  244 | int sprintf (char *__restrict, const char *__restrict, ...)
      |              ^
../Core/Src/main.c:825:36: warning: embedded '\0' in format [-Wformat-contains-nul]
  825 |        sprintf(hello, "Dir %c : %3d\0", frontback, (fb_speed-48));
      |                                    ^~
../Core/Src/main.c:802:6: warning: unused variable 'eintegral' [-Wunused-variable]
  802 |  int eintegral = 0; // Integral error
      |      ^~~~~~~~~
../Core/Src/main.c:801:10: warning: unused variable 'ki' [-Wunused-variable]
  801 |  uint8_t ki = 1.3;
      |          ^~
../Core/Src/main.c:800:10: warning: unused variable 'kp' [-Wunused-variable]
  800 |  uint8_t kp = 50;
      |          ^~
../Core/Src/main.c:799:6: warning: unused variable 'current_encoder_error' [-Wunused-variable]
  799 |  int current_encoder_error = 0;
      |      ^~~~~~~~~~~~~~~~~~~~~
../Core/Src/main.c: In function 'encoder_task':
../Core/Src/main.c:1122:12: warning: pointer targets in passing argument 1 of 'sprintf' differ in signedness [-Wpointer-sign]
 1122 |    sprintf(msg, "Diff : %3d\0", encoder_error);
      |            ^~~
      |            |
      |            uint8_t * {aka unsigned char *}
In file included from ../Core/Src/main.c:29:
c:\st\stm32cubeide_1.7.0\stm32cubeide\plugins\com.st.stm32cube.ide.mcu.externaltools.gnu-tools-for-stm32.10.3-2021.10.win32_1.0.100.202210260954\tools\arm-none-eabi\include\stdio.h:244:14: note: expected 'char * restrict' but argument is of type 'uint8_t *' {aka 'unsigned char *'}
  244 | int sprintf (char *__restrict, const char *__restrict, ...)
      |              ^
../Core/Src/main.c:1122:28: warning: embedded '\0' in format [-Wformat-contains-nul]
 1122 |    sprintf(msg, "Diff : %3d\0", encoder_error);
      |                            ^~
../Core/Src/main.c:1125:12: warning: pointer targets in passing argument 1 of 'sprintf' differ in signedness [-Wpointer-sign]
 1125 |    sprintf(msg, "Dist : %3d\0", encoder_dist);
      |            ^~~
      |            |
      |            uint8_t * {aka unsigned char *}
In file included from ../Core/Src/main.c:29:
c:\st\stm32cubeide_1.7.0\stm32cubeide\plugins\com.st.stm32cube.ide.mcu.externaltools.gnu-tools-for-stm32.10.3-2021.10.win32_1.0.100.202210260954\tools\arm-none-eabi\include\stdio.h:244:14: note: expected 'char * restrict' but argument is of type 'uint8_t *' {aka 'unsigned char *'}
  244 | int sprintf (char *__restrict, const char *__restrict, ...)
      |              ^
../Core/Src/main.c:1125:27: warning: format '%d' expects argument of type 'int', but argument 3 has type 'uint32_t' {aka 'long unsigned int'} [-Wformat=]
 1125 |    sprintf(msg, "Dist : %3d\0", encoder_dist);
      |                         ~~^     ~~~~~~~~~~~~
      |                           |     |
      |                           int   uint32_t {aka long unsigned int}
      |                         %3ld
../Core/Src/main.c:1125:28: warning: embedded '\0' in format [-Wformat-contains-nul]
 1125 |    sprintf(msg, "Dist : %3d\0", encoder_dist);
      |                            ^~
../Core/Src/main.c: In function 'gyro_task':
../Core/Src/main.c:1179:11: warning: pointer targets in passing argument 1 of 'sprintf' differ in signedness [-Wpointer-sign]
 1179 |   sprintf(msg, "gyro : %3d\0", (int)curAngle);
      |           ^~~
      |           |
      |           uint8_t * {aka unsigned char *}
In file included from ../Core/Src/main.c:29:
c:\st\stm32cubeide_1.7.0\stm32cubeide\plugins\com.st.stm32cube.ide.mcu.externaltools.gnu-tools-for-stm32.10.3-2021.10.win32_1.0.100.202210260954\tools\arm-none-eabi\include\stdio.h:244:14: note: expected 'char * restrict' but argument is of type 'uint8_t *' {aka 'unsigned char *'}
  244 | int sprintf (char *__restrict, const char *__restrict, ...)
      |              ^
../Core/Src/main.c:1179:27: warning: embedded '\0' in format [-Wformat-contains-nul]
 1179 |   sprintf(msg, "gyro : %3d\0", (int)curAngle);
      |                           ^~
../Core/Src/main.c:1166:10: warning: unused variable 'servo_val' [-Wunused-variable]
 1166 |  uint8_t servo_val = pwmVal_servo;
      |          ^~~~~~~~~
../Core/Src/main.c:1163:10: warning: unused variable 'err' [-Wunused-variable]
 1163 |  int32_t err;   // To total error for Integral
      |          ^~~
../Core/Src/main.c:1161:10: warning: unused variable 'eintegral' [-Wunused-variable]
 1161 |  int16_t eintegral = 0; // Integral error
      |          ^~~~~~~~~
../Core/Src/main.c:1160:10: warning: unused variable 'ki' [-Wunused-variable]
 1160 |  uint8_t ki = 0.8;
      |          ^~
../Core/Src/main.c:1159:10: warning: unused variable 'kp' [-Wunused-variable]
 1159 |  uint8_t kp = 5;
      |          ^~
../Core/Src/main.c:1179:24: warning: '%3d' directive writing between 3 and 11 bytes into a region of size 1 [-Wformat-overflow=]
 1179 |   sprintf(msg, "gyro : %3d\0", (int)curAngle);
      |                        ^~~
../Core/Src/main.c:1179:3: note: 'sprintf' output between 11 and 19 bytes into a destination of size 8
 1179 |   sprintf(msg, "gyro : %3d\0", (int)curAngle);
      |   ^~~~~~~~~~~~~~~~~~~~~~~~~~~~~~~~~~~~~~~~~~~
arm-none-eabi-gcc -o "mdp_hardware.elf" @"objects.list"   -mcpu=cortex-m4 -T"C:\Users\kenne\STM32CubeIDE\MDP\mdp_hardware\STM32F407VETX_FLASH.ld" --specs=nosys.specs -Wl,-Map="mdp_hardware.map" -Wl,--gc-sections -static --specs=nano.specs -mfpu=fpv4-sp-d16 -mfloat-abi=hard -mthumb -Wl,--start-group -lc -lm -Wl,--end-group
Finished building target: mdp_hardware.elf
 
arm-none-eabi-size   mdp_hardware.elf 
arm-none-eabi-objdump -h -S  mdp_hardware.elf  > "mdp_hardware.list"
arm-none-eabi-objcopy  -O ihex  mdp_hardware.elf  "mdp_hardware.hex"
   text	   data	    bss	    dec	    hex	filename
  44136	    140	  21944	  66220	  102ac	mdp_hardware.elf
Finished building: default.size.stdout
 
Finished building: mdp_hardware.hex
 
Finished building: mdp_hardware.list
 

01:56:53 Build Finished. 0 errors, 19 warnings. (took 1s.251ms)

